12-13 00:07:51.492   798   914 D ConnectivityService: registerNetworkAgent NetworkAgentInfo{ ni{[type: WIFI[], state: CONNECTING/CONNECTING, reason: (unspecified), extra: "AVG-QA-RND", roaming: false, failover: false, isAvailable: true]}  network{385}  lp{{InterfaceName: wlan0 LinkAddresses: []  Routes: [] DnsAddresses: [] Domains: null MTU: 0 TcpBufferSizes: 524288,1048576,2097152,262144,524288,1048576}}  nc{[ Transports: WIFI Capabilities: INTERNET&NOT_RESTRICTED&TRUSTED&NOT_VPN LinkUpBandwidth>=1048576Kbps LinkDnBandwidth>=1048576Kbps]}  Score{20}  everValidated{false}  lastValidated{false}  created{false} lingering{false} explicitlySelected{false} acceptUnvalidated{false} everCaptivePortalDetected{false} lastCaptivePortalDetected{false} }
12-13 00:07:51.493   798   916 D ConnectivityService: NetworkAgentInfo [WIFI () - 385] EVENT_NETWORK_INFO_CHANGED, going from null to CONNECTING
12-13 00:07:51.644   798   916 D ConnectivityService: NetworkAgentInfo [WIFI () - 385] EVENT_NETWORK_INFO_CHANGED, going from CONNECTING to CONNECTED
12-13 00:07:51.645   798   916 D ConnectivityService: Adding iface wlan0 to network 385
12-13 00:07:51.749   798   916 E ConnectivityService: Unexpected mtu value: 0, wlan0
12-13 00:07:51.749   798   916 D ConnectivityService: Adding Route [fe80::/64 -> :: wlan0] to network 385
12-13 00:07:51.750   798   916 D ConnectivityService: Adding Route [10.64.44.0/23 -> 0.0.0.0 wlan0] to network 385
12-13 00:07:51.750   798   916 D ConnectivityService: Adding Route [0.0.0.0/0 -> 10.64.44.1 wlan0] to network 385
12-13 00:07:51.751   798   916 D ConnectivityService: Setting Dns servers for network 385 to [/10.64.36.20, /10.64.36.21]
12-13 00:07:51.760   798   916 D ConnectivityService: notifyType IP_CHANGED for NetworkAgentInfo [WIFI () - 385]
12-13 00:07:51.766   798   916 D ConnectivityService: scheduleUnvalidatedPrompt 385
12-13 00:07:51.766   798   916 D ConnectivityService: updateSignalStrengthThresholds: CONNECT, sending [] to NetworkAgentInfo [WIFI () - 385]
12-13 00:07:51.766   798   916 D ConnectivityService: rematch for NetworkAgentInfo [WIFI () - 385]
12-13 00:07:51.766   798   916 D ConnectivityService:    accepting network in place of null
12-13 00:07:51.767   798   916 D ConnectivityService: Switching to new default network: NetworkAgentInfo{ ni{[type: WIFI[], state: CONNECTED/CONNECTED, reason: (unspecified), extra: "AVG-QA-RND", roaming: false, failover: false, isAvailable: true]}  network{385}  lp{{InterfaceName: wlan0 LinkAddresses: [fe80::364d:f7ff:fe3d:e452/64,10.64.44.19/8,]  Routes: [fe80::/64 -> :: wlan0,10.64.44.0/23 -> 0.0.0.0 wlan0,0.0.0.0/0 -> 10.64.44.1 wlan0,] DnsAddresses: [10.64.36.20,10.64.36.21,] Domains: il.avg.com MTU: 0 TcpBufferSizes: 524288,1048576,2097152,262144,524288,1048576}}  nc{[ Transports: WIFI Capabilities: INTERNET&NOT_RESTRICTED&TRUSTED&NOT_VPN LinkUpBandwidth>=1048576Kbps LinkDnBandwidth>=1048576Kbps]}  Score{20}  everValidated{false}  lastValidated{false}  created{true} lingering{false} explicitlySelected{false} acceptUnvalidated{false} everCaptivePortalDetected{false} lastCaptivePortalDetected{false} }
12-13 00:07:51.807   798   916 D CSLegacyTypeTracker: Sending CONNECTED broadcast for type 1 NetworkAgentInfo [WIFI () - 385] isDefaultNetwork=true
12-13 00:07:51.807   798   916 D ConnectivityService: sendStickyBroadcast: action=android.net.conn.CONNECTIVITY_CHANGE
12-13 00:07:51.808   798   916 D ConnectivityService: notifyType PRECHECK for NetworkAgentInfo [WIFI () - 385]
12-13 00:07:51.810   798   916 D ConnectivityService: notifyType CAP_CHANGED for NetworkAgentInfo [WIFI () - 385]
12-13 00:07:52.077   798   916 D ConnectivityService: setProvNotificationVisibleIntent null visible=false networkType=MOBILE extraInfo=null highPriority=false
12-13 00:07:52.078   798   916 D ConnectivityService: NetworkAgentInfo [WIFI () - 385] validation  passed
12-13 00:07:52.078   798   916 D ConnectivityService: notifyType CAP_CHANGED for NetworkAgentInfo [WIFI () - 385]
12-13 00:07:52.079   798   916 D ConnectivityService: sendStickyBroadcast: action=android.net.conn.INET_CONDITION_ACTION
12-13 00:07:52.810   798   916 D ConnectivityService: NetTransition Wakelock (NetworkAgentInfo [WIFI () - 384] cleared because we found a replacement network
12-13 00:07:59.774   798   916 D ConnectivityService: handlePromptUnvalidated 385
12-13 00:25:35.722   798 23064 D WifiService: acquireWifiLockLocked: WifiLock{NlpWifiLock type=2 binder=android.os.BinderProxy@9feefec}
12-13 00:26:05.815   798 23064 D WifiService: releaseWifiLockLocked: WifiLock{NlpWifiLock type=2 binder=android.os.BinderProxy@9feefec}
12-13 00:26:05.827   798 23066 D WifiService: acquireWifiLockLocked: WifiLock{NlpWifiLock type=2 binder=android.os.BinderProxy@c78f0f0}
12-13 00:26:06.638   798  2366 D WifiService: releaseWifiLockLocked: WifiLock{NlpWifiLock type=2 binder=android.os.BinderProxy@c78f0f0}
12-13 00:36:52.427   798   812 I ProcessStatsService: Prepared write state in 1ms
12-13 00:36:52.436   798   812 I ProcessStatsService: Prepared write state in 1ms
12-13 00:36:52.437   798   812 I ProcessStatsService: Prepared write state in 1ms
12-13 00:36:52.438   798   812 I ProcessStatsService: Prepared write state in 1ms
12-13 00:38:01.667   798  1691 D ConnectivityService: reportNetworkConnectivity(385, false) by 10014
12-13 00:38:01.681   798   916 D ConnectivityService: NetworkAgentInfo [WIFI () - 385] validation failed
12-13 00:38:01.681   798   916 D ConnectivityService: notifyType CAP_CHANGED for NetworkAgentInfo [WIFI () - 385]
12-13 00:38:01.683   798   916 D ConnectivityService: sendStickyBroadcast: action=android.net.conn.INET_CONDITION_ACTION
12-13 00:38:01.701   798   916 D ConnectivityService: notifyType CAP_CHANGED for NetworkAgentInfo [WIFI () - 385]
12-13 00:38:01.702   798   916 D ConnectivityService: NetworkAgentInfo [WIFI () - 385] EVENT_NETWORK_INFO_CHANGED, going from CONNECTED to DISCONNECTED
12-13 00:38:01.702   798   916 D ConnectivityService: NetworkAgentInfo [WIFI () - 385] got DISCONNECTED, was satisfying 4
12-13 00:38:01.712   798   916 D ConnectivityService: notifyType LOST for NetworkAgentInfo [WIFI () - 385]
12-13 00:38:01.749   798   916 D CSLegacyTypeTracker: Sending DISCONNECTED broadcast for type 1 NetworkAgentInfo [WIFI () - 385] isDefaultNetwork=true
12-13 00:38:01.749   798   916 D ConnectivityService: sendStickyBroadcast: action=android.net.conn.CONNECTIVITY_CHANGE
12-13 00:38:01.798   798   916 D ConnectivityService: setProvNotificationVisibleIntent null visible=false networkType=MOBILE extraInfo=null highPriority=false
12-13 00:38:03.292   798   914 D ConnectivityService: registerNetworkAgent NetworkAgentInfo{ ni{[type: WIFI[], state: CONNECTING/CONNECTING, reason: (unspecified), extra: "AVG-QA-RND", roaming: false, failover: false, isAvailable: true]}  network{386}  lp{{InterfaceName: wlan0 LinkAddresses: []  Routes: [] DnsAddresses: [] Domains: null MTU: 0 TcpBufferSizes: 524288,1048576,2097152,262144,524288,1048576}}  nc{[ Transports: WIFI Capabilities: INTERNET&NOT_RESTRICTED&TRUSTED&NOT_VPN LinkUpBandwidth>=1048576Kbps LinkDnBandwidth>=1048576Kbps]}  Score{20}  everValidated{false}  lastValidated{false}  created{false} lingering{false} explicitlySelected{false} acceptUnvalidated{false} everCaptivePortalDetected{false} lastCaptivePortalDetected{false} }
12-13 00:38:03.292   798   916 D ConnectivityService: NetworkAgentInfo [WIFI () - 386] EVENT_NETWORK_INFO_CHANGED, going from null to CONNECTING
12-13 00:38:03.477   798   916 D ConnectivityService: NetworkAgentInfo [WIFI () - 386] EVENT_NETWORK_INFO_CHANGED, going from CONNECTING to CONNECTED
12-13 00:38:03.477   798   916 D ConnectivityService: Adding iface wlan0 to network 386
12-13 00:38:03.509   798   916 E ConnectivityService: Unexpected mtu value: 0, wlan0
12-13 00:38:03.509   798   916 D ConnectivityService: Adding Route [fe80::/64 -> :: wlan0] to network 386
12-13 00:38:03.510   798   916 D ConnectivityService: Adding Route [10.64.44.0/23 -> 0.0.0.0 wlan0] to network 386
12-13 00:38:03.510   798   916 D ConnectivityService: Adding Route [0.0.0.0/0 -> 10.64.44.1 wlan0] to network 386
12-13 00:38:03.511   798   916 D ConnectivityService: Setting Dns servers for network 386 to [/10.64.36.20, /10.64.36.21]
12-13 00:38:03.519   798   916 D ConnectivityService: notifyType IP_CHANGED for NetworkAgentInfo [WIFI () - 386]
12-13 00:38:03.526   798   916 D ConnectivityService: scheduleUnvalidatedPrompt 386
12-13 00:38:03.526   798   916 D ConnectivityService: updateSignalStrengthThresholds: CONNECT, sending [] to NetworkAgentInfo [WIFI () - 386]
12-13 00:38:03.526   798   916 D ConnectivityService: rematch for NetworkAgentInfo [WIFI () - 386]
12-13 00:38:03.526   798   916 D ConnectivityService:    accepting network in place of null
12-13 00:38:03.527   798   916 D ConnectivityService: Switching to new default network: NetworkAgentInfo{ ni{[type: WIFI[], state: CONNECTED/CONNECTED, reason: (unspecified), extra: "AVG-QA-RND", roaming: false, failover: false, isAvailable: true]}  network{386}  lp{{InterfaceName: wlan0 LinkAddresses: [fe80::364d:f7ff:fe3d:e452/64,10.64.44.19/23,]  Routes: [fe80::/64 -> :: wlan0,10.64.44.0/23 -> 0.0.0.0 wlan0,0.0.0.0/0 -> 10.64.44.1 wlan0,] DnsAddresses: [10.64.36.20,10.64.36.21,] Domains: il.avg.com MTU: 0 TcpBufferSizes: 524288,1048576,2097152,262144,524288,1048576}}  nc{[ Transports: WIFI Capabilities: INTERNET&NOT_RESTRICTED&TRUSTED&NOT_VPN LinkUpBandwidth>=1048576Kbps LinkDnBandwidth>=1048576Kbps]}  Score{20}  everValidated{false}  lastValidated{false}  created{true} lingering{false} explicitlySelected{false} acceptUnvalidated{false} everCaptivePortalDetected{false} lastCaptivePortalDetected{false} }
12-13 00:38:03.574   798   916 D CSLegacyTypeTracker: Sending CONNECTED broadcast for type 1 NetworkAgentInfo [WIFI () - 386] isDefaultNetwork=true
12-13 00:38:03.574   798   916 D ConnectivityService: sendStickyBroadcast: action=android.net.conn.CONNECTIVITY_CHANGE
12-13 00:38:03.575   798   916 D ConnectivityService: notifyType PRECHECK for NetworkAgentInfo [WIFI () - 386]
12-13 00:38:03.580   798   916 D ConnectivityService: notifyType CAP_CHANGED for NetworkAgentInfo [WIFI () - 386]
12-13 00:38:03.709   798   916 D ConnectivityService: setProvNotificationVisibleIntent null visible=false networkType=MOBILE extraInfo=null highPriority=false
12-13 00:38:03.709   798   916 D ConnectivityService: NetworkAgentInfo [WIFI () - 386] validation  passed
12-13 00:38:03.709   798   916 D ConnectivityService: notifyType CAP_CHANGED for NetworkAgentInfo [WIFI () - 386]
12-13 00:38:03.710   798   916 D ConnectivityService: sendStickyBroadcast: action=android.net.conn.INET_CONDITION_ACTION
12-13 00:38:04.577   798   916 D ConnectivityService: NetTransition Wakelock (NetworkAgentInfo [WIFI () - 385] cleared because we found a replacement network
12-13 00:38:11.533   798   916 D ConnectivityService: handlePromptUnvalidated 386
12-13 00:45:35.872   798   811 I UsageStatsService: User[0] Flushing usage stats to disk
12-13 00:58:06.035   798  1018 D ConnectivityService: reportNetworkConnectivity(386, false) by 10014
12-13 00:58:06.048   798   916 D ConnectivityService: NetworkAgentInfo [WIFI () - 386] validation failed
12-13 00:58:06.048   798   916 D ConnectivityService: notifyType CAP_CHANGED for NetworkAgentInfo [WIFI () - 386]
12-13 00:58:06.049   798   916 D ConnectivityService: sendStickyBroadcast: action=android.net.conn.INET_CONDITION_ACTION
12-13 00:58:06.074   798   916 D ConnectivityService: notifyType CAP_CHANGED for NetworkAgentInfo [WIFI () - 386]
12-13 00:58:06.074   798   916 D ConnectivityService: NetworkAgentInfo [WIFI () - 386] EVENT_NETWORK_INFO_CHANGED, going from CONNECTED to DISCONNECTED
12-13 00:58:06.075   798   916 D ConnectivityService: NetworkAgentInfo [WIFI () - 386] got DISCONNECTED, was satisfying 4
12-13 00:58:06.088   798   916 D ConnectivityService: notifyType LOST for NetworkAgentInfo [WIFI () - 386]
12-13 00:58:06.131   798   916 D CSLegacyTypeTracker: Sending DISCONNECTED broadcast for type 1 NetworkAgentInfo [WIFI () - 386] isDefaultNetwork=true
12-13 00:58:06.131   798   916 D ConnectivityService: sendStickyBroadcast: action=android.net.conn.CONNECTIVITY_CHANGE
12-13 00:58:06.188   798   916 D ConnectivityService: setProvNotificationVisibleIntent null visible=false networkType=MOBILE extraInfo=null highPriority=false
12-13 00:58:07.624   798   914 D ConnectivityService: registerNetworkAgent NetworkAgentInfo{ ni{[type: WIFI[], state: CONNECTING/CONNECTING, reason: (unspecified), extra: "AVG-QA-RND", roaming: false, failover: false, isAvailable: true]}  network{387}  lp{{InterfaceName: wlan0 LinkAddresses: []  Routes: [] DnsAddresses: [] Domains: null MTU: 0 TcpBufferSizes: 524288,1048576,2097152,262144,524288,1048576}}  nc{[ Transports: WIFI Capabilities: INTERNET&NOT_RESTRICTED&TRUSTED&NOT_VPN LinkUpBandwidth>=1048576Kbps LinkDnBandwidth>=1048576Kbps]}  Score{20}  everValidated{false}  lastValidated{false}  created{false} lingering{false} explicitlySelected{false} acceptUnvalidated{false} everCaptivePortalDetected{false} lastCaptivePortalDetected{false} }
12-13 00:58:07.624   798   916 D ConnectivityService: NetworkAgentInfo [WIFI () - 387] EVENT_NETWORK_INFO_CHANGED, going from null to CONNECTING
12-13 00:58:07.836   798   916 D ConnectivityService: NetworkAgentInfo [WIFI () - 387] EVENT_NETWORK_INFO_CHANGED, going from CONNECTING to CONNECTED
12-13 00:58:07.837   798   916 D ConnectivityService: Adding iface wlan0 to network 387
12-13 00:58:07.871   798   916 E ConnectivityService: Unexpected mtu value: 0, wlan0
12-13 00:58:07.871   798   916 D ConnectivityService: Adding Route [fe80::/64 -> :: wlan0] to network 387
12-13 00:58:07.872   798   916 D ConnectivityService: Adding Route [10.64.44.0/23 -> 0.0.0.0 wlan0] to network 387
12-13 00:58:07.873   798   916 D ConnectivityService: Adding Route [0.0.0.0/0 -> 10.64.44.1 wlan0] to network 387
12-13 00:58:07.874   798   916 D ConnectivityService: Setting Dns servers for network 387 to [/10.64.36.20, /10.64.36.21]
12-13 00:58:07.886   798   916 D ConnectivityService: notifyType IP_CHANGED for NetworkAgentInfo [WIFI () - 387]
12-13 00:58:07.898   798   916 D ConnectivityService: scheduleUnvalidatedPrompt 387
12-13 00:58:07.898   798   916 D ConnectivityService: updateSignalStrengthThresholds: CONNECT, sending [] to NetworkAgentInfo [WIFI () - 387]
12-13 00:58:07.898   798   916 D ConnectivityService: rematch for NetworkAgentInfo [WIFI () - 387]
12-13 00:58:07.898   798   916 D ConnectivityService:    accepting network in place of null
12-13 00:58:07.900   798   916 D ConnectivityService: Switching to new default network: NetworkAgentInfo{ ni{[type: WIFI[], state: CONNECTED/CONNECTED, reason: (unspecified), extra: "AVG-QA-RND", roaming: false, failover: false, isAvailable: true]}  network{387}  lp{{InterfaceName: wlan0 LinkAddresses: [fe80::364d:f7ff:fe3d:e452/64,10.64.44.19/23,]  Routes: [fe80::/64 -> :: wlan0,10.64.44.0/23 -> 0.0.0.0 wlan0,0.0.0.0/0 -> 10.64.44.1 wlan0,] DnsAddresses: [10.64.36.20,10.64.36.21,] Domains: il.avg.com MTU: 0 TcpBufferSizes: 524288,1048576,2097152,262144,524288,1048576}}  nc{[ Transports: WIFI Capabilities: INTERNET&NOT_RESTRICTED&TRUSTED&NOT_VPN LinkUpBandwidth>=1048576Kbps LinkDnBandwidth>=1048576Kbps]}  Score{20}  everValidated{false}  lastValidated{false}  created{true} lingering{false} explicitlySelected{false} acceptUnvalidated{false} everCaptivePortalDetected{false} lastCaptivePortalDetected{false} }
12-13 00:58:07.940   798   916 D CSLegacyTypeTracker: Sending CONNECTED broadcast for type 1 NetworkAgentInfo [WIFI () - 387] isDefaultNetwork=true
12-13 00:58:07.940   798   916 D ConnectivityService: sendStickyBroadcast: action=android.net.conn.CONNECTIVITY_CHANGE
12-13 00:58:07.940   798   916 D ConnectivityService: notifyType PRECHECK for NetworkAgentInfo [WIFI () - 387]
12-13 00:58:07.941   798   916 D ConnectivityService: notifyType CAP_CHANGED for NetworkAgentInfo [WIFI () - 387]
12-13 00:58:08.117   798   916 D ConnectivityService: setProvNotificationVisibleIntent null visible=false networkType=MOBILE extraInfo=null highPriority=false
12-13 00:58:08.118   798   916 D ConnectivityService: NetworkAgentInfo [WIFI () - 387] validation  passed
12-13 00:58:08.118   798   916 D ConnectivityService: notifyType CAP_CHANGED for NetworkAgentInfo [WIFI () - 387]
12-13 00:58:08.127   798   916 D ConnectivityService: sendStickyBroadcast: action=android.net.conn.INET_CONDITION_ACTION
12-13 00:58:08.943   798   916 D ConnectivityService: NetTransition Wakelock (NetworkAgentInfo [WIFI () - 386] cleared because we found a replacement network
12-13 00:58:15.906   798   916 D ConnectivityService: handlePromptUnvalidated 387
12-13 01:21:00.466   798   812 I ProcessStatsService: Prepared write state in 1ms
12-13 01:21:00.467   798   812 I ProcessStatsService: Prepared write state in 1ms
12-13 01:51:00.814   798   812 I ProcessStatsService: Prepared write state in 9ms
12-13 01:56:34.611   798  1018 D ConnectivityService: reportNetworkConnectivity(387, false) by 10014
12-13 01:56:34.618   798   916 D ConnectivityService: NetworkAgentInfo [WIFI () - 387] validation failed
12-13 01:56:34.618   798   916 D ConnectivityService: notifyType CAP_CHANGED for NetworkAgentInfo [WIFI () - 387]
12-13 01:56:34.619   798   916 D ConnectivityService: sendStickyBroadcast: action=android.net.conn.INET_CONDITION_ACTION
12-13 01:56:34.640   798   916 D ConnectivityService: notifyType CAP_CHANGED for NetworkAgentInfo [WIFI () - 387]
12-13 01:56:34.654   798   916 D ConnectivityService: NetworkAgentInfo [WIFI () - 387] EVENT_NETWORK_INFO_CHANGED, going from CONNECTED to DISCONNECTED
12-13 01:56:34.654   798   916 D ConnectivityService: NetworkAgentInfo [WIFI () - 387] got DISCONNECTED, was satisfying 4
12-13 01:56:34.665   798   916 D ConnectivityService: notifyType LOST for NetworkAgentInfo [WIFI () - 387]
12-13 01:56:34.701   798   916 D CSLegacyTypeTracker: Sending DISCONNECTED broadcast for type 1 NetworkAgentInfo [WIFI () - 387] isDefaultNetwork=true
12-13 01:56:34.701   798   916 D ConnectivityService: sendStickyBroadcast: action=android.net.conn.CONNECTIVITY_CHANGE
12-13 01:56:34.751   798   916 D ConnectivityService: setProvNotificationVisibleIntent null visible=false networkType=MOBILE extraInfo=null highPriority=false
12-13 01:56:36.131   798   914 D ConnectivityService: registerNetworkAgent NetworkAgentInfo{ ni{[type: WIFI[], state: CONNECTING/CONNECTING, reason: (unspecified), extra: "AVG-QA-RND", roaming: false, failover: false, isAvailable: true]}  network{388}  lp{{InterfaceName: wlan0 LinkAddresses: []  Routes: [] DnsAddresses: [] Domains: null MTU: 0 TcpBufferSizes: 524288,1048576,2097152,262144,524288,1048576}}  nc{[ Transports: WIFI Capabilities: INTERNET&NOT_RESTRICTED&TRUSTED&NOT_VPN LinkUpBandwidth>=1048576Kbps LinkDnBandwidth>=1048576Kbps]}  Score{20}  everValidated{false}  lastValidated{false}  created{false} lingering{false} explicitlySelected{false} acceptUnvalidated{false} everCaptivePortalDetected{false} lastCaptivePortalDetected{false} }
12-13 01:56:36.131   798   916 D ConnectivityService: NetworkAgentInfo [WIFI () - 388] EVENT_NETWORK_INFO_CHANGED, going from null to CONNECTING
12-13 01:56:36.283   798   916 D ConnectivityService: NetworkAgentInfo [WIFI () - 388] EVENT_NETWORK_INFO_CHANGED, going from CONNECTING to CONNECTED
12-13 01:56:36.283   798   916 D ConnectivityService: Adding iface wlan0 to network 388
12-13 01:56:36.387   798   916 E ConnectivityService: Unexpected mtu value: 0, wlan0
12-13 01:56:36.387   798   916 D ConnectivityService: Adding Route [fe80::/64 -> :: wlan0] to network 388
12-13 01:56:36.397   798   916 D ConnectivityService: Adding Route [10.64.44.0/23 -> 0.0.0.0 wlan0] to network 388
12-13 01:56:36.398   798   916 D ConnectivityService: Adding Route [0.0.0.0/0 -> 10.64.44.1 wlan0] to network 388
12-13 01:56:36.399   798   916 D ConnectivityService: Setting Dns servers for network 388 to [/10.64.36.20, /10.64.36.21]
12-13 01:56:36.406   798   916 D ConnectivityService: notifyType IP_CHANGED for NetworkAgentInfo [WIFI () - 388]
12-13 01:56:36.418   798   916 D ConnectivityService: scheduleUnvalidatedPrompt 388
12-13 01:56:36.418   798   916 D ConnectivityService: updateSignalStrengthThresholds: CONNECT, sending [] to NetworkAgentInfo [WIFI () - 388]
12-13 01:56:36.418   798   916 D ConnectivityService: rematch for NetworkAgentInfo [WIFI () - 388]
12-13 01:56:36.418   798   916 D ConnectivityService:    accepting network in place of null
12-13 01:56:36.419   798   916 D ConnectivityService: Switching to new default network: NetworkAgentInfo{ ni{[type: WIFI[], state: CONNECTED/CONNECTED, reason: (unspecified), extra: "AVG-QA-RND", roaming: false, failover: false, isAvailable: true]}  network{388}  lp{{InterfaceName: wlan0 LinkAddresses: [fe80::364d:f7ff:fe3d:e452/64,10.64.44.19/8,]  Routes: [fe80::/64 -> :: wlan0,10.64.44.0/23 -> 0.0.0.0 wlan0,0.0.0.0/0 -> 10.64.44.1 wlan0,] DnsAddresses: [10.64.36.20,10.64.36.21,] Domains: il.avg.com MTU: 0 TcpBufferSizes: 524288,1048576,2097152,262144,524288,1048576}}  nc{[ Transports: WIFI Capabilities: INTERNET&NOT_RESTRICTED&TRUSTED&NOT_VPN LinkUpBandwidth>=1048576Kbps LinkDnBandwidth>=1048576Kbps]}  Score{20}  everValidated{false}  lastValidated{false}  created{true} lingering{false} explicitlySelected{false} acceptUnvalidated{false} everCaptivePortalDetected{false} lastCaptivePortalDetected{false} }
12-13 01:56:36.460   798   916 D CSLegacyTypeTracker: Sending CONNECTED broadcast for type 1 NetworkAgentInfo [WIFI () - 388] isDefaultNetwork=true
12-13 01:56:36.460   798   916 D ConnectivityService: sendStickyBroadcast: action=android.net.conn.CONNECTIVITY_CHANGE
12-13 01:56:36.461   798   916 D ConnectivityService: notifyType PRECHECK for NetworkAgentInfo [WIFI () - 388]
12-13 01:56:36.461   798   916 D ConnectivityService: notifyType CAP_CHANGED for NetworkAgentInfo [WIFI () - 388]
12-13 01:56:36.600   798   916 D ConnectivityService: setProvNotificationVisibleIntent null visible=false networkType=MOBILE extraInfo=null highPriority=false
12-13 01:56:36.600   798   916 D ConnectivityService: NetworkAgentInfo [WIFI () - 388] validation  passed
12-13 01:56:36.600   798   916 D ConnectivityService: notifyType CAP_CHANGED for NetworkAgentInfo [WIFI () - 388]
12-13 01:56:36.601   798   916 D ConnectivityService: sendStickyBroadcast: action=android.net.conn.INET_CONDITION_ACTION
12-13 01:56:37.464   798   916 D ConnectivityService: NetTransition Wakelock (NetworkAgentInfo [WIFI () - 387] cleared because we found a replacement network
12-13 01:56:44.426   798   916 D ConnectivityService: handlePromptUnvalidated 388
12-13 02:16:36.592   798   811 I UsageStatsService: User[0] Flushing usage stats to disk
12-13 02:18:11.209   798   798 I EntropyMixer: Added HW RNG output to entropy pool
12-13 02:18:11.209   798   798 I EntropyMixer: Writing entropy...
12-13 02:24:06.835   798   812 I ProcessStatsService: Prepared write state in 2ms
12-13 02:26:46.450   798 23064 D ConnectivityService: reportNetworkConnectivity(388, false) by 10014
12-13 02:26:46.457   798   916 D ConnectivityService: NetworkAgentInfo [WIFI () - 388] validation failed
12-13 02:26:46.458   798   916 D ConnectivityService: notifyType CAP_CHANGED for NetworkAgentInfo [WIFI () - 388]
12-13 02:26:46.459   798   916 D ConnectivityService: sendStickyBroadcast: action=android.net.conn.INET_CONDITION_ACTION
12-13 02:26:46.494   798   916 D ConnectivityService: notifyType CAP_CHANGED for NetworkAgentInfo [WIFI () - 388]
12-13 02:26:46.502   798   916 D ConnectivityService: NetworkAgentInfo [WIFI () - 388] EVENT_NETWORK_INFO_CHANGED, going from CONNECTED to DISCONNECTED
12-13 02:26:46.502   798   916 D ConnectivityService: NetworkAgentInfo [WIFI () - 388] got DISCONNECTED, was satisfying 4
12-13 02:26:46.515   798   916 D ConnectivityService: notifyType LOST for NetworkAgentInfo [WIFI () - 388]
12-13 02:26:46.554   798   916 D CSLegacyTypeTracker: Sending DISCONNECTED broadcast for type 1 NetworkAgentInfo [WIFI () - 388] isDefaultNetwork=true
12-13 02:26:46.554   798   916 D ConnectivityService: sendStickyBroadcast: action=android.net.conn.CONNECTIVITY_CHANGE
12-13 02:26:46.608   798   916 D ConnectivityService: setProvNotificationVisibleIntent null visible=false networkType=MOBILE extraInfo=null highPriority=false
12-13 02:26:48.023   798   914 D ConnectivityService: registerNetworkAgent NetworkAgentInfo{ ni{[type: WIFI[], state: CONNECTING/CONNECTING, reason: (unspecified), extra: "AVG-QA-RND", roaming: false, failover: false, isAvailable: true]}  network{389}  lp{{InterfaceName: wlan0 LinkAddresses: []  Routes: [] DnsAddresses: [] Domains: null MTU: 0 TcpBufferSizes: 524288,1048576,2097152,262144,524288,1048576}}  nc{[ Transports: WIFI Capabilities: INTERNET&NOT_RESTRICTED&TRUSTED&NOT_VPN LinkUpBandwidth>=1048576Kbps LinkDnBandwidth>=1048576Kbps]}  Score{20}  everValidated{false}  lastValidated{false}  created{false} lingering{false} explicitlySelected{false} acceptUnvalidated{false} everCaptivePortalDetected{false} lastCaptivePortalDetected{false} }
12-13 02:26:48.024   798   916 D ConnectivityService: NetworkAgentInfo [WIFI () - 389] EVENT_NETWORK_INFO_CHANGED, going from null to CONNECTING
12-13 02:26:48.184   798   916 D ConnectivityService: NetworkAgentInfo [WIFI () - 389] EVENT_NETWORK_INFO_CHANGED, going from CONNECTING to CONNECTED
12-13 02:26:48.186   798   916 D ConnectivityService: Adding iface wlan0 to network 389
12-13 02:26:48.308   798   916 E ConnectivityService: Unexpected mtu value: 0, wlan0
12-13 02:26:48.308   798   916 D ConnectivityService: Adding Route [fe80::/64 -> :: wlan0] to network 389
12-13 02:26:48.309   798   916 D ConnectivityService: Adding Route [10.64.44.0/23 -> 0.0.0.0 wlan0] to network 389
12-13 02:26:48.310   798   916 D ConnectivityService: Adding Route [0.0.0.0/0 -> 10.64.44.1 wlan0] to network 389
12-13 02:26:48.310   798   916 D ConnectivityService: Setting Dns servers for network 389 to [/10.64.36.20, /10.64.36.21]
12-13 02:26:48.318   798   916 D ConnectivityService: notifyType IP_CHANGED for NetworkAgentInfo [WIFI () - 389]
12-13 02:26:48.324   798   916 D ConnectivityService: scheduleUnvalidatedPrompt 389
12-13 02:26:48.324   798   916 D ConnectivityService: updateSignalStrengthThresholds: CONNECT, sending [] to NetworkAgentInfo [WIFI () - 389]
12-13 02:26:48.324   798   916 D ConnectivityService: rematch for NetworkAgentInfo [WIFI () - 389]
12-13 02:26:48.324   798   916 D ConnectivityService:    accepting network in place of null
12-13 02:26:48.325   798   916 D ConnectivityService: Switching to new default network: NetworkAgentInfo{ ni{[type: WIFI[], state: CONNECTED/CONNECTED, reason: (unspecified), extra: "AVG-QA-RND", roaming: false, failover: false, isAvailable: true]}  network{389}  lp{{InterfaceName: wlan0 LinkAddresses: [fe80::364d:f7ff:fe3d:e452/64,10.64.44.19/8,]  Routes: [fe80::/64 -> :: wlan0,10.64.44.0/23 -> 0.0.0.0 wlan0,0.0.0.0/0 -> 10.64.44.1 wlan0,] DnsAddresses: [10.64.36.20,10.64.36.21,] Domains: il.avg.com MTU: 0 TcpBufferSizes: 524288,1048576,2097152,262144,524288,1048576}}  nc{[ Transports: WIFI Capabilities: INTERNET&NOT_RESTRICTED&TRUSTED&NOT_VPN LinkUpBandwidth>=1048576Kbps LinkDnBandwidth>=1048576Kbps]}  Score{20}  everValidated{false}  lastValidated{false}  created{true} lingering{false} explicitlySelected{false} acceptUnvalidated{false} everCaptivePortalDetected{false} lastCaptivePortalDetected{false} }
12-13 02:26:48.359   798   916 D CSLegacyTypeTracker: Sending CONNECTED broadcast for type 1 NetworkAgentInfo [WIFI () - 389] isDefaultNetwork=true
12-13 02:26:48.360   798   916 D ConnectivityService: sendStickyBroadcast: action=android.net.conn.CONNECTIVITY_CHANGE
12-13 02:26:48.363   798   916 D ConnectivityService: notifyType PRECHECK for NetworkAgentInfo [WIFI () - 389]
12-13 02:26:48.365   798   916 D ConnectivityService: notifyType CAP_CHANGED for NetworkAgentInfo [WIFI () - 389]
12-13 02:26:48.503   798   916 D ConnectivityService: setProvNotificationVisibleIntent null visible=false networkType=MOBILE extraInfo=null highPriority=false
12-13 02:26:48.503   798   916 D ConnectivityService: NetworkAgentInfo [WIFI () - 389] validation  passed
12-13 02:26:48.504   798   916 D ConnectivityService: notifyType CAP_CHANGED for NetworkAgentInfo [WIFI () - 389]
12-13 02:26:48.506   798   916 D ConnectivityService: sendStickyBroadcast: action=android.net.conn.INET_CONDITION_ACTION
12-13 02:26:49.362   798   916 D ConnectivityService: NetTransition Wakelock (NetworkAgentInfo [WIFI () - 388] cleared because we found a replacement network
12-13 02:26:56.332   798   916 D ConnectivityService: handlePromptUnvalidated 389
12-13 02:32:38.581   798   811 I UsageStatsService: User[0] Rolling over usage stats
12-13 02:32:38.581   798   811 I UsageStatsService: User[0] Flushing usage stats to disk
12-13 02:32:38.803   798   811 I UsageStatsService: User[0] Rollover scheduled @ 2016-12-14 02:00:00(1481673600000)
12-13 02:32:38.804   798   811 I UsageStatsService: User[0] Flushing usage stats to disk
12-13 02:32:38.889   798   811 I UsageStatsService: User[0] Rolling over usage stats complete. Took 308 milliseconds
12-13 02:32:39.261   798  1018 I ActivityManager: Start proc 27622:com.google.android.gms:snet/u0a14 for service com.google.android.gms/.chimera.SnetIntentOperationService
12-13 02:36:39.258   798 23065 I ActivityManager: Killing 23989:com.google.android.gms.ui/u0a14 (adj 15): empty for 10808s
12-13 02:52:38.665   798   811 I UsageStatsService: User[0] Flushing usage stats to disk
12-13 02:55:48.950   798   812 I ProcessStatsService: Prepared write state in 2ms
12-13 02:55:48.951   798   812 I ProcessStatsService: Prepared write state in 1ms
12-13 02:56:58.267   798  1016 D ConnectivityService: reportNetworkConnectivity(389, false) by 10014
12-13 02:56:58.269   798   916 D ConnectivityService: NetworkAgentInfo [WIFI () - 389] validation failed
12-13 02:56:58.269   798   916 D ConnectivityService: notifyType CAP_CHANGED for NetworkAgentInfo [WIFI () - 389]
12-13 02:56:58.271   798   916 D ConnectivityService: sendStickyBroadcast: action=android.net.conn.INET_CONDITION_ACTION
12-13 02:56:58.290   798   916 D ConnectivityService: notifyType CAP_CHANGED for NetworkAgentInfo [WIFI () - 389]
12-13 02:56:58.291   798   916 D ConnectivityService: NetworkAgentInfo [WIFI () - 389] EVENT_NETWORK_INFO_CHANGED, going from CONNECTED to DISCONNECTED
12-13 02:56:58.291   798   916 D ConnectivityService: NetworkAgentInfo [WIFI () - 389] got DISCONNECTED, was satisfying 4
12-13 02:56:58.302   798   916 D ConnectivityService: notifyType LOST for NetworkAgentInfo [WIFI () - 389]
12-13 02:56:58.346   798   916 D CSLegacyTypeTracker: Sending DISCONNECTED broadcast for type 1 NetworkAgentInfo [WIFI () - 389] isDefaultNetwork=true
12-13 02:56:58.346   798   916 D ConnectivityService: sendStickyBroadcast: action=android.net.conn.CONNECTIVITY_CHANGE
12-13 02:56:58.394   798   916 D ConnectivityService: setProvNotificationVisibleIntent null visible=false networkType=MOBILE extraInfo=null highPriority=false
12-13 02:56:59.824   798   914 D ConnectivityService: registerNetworkAgent NetworkAgentInfo{ ni{[type: WIFI[], state: CONNECTING/CONNECTING, reason: (unspecified), extra: "AVG-QA-RND", roaming: false, failover: false, isAvailable: true]}  network{390}  lp{{InterfaceName: wlan0 LinkAddresses: []  Routes: [] DnsAddresses: [] Domains: null MTU: 0 TcpBufferSizes: 524288,1048576,2097152,262144,524288,1048576}}  nc{[ Transports: WIFI Capabilities: INTERNET&NOT_RESTRICTED&TRUSTED&NOT_VPN LinkUpBandwidth>=1048576Kbps LinkDnBandwidth>=1048576Kbps]}  Score{20}  everValidated{false}  lastValidated{false}  created{false} lingering{false} explicitlySelected{false} acceptUnvalidated{false} everCaptivePortalDetected{false} lastCaptivePortalDetected{false} }
12-13 02:56:59.824   798   916 D ConnectivityService: NetworkAgentInfo [WIFI () - 390] EVENT_NETWORK_INFO_CHANGED, going from null to CONNECTING
12-13 02:56:59.970   798   916 D ConnectivityService: NetworkAgentInfo [WIFI () - 390] EVENT_NETWORK_INFO_CHANGED, going from CONNECTING to CONNECTED
12-13 02:56:59.971   798   916 D ConnectivityService: Adding iface wlan0 to network 390
12-13 02:57:00.087   798   916 E ConnectivityService: Unexpected mtu value: 0, wlan0
12-13 02:57:00.087   798   916 D ConnectivityService: Adding Route [fe80::/64 -> :: wlan0] to network 390
12-13 02:57:00.089   798   916 D ConnectivityService: Adding Route [10.64.44.0/23 -> 0.0.0.0 wlan0] to network 390
12-13 02:57:00.089   798   916 D ConnectivityService: Adding Route [0.0.0.0/0 -> 10.64.44.1 wlan0] to network 390
12-13 02:57:00.090   798   916 D ConnectivityService: Setting Dns servers for network 390 to [/10.64.36.20, /10.64.36.21]
12-13 02:57:00.097   798   916 D ConnectivityService: notifyType IP_CHANGED for NetworkAgentInfo [WIFI () - 390]
12-13 02:57:00.103   798   916 D ConnectivityService: scheduleUnvalidatedPrompt 390
12-13 02:57:00.103   798   916 D ConnectivityService: updateSignalStrengthThresholds: CONNECT, sending [] to NetworkAgentInfo [WIFI () - 390]
12-13 02:57:00.103   798   916 D ConnectivityService: rematch for NetworkAgentInfo [WIFI () - 390]
12-13 02:57:00.103   798   916 D ConnectivityService:    accepting network in place of null
12-13 02:57:00.104   798   916 D ConnectivityService: Switching to new default network: NetworkAgentInfo{ ni{[type: WIFI[], state: CONNECTED/CONNECTED, reason: (unspecified), extra: "AVG-QA-RND", roaming: false, failover: false, isAvailable: true]}  network{390}  lp{{InterfaceName: wlan0 LinkAddresses: [fe80::364d:f7ff:fe3d:e452/64,10.64.44.19/8,]  Routes: [fe80::/64 -> :: wlan0,10.64.44.0/23 -> 0.0.0.0 wlan0,0.0.0.0/0 -> 10.64.44.1 wlan0,] DnsAddresses: [10.64.36.20,10.64.36.21,] Domains: il.avg.com MTU: 0 TcpBufferSizes: 524288,1048576,2097152,262144,524288,1048576}}  nc{[ Transports: WIFI Capabilities: INTERNET&NOT_RESTRICTED&TRUSTED&NOT_VPN LinkUpBandwidth>=1048576Kbps LinkDnBandwidth>=1048576Kbps]}  Score{20}  everValidated{false}  lastValidated{false}  created{true} lingering{false} explicitlySelected{false} acceptUnvalidated{false} everCaptivePortalDetected{false} lastCaptivePortalDetected{false} }
12-13 02:57:00.146   798   916 D CSLegacyTypeTracker: Sending CONNECTED broadcast for type 1 NetworkAgentInfo [WIFI () - 390] isDefaultNetwork=true
12-13 02:57:00.146   798   916 D ConnectivityService: sendStickyBroadcast: action=android.net.conn.CONNECTIVITY_CHANGE
12-13 02:57:00.147   798   916 D ConnectivityService: notifyType PRECHECK for NetworkAgentInfo [WIFI () - 390]
12-13 02:57:00.149   798   916 D ConnectivityService: notifyType CAP_CHANGED for NetworkAgentInfo [WIFI () - 390]
12-13 02:57:00.280   798   916 D ConnectivityService: setProvNotificationVisibleIntent null visible=false networkType=MOBILE extraInfo=null highPriority=false
12-13 02:57:00.280   798   916 D ConnectivityService: NetworkAgentInfo [WIFI () - 390] validation  passed
12-13 02:57:00.280   798   916 D ConnectivityService: notifyType CAP_CHANGED for NetworkAgentInfo [WIFI () - 390]
12-13 02:57:00.282   798   916 D ConnectivityService: sendStickyBroadcast: action=android.net.conn.INET_CONDITION_ACTION
12-13 02:57:01.149   798   916 D ConnectivityService: NetTransition Wakelock (NetworkAgentInfo [WIFI () - 389] cleared because we found a replacement network
12-13 02:57:08.112   798   916 D ConnectivityService: handlePromptUnvalidated 390
12-13 03:26:00.726   798   812 I ProcessStatsService: Prepared write state in 2ms
12-13 03:26:00.726   798   812 I ProcessStatsService: Prepared write state in 0ms
12-13 03:26:00.734   798   798 I ActivityManager: Idle maintenance over +21h47m7s109ms low RAM for 0
12-13 03:26:00.739   798   902 I MountService: Running fstrim idle maintenance
12-13 03:26:00.739   798   902 D VoldConnector: SND -> {11 fstrim dotrim}
12-13 03:26:00.740   798   903 D VoldConnector: RCV <- {200 11 Command succeeded}
12-13 03:26:00.740   798   902 I MountServiceIdler: Got mount service completion callback
12-13 03:26:00.745   149 28851 D vold    : Starting trim of /data
12-13 03:26:01.069   798   811 I ProcessStatsService: Pruning old procstats: /data/system/procstats/state-2016-12-11-21-32-40.bin
12-13 03:26:02.020   149 28851 I vold    : Trimmed 1215463424 bytes on /data in 1275ms
12-13 03:26:02.021   798   903 D VoldConnector: RCV <- {662 /data 1215463424 1275165299}
12-13 03:26:02.022   149 28851 D vold    : Starting trim of /cache
12-13 03:26:02.023   149 28851 I vold    : Trimmed 0 bytes on /cache in 0ms
12-13 03:26:02.023   798   903 D VoldConnector: RCV <- {662 /cache 0 754895}
12-13 03:27:10.013   798  1650 D ConnectivityService: reportNetworkConnectivity(390, false) by 10014
12-13 03:27:10.028   798   916 D ConnectivityService: NetworkAgentInfo [WIFI () - 390] validation failed
12-13 03:27:10.028   798   916 D ConnectivityService: notifyType CAP_CHANGED for NetworkAgentInfo [WIFI () - 390]
12-13 03:27:10.029   798   916 D ConnectivityService: sendStickyBroadcast: action=android.net.conn.INET_CONDITION_ACTION
12-13 03:27:10.069   798   916 D ConnectivityService: notifyType CAP_CHANGED for NetworkAgentInfo [WIFI () - 390]
12-13 03:27:10.082   798   916 D ConnectivityService: NetworkAgentInfo [WIFI () - 390] EVENT_NETWORK_INFO_CHANGED, going from CONNECTED to DISCONNECTED
12-13 03:27:10.083   798   916 D ConnectivityService: NetworkAgentInfo [WIFI () - 390] got DISCONNECTED, was satisfying 4
12-13 03:27:10.091   798   916 D ConnectivityService: notifyType LOST for NetworkAgentInfo [WIFI () - 390]
12-13 03:27:10.144   798   916 D CSLegacyTypeTracker: Sending DISCONNECTED broadcast for type 1 NetworkAgentInfo [WIFI () - 390] isDefaultNetwork=true
12-13 03:27:10.144   798   916 D ConnectivityService: sendStickyBroadcast: action=android.net.conn.CONNECTIVITY_CHANGE
12-13 03:27:10.188   798   916 D ConnectivityService: setProvNotificationVisibleIntent null visible=false networkType=MOBILE extraInfo=null highPriority=false
12-13 03:27:11.643   798   914 D ConnectivityService: registerNetworkAgent NetworkAgentInfo{ ni{[type: WIFI[], state: CONNECTING/CONNECTING, reason: (unspecified), extra: "AVG-QA-RND", roaming: false, failover: false, isAvailable: true]}  network{391}  lp{{InterfaceName: wlan0 LinkAddresses: []  Routes: [] DnsAddresses: [] Domains: null MTU: 0 TcpBufferSizes: 524288,1048576,2097152,262144,524288,1048576}}  nc{[ Transports: WIFI Capabilities: INTERNET&NOT_RESTRICTED&TRUSTED&NOT_VPN LinkUpBandwidth>=1048576Kbps LinkDnBandwidth>=1048576Kbps]}  Score{20}  everValidated{false}  lastValidated{false}  created{false} lingering{false} explicitlySelected{false} acceptUnvalidated{false} everCaptivePortalDetected{false} lastCaptivePortalDetected{false} }
12-13 03:27:11.644   798   916 D ConnectivityService: NetworkAgentInfo [WIFI () - 391] EVENT_NETWORK_INFO_CHANGED, going from null to CONNECTING
12-13 03:27:11.810   798   916 D ConnectivityService: NetworkAgentInfo [WIFI () - 391] EVENT_NETWORK_INFO_CHANGED, going from CONNECTING to CONNECTED
12-13 03:27:11.811   798   916 D ConnectivityService: Adding iface wlan0 to network 391
12-13 03:27:11.850   798   916 E ConnectivityService: Unexpected mtu value: 0, wlan0
12-13 03:27:11.850   798   916 D ConnectivityService: Adding Route [fe80::/64 -> :: wlan0] to network 391
12-13 03:27:11.851   798   916 D ConnectivityService: Adding Route [10.64.44.0/23 -> 0.0.0.0 wlan0] to network 391
12-13 03:27:11.851   798   916 D ConnectivityService: Adding Route [0.0.0.0/0 -> 10.64.44.1 wlan0] to network 391
12-13 03:27:11.852   798   916 D ConnectivityService: Setting Dns servers for network 391 to [/10.64.36.20, /10.64.36.21]
12-13 03:27:11.865   798   916 D ConnectivityService: notifyType IP_CHANGED for NetworkAgentInfo [WIFI () - 391]
12-13 03:27:11.878   798   916 D ConnectivityService: scheduleUnvalidatedPrompt 391
12-13 03:27:11.878   798   916 D ConnectivityService: updateSignalStrengthThresholds: CONNECT, sending [] to NetworkAgentInfo [WIFI () - 391]
12-13 03:27:11.878   798   916 D ConnectivityService: rematch for NetworkAgentInfo [WIFI () - 391]
12-13 03:27:11.878   798   916 D ConnectivityService:    accepting network in place of null
12-13 03:27:11.880   798   916 D ConnectivityService: Switching to new default network: NetworkAgentInfo{ ni{[type: WIFI[], state: CONNECTED/CONNECTED, reason: (unspecified), extra: "AVG-QA-RND", roaming: false, failover: false, isAvailable: true]}  network{391}  lp{{InterfaceName: wlan0 LinkAddresses: [fe80::364d:f7ff:fe3d:e452/64,10.64.44.19/23,]  Routes: [fe80::/64 -> :: wlan0,10.64.44.0/23 -> 0.0.0.0 wlan0,0.0.0.0/0 -> 10.64.44.1 wlan0,] DnsAddresses: [10.64.36.20,10.64.36.21,] Domains: il.avg.com MTU: 0 TcpBufferSizes: 524288,1048576,2097152,262144,524288,1048576}}  nc{[ Transports: WIFI Capabilities: INTERNET&NOT_RESTRICTED&TRUSTED&NOT_VPN LinkUpBandwidth>=1048576Kbps LinkDnBandwidth>=1048576Kbps]}  Score{20}  everValidated{false}  lastValidated{false}  created{true} lingering{false} explicitlySelected{false} acceptUnvalidated{false} everCaptivePortalDetected{false} lastCaptivePortalDetected{false} }
12-13 03:27:11.934   798   916 D CSLegacyTypeTracker: Sending CONNECTED broadcast for type 1 NetworkAgentInfo [WIFI () - 391] isDefaultNetwork=true
12-13 03:27:11.934   798   916 D ConnectivityService: sendStickyBroadcast: action=android.net.conn.CONNECTIVITY_CHANGE
12-13 03:27:11.937   798   916 D ConnectivityService: notifyType PRECHECK for NetworkAgentInfo [WIFI () - 391]
12-13 03:27:11.940   798   916 D ConnectivityService: notifyType CAP_CHANGED for NetworkAgentInfo [WIFI () - 391]
12-13 03:27:12.063   798   916 D ConnectivityService: setProvNotificationVisibleIntent null visible=false networkType=MOBILE extraInfo=null highPriority=false
12-13 03:27:12.063   798   916 D ConnectivityService: NetworkAgentInfo [WIFI () - 391] validation  passed
12-13 03:27:12.064   798   916 D ConnectivityService: notifyType CAP_CHANGED for NetworkAgentInfo [WIFI () - 391]
12-13 03:27:12.071   798   916 D ConnectivityService: sendStickyBroadcast: action=android.net.conn.INET_CONDITION_ACTION
12-13 03:27:12.936   798   916 D ConnectivityService: NetTransition Wakelock (NetworkAgentInfo [WIFI () - 390] cleared because we found a replacement network
12-13 03:27:19.886   798   916 D ConnectivityService: handlePromptUnvalidated 391
12-13 03:56:12.526   798   812 I ProcessStatsService: Prepared write state in 1ms
12-13 03:56:12.527   798   812 I ProcessStatsService: Prepared write state in 1ms
12-13 03:56:14.616   798  1650 I ActivityManager: Start proc 29642:com.google.android.gms.ui/u0a14 for service com.google.android.gms/.chimera.UiIntentOperationService
12-13 03:57:12.762   798   798 I ActivityManager: Killing 24510:com.android.settings/1000 (adj 15): empty for 14232s
12-13 03:57:21.840   798  1691 D ConnectivityService: reportNetworkConnectivity(391, false) by 10014
12-13 03:57:21.849   798   916 D ConnectivityService: NetworkAgentInfo [WIFI () - 391] validation failed
12-13 03:57:21.849   798   916 D ConnectivityService: notifyType CAP_CHANGED for NetworkAgentInfo [WIFI () - 391]
12-13 03:57:21.851   798   916 D ConnectivityService: sendStickyBroadcast: action=android.net.conn.INET_CONDITION_ACTION
12-13 03:57:21.880   798   916 D ConnectivityService: notifyType CAP_CHANGED for NetworkAgentInfo [WIFI () - 391]
12-13 03:57:21.881   798   916 D ConnectivityService: NetworkAgentInfo [WIFI () - 391] EVENT_NETWORK_INFO_CHANGED, going from CONNECTED to DISCONNECTED
12-13 03:57:21.881   798   916 D ConnectivityService: NetworkAgentInfo [WIFI () - 391] got DISCONNECTED, was satisfying 4
12-13 03:57:21.890   798   916 D ConnectivityService: notifyType LOST for NetworkAgentInfo [WIFI () - 391]
12-13 03:57:21.940   798   916 D CSLegacyTypeTracker: Sending DISCONNECTED broadcast for type 1 NetworkAgentInfo [WIFI () - 391] isDefaultNetwork=true
12-13 03:57:21.940   798   916 D ConnectivityService: sendStickyBroadcast: action=android.net.conn.CONNECTIVITY_CHANGE
12-13 03:57:21.995   798   916 E ConnectivityService: EVENT_NETWORK_INFO_CHANGED from unknown NetworkAgent
12-13 03:57:21.995   798   916 D ConnectivityService: setProvNotificationVisibleIntent null visible=false networkType=MOBILE extraInfo=null highPriority=false
12-13 03:57:23.464   798   914 D ConnectivityService: registerNetworkAgent NetworkAgentInfo{ ni{[type: WIFI[], state: CONNECTING/CONNECTING, reason: (unspecified), extra: "AVG-QA-RND", roaming: false, failover: false, isAvailable: true]}  network{392}  lp{{InterfaceName: wlan0 LinkAddresses: []  Routes: [] DnsAddresses: [] Domains: null MTU: 0 TcpBufferSizes: 524288,1048576,2097152,262144,524288,1048576}}  nc{[ Transports: WIFI Capabilities: INTERNET&NOT_RESTRICTED&TRUSTED&NOT_VPN LinkUpBandwidth>=1048576Kbps LinkDnBandwidth>=1048576Kbps]}  Score{20}  everValidated{false}  lastValidated{false}  created{false} lingering{false} explicitlySelected{false} acceptUnvalidated{false} everCaptivePortalDetected{false} lastCaptivePortalDetected{false} }
12-13 03:57:23.464   798   916 D ConnectivityService: NetworkAgentInfo [WIFI () - 392] EVENT_NETWORK_INFO_CHANGED, going from null to CONNECTING
12-13 03:57:23.619   798   916 D ConnectivityService: NetworkAgentInfo [WIFI () - 392] EVENT_NETWORK_INFO_CHANGED, going from CONNECTING to CONNECTED
12-13 03:57:23.621   798   916 D ConnectivityService: Adding iface wlan0 to network 392
12-13 03:57:23.715   798   916 E ConnectivityService: Unexpected mtu value: 0, wlan0
12-13 03:57:23.715   798   916 D ConnectivityService: Adding Route [fe80::/64 -> :: wlan0] to network 392
12-13 03:57:23.716   798   916 D ConnectivityService: Adding Route [10.64.44.0/23 -> 0.0.0.0 wlan0] to network 392
12-13 03:57:23.717   798   916 D ConnectivityService: Adding Route [0.0.0.0/0 -> 10.64.44.1 wlan0] to network 392
12-13 03:57:23.717   798   916 D ConnectivityService: Setting Dns servers for network 392 to [/10.64.36.20, /10.64.36.21]
12-13 03:57:23.724   798   916 D ConnectivityService: notifyType IP_CHANGED for NetworkAgentInfo [WIFI () - 392]
12-13 03:57:23.730   798   916 D ConnectivityService: scheduleUnvalidatedPrompt 392
12-13 03:57:23.730   798   916 D ConnectivityService: updateSignalStrengthThresholds: CONNECT, sending [] to NetworkAgentInfo [WIFI () - 392]
12-13 03:57:23.731   798   916 D ConnectivityService: rematch for NetworkAgentInfo [WIFI () - 392]
12-13 03:57:23.731   798   916 D ConnectivityService:    accepting network in place of null
12-13 03:57:23.733   798   916 D ConnectivityService: Switching to new default network: NetworkAgentInfo{ ni{[type: WIFI[], state: CONNECTED/CONNECTED, reason: (unspecified), extra: "AVG-QA-RND", roaming: false, failover: false, isAvailable: true]}  network{392}  lp{{InterfaceName: wlan0 LinkAddresses: [fe80::364d:f7ff:fe3d:e452/64,10.64.44.19/8,]  Routes: [fe80::/64 -> :: wlan0,10.64.44.0/23 -> 0.0.0.0 wlan0,0.0.0.0/0 -> 10.64.44.1 wlan0,] DnsAddresses: [10.64.36.20,10.64.36.21,] Domains: il.avg.com MTU: 0 TcpBufferSizes: 524288,1048576,2097152,262144,524288,1048576}}  nc{[ Transports: WIFI Capabilities: INTERNET&NOT_RESTRICTED&TRUSTED&NOT_VPN LinkUpBandwidth>=1048576Kbps LinkDnBandwidth>=1048576Kbps]}  Score{20}  everValidated{false}  lastValidated{false}  created{true} lingering{false} explicitlySelected{false} acceptUnvalidated{false} everCaptivePortalDetected{false} lastCaptivePortalDetected{false} }
12-13 03:57:23.767   798   916 D CSLegacyTypeTracker: Sending CONNECTED broadcast for type 1 NetworkAgentInfo [WIFI () - 392] isDefaultNetwork=true
12-13 03:57:23.767   798   916 D ConnectivityService: sendStickyBroadcast: action=android.net.conn.CONNECTIVITY_CHANGE
12-13 03:57:23.768   798   916 D ConnectivityService: notifyType PRECHECK for NetworkAgentInfo [WIFI () - 392]
12-13 03:57:23.769   798   916 D ConnectivityService: notifyType CAP_CHANGED for NetworkAgentInfo [WIFI () - 392]
12-13 03:57:23.913   798   916 D ConnectivityService: setProvNotificationVisibleIntent null visible=false networkType=MOBILE extraInfo=null highPriority=false
12-13 03:57:23.913   798   916 D ConnectivityService: NetworkAgentInfo [WIFI () - 392] validation  passed
12-13 03:57:23.913   798   916 D ConnectivityService: notifyType CAP_CHANGED for NetworkAgentInfo [WIFI () - 392]
12-13 03:57:23.915   798   916 D ConnectivityService: sendStickyBroadcast: action=android.net.conn.INET_CONDITION_ACTION
12-13 03:57:24.769   798   916 D ConnectivityService: NetTransition Wakelock (NetworkAgentInfo [WIFI () - 391] cleared because we found a replacement network
12-13 03:57:31.739   798   916 D ConnectivityService: handlePromptUnvalidated 392
12-13 04:11:58.785   798   916 D ConnectivityService: notifyType CAP_CHANGED for NetworkAgentInfo [WIFI () - 392]
12-13 04:26:24.267   798   812 I ProcessStatsService: Prepared write state in 1ms
12-13 04:26:24.268   798   812 I ProcessStatsService: Prepared write state in 1ms
12-13 04:42:08.994   798 23066 D ConnectivityService: reportNetworkConnectivity(392, false) by 10014
12-13 04:42:09.028   798   916 D ConnectivityService: NetworkAgentInfo [WIFI () - 392] validation failed
12-13 04:42:09.028   798   916 D ConnectivityService: notifyType CAP_CHANGED for NetworkAgentInfo [WIFI () - 392]
12-13 04:42:09.029   798   916 D ConnectivityService: sendStickyBroadcast: action=android.net.conn.INET_CONDITION_ACTION
12-13 04:42:09.030   798   916 D ConnectivityService: notifyType CAP_CHANGED for NetworkAgentInfo [WIFI () - 392]
12-13 04:42:09.043   798   916 D ConnectivityService: NetworkAgentInfo [WIFI () - 392] EVENT_NETWORK_INFO_CHANGED, going from CONNECTED to DISCONNECTED
12-13 04:42:09.043   798   916 D ConnectivityService: NetworkAgentInfo [WIFI () - 392] got DISCONNECTED, was satisfying 4
12-13 04:42:09.066   798   916 D ConnectivityService: notifyType LOST for NetworkAgentInfo [WIFI () - 392]
