12-13 14:40:03.397  1668  2437 W ContentTaskController: Invalid newTask was provided to startTracking.
12-13 14:40:04.752   798 15174 D NetlinkSocketObserver: NeighborEvent{elapsedMs=532168178, 10.64.44.1, [0050569A0995], RTM_NEWNEIGH, NUD_REACHABLE}
12-13 14:40:07.367 15797 15797 I chatty  : uid=10089(com.antivirus) expire 14 lines
12-13 14:40:07.382 15797 16165 I chatty  : uid=10089(com.antivirus) expire 25 lines
12-13 14:40:10.702   798 15174 D NetlinkSocketObserver: NeighborEvent{elapsedMs=532174128, 10.64.44.1, [0050569A0995], RTM_NEWNEIGH, NUD_STALE}
12-13 14:40:12.542 15797 16201 I chatty  : uid=10089(com.antivirus) expire 32 lines
12-13 14:40:17.592   798 15174 D NetlinkSocketObserver: NeighborEvent{elapsedMs=532181018, 10.64.44.1, [0050569A0995], RTM_NEWNEIGH, NUD_REACHABLE}
12-13 14:40:21.602   798 15174 D NetlinkSocketObserver: NeighborEvent{elapsedMs=532185028, 10.64.44.1, [0050569A0995], RTM_NEWNEIGH, NUD_STALE}
12-13 14:40:50.338 15797 15889 I chatty  : uid=10089(com.antivirus) expire 1 line
12-13 14:41:20.155  3578  8048 I PlayCommon: [1812] com.google.android.play.a.g.e(853): Preparing logs for uploading
12-13 14:41:20.156  3578  8048 I PlayCommon: [1812] com.google.android.play.a.g.e(855): No file ready to send
12-13 14:41:20.546  3578  3651 I PlayCommon: [1794] com.google.android.play.a.g.e(853): Preparing logs for uploading
12-13 14:41:20.633  3578  3651 I PlayCommon: [1794] com.google.android.play.a.g.a(993): Connecting to server: https://play.googleapis.com/play/log?format=raw&proto_v2=true
12-13 14:41:20.634  3578  3651 W System  : ClassLoader referenced unknown path: /system/framework/tcmclient.jar
12-13 14:41:20.988  3578  3651 I PlayCommon: [1794] com.google.android.play.a.g.a(1068): Successfully uploaded logs.
12-13 14:41:25.651   798 15174 D NetlinkSocketObserver: NeighborEvent{elapsedMs=532249078, 10.64.44.1, [0050569A0995], RTM_NEWNEIGH, NUD_REACHABLE}
12-13 14:41:28.871   798 15174 D NetlinkSocketObserver: NeighborEvent{elapsedMs=532252298, 10.64.44.1, [0050569A0995], RTM_NEWNEIGH, NUD_STALE}
12-13 14:41:36.331   197   197 I rmt_storage: rmt_storage_connect_cb: clnt_h=0x22 conn_h=0xb6cca030
12-13 14:41:36.331   197   197 I rmt_storage: rmt_storage_rw_iovec_cb: /boot/modem_fs1: clnt_h=0x1: req_h=0x26 msg_id=3: R/W request received
12-13 14:41:36.332   197   197 I rmt_storage: wakelock acquired: 1, error no: 2
12-13 14:41:36.332   197   532 I rmt_storage: rmt_storage_client_thread: /boot/modem_fs1: clnt_h=0x1 Unblock worker thread (th_id: -1228146384)
12-13 14:41:36.430   197   532 I rmt_storage: rmt_storage_client_thread: /boot/modem_fs1: clnt_h=0x1: req_h=0x26 msg_id=3: Bytes written = 1572864
12-13 14:41:36.430   197   532 I rmt_storage: rmt_storage_client_thread: /boot/modem_fs1: clnt_h=0x1: req_h=0x26 msg_id=3: Send response: res=0 err=0
12-13 14:41:36.430   197   532 I rmt_storage: rmt_storage_client_thread: /boot/modem_fs1: clnt_h=0x1 About to block rmt_storage client thread (th_id: -1228146384) wakelock released: 1, error no: 0
12-13 14:41:36.430   197   532 I rmt_storage: 
12-13 14:41:36.432   197   197 I rmt_storage: rmt_storage_disconnect_cb: clnt_h=0x0x22 conn_h=0x0xb6cca030
12-13 14:41:52.438 15797 16235 I chatty  : uid=10089(com.antivirus) expire 64 lines
12-13 14:41:57.641   798 15174 D NetlinkSocketObserver: NeighborEvent{elapsedMs=532281068, 10.64.44.1, [0050569A0995], RTM_NEWNEIGH, NUD_REACHABLE}
12-13 14:42:01.312   798 15174 D NetlinkSocketObserver: NeighborEvent{elapsedMs=532284738, 10.64.44.1, [0050569A0995], RTM_NEWNEIGH, NUD_STALE}
12-13 14:43:49.452   798 15174 D NetlinkSocketObserver: NeighborEvent{elapsedMs=532392878, 10.64.44.1, [0050569A0995], RTM_NEWNEIGH, NUD_REACHABLE}
12-13 14:44:02.262   798 15174 D NetlinkSocketObserver: NeighborEvent{elapsedMs=532405688, 10.64.44.1, [0050569A0995], RTM_NEWNEIGH, NUD_STALE}
12-13 14:44:04.814   798   811 I UsageStatsService: User[0] Flushing usage stats to disk
12-13 14:44:07.322   798 15174 D NetlinkSocketObserver: NeighborEvent{elapsedMs=532410749, 10.64.44.1, [0050569A0995], RTM_NEWNEIGH, NUD_PROBE}
12-13 14:44:24.583   798 15174 D NetlinkSocketObserver: NeighborEvent{elapsedMs=532428009, 10.64.44.1, [0050569A0995], RTM_NEWNEIGH, NUD_STALE}
12-13 14:45:05.844   798 15174 D NetlinkSocketObserver: NeighborEvent{elapsedMs=532469271, 10.64.44.1, [0050569A0995], RTM_NEWNEIGH, NUD_PROBE}
12-13 14:45:23.102   798 15174 D NetlinkSocketObserver: NeighborEvent{elapsedMs=532486528, 10.64.44.1, [0050569A0995], RTM_NEWNEIGH, NUD_STALE}
12-13 14:45:39.196  1668  2437 W ContentTaskController: Invalid task was provided to stopTracking.
12-13 14:45:39.261  1668  2437 W ContentTaskController: Invalid task was provided to stopTracking.
12-13 14:45:39.376 14315 16326 I PhenotypeFlagCommitter: Experiment Configs successfully retrieved for com.google.android.metrics
12-13 14:45:40.423  1668  2437 W ContentTaskController: Invalid newTask was provided to startTracking.
12-13 14:45:44.142   798 15174 D NetlinkSocketObserver: NeighborEvent{elapsedMs=532507568, 10.64.44.1, [0050569A0995], RTM_NEWNEIGH, NUD_REACHABLE}
12-13 14:45:56.461   798 15174 D NetlinkSocketObserver: NeighborEvent{elapsedMs=532519888, 10.64.44.1, [0050569A0995], RTM_NEWNEIGH, NUD_STALE}
12-13 14:45:59.901   798   901 I PowerManagerService: Waking up from sleep (uid 1000)...
12-13 14:45:59.901   798   798 V KeyguardServiceDelegate: onStartedWakingUp()
12-13 14:45:59.903   798   822 I DisplayPowerController: Blocking screen on until initial contents have been drawn.
12-13 14:45:59.918   206   849 D audio_hw_primary: adev_set_parameters: enter: screen_state=on
12-13 14:45:59.918   206   849 E bt_a2dp_hw: adev_set_parameters: ERROR: set param called even when stream out is null
12-13 14:45:59.921  1675  1686 E ANDR-PERF-LOCK: Failed to reset optimization for resource: 4 level: 0
12-13 14:45:59.922   798   822 V KeyguardServiceDelegate: onScreenTurnedOn(showListener = com.android.server.policy.PhoneWindowManager$2@2aabb9c)
12-13 14:45:59.925   798  1016 V KeyguardServiceDelegate: **** SHOWN CALLED ****
12-13 14:45:59.929   798   914 D WifiConfigStore: Retrieve network priorities after PNO.
12-13 14:45:59.929   798   914 E wifi_gbk2utf: g_pItemList is NULL
12-13 14:45:59.931 15797 15797 I chatty  : uid=10089(com.antivirus) expire 9 lines
12-13 14:45:59.932 15797 16350 I chatty  : uid=10089(com.antivirus) expire 26 lines
12-13 14:45:59.936   798   914 E native  : do suspend false
12-13 14:45:59.944   798   914 D WifiConfigStore: No blacklist allowed without epno enabled
12-13 14:46:00.000   798   817 I DisplayManagerService: Display device changed state: "Built-in Screen", ON
12-13 14:46:00.001   196   196 D SurfaceFlinger: Set power mode=2, type=0 flinger=0xb6a64000
12-13 14:46:00.001   196   196 D qdhwcomposer: hwc_blank: Unblanking display: 0
12-13 14:46:00.077   798   822 I DisplayPowerController: Unblocked screen on after 175 ms
12-13 14:46:00.078   798   822 V KeyguardServiceDelegate: onScreenTurnedOn()
12-13 14:46:00.235   196   196 D qdhwcomposer: hwc_blank: Done unblanking display: 0
12-13 14:46:00.235   798   950 D SurfaceControl: Excessive delay in setPowerMode(): 235ms
12-13 14:46:00.557   798   809 D WifiService: acquireWifiLockLocked: WifiLock{NlpWifiLock type=2 binder=android.os.BinderProxy@d830fb8}
12-13 14:46:00.574  1255  1366 E BrcmNfcJni: nfaConnectionCallback: unknown event ????
12-13 14:46:00.575  1255  1366 D BrcmNfcJni: RoutingManager::nfaEeCallback: NFA_EE_SET_TECH_CFG_EVT; status=0x0
12-13 14:46:00.575  1255  1366 D BrcmNfcJni: RoutingManager::nfaEeCallback: NFA_EE_SET_PROTO_CFG_EVT; status=0x0
12-13 14:46:00.575  1255  3504 D BrcmNfcJni: RoutingManager::commitRouting
12-13 14:46:00.575  1255  1366 D BrcmNfcJni: RoutingManager::nfaEeCallback: NFA_EE_UPDATED_EVT
12-13 14:46:00.585  1668  2437 W ContentTaskController: Invalid task was provided to stopTracking.
12-13 14:46:00.652  1668  2437 W ContentTaskController: Invalid newTask was provided to startTracking.
12-13 14:46:00.767   798  2366 D WifiService: releaseWifiLockLocked: WifiLock{NlpWifiLock type=2 binder=android.os.BinderProxy@d830fb8}
12-13 14:46:01.759  1171  1171 D EmojiAltPhysicalKeyDetector: onKeyUp() : KeyEvent { action=ACTION_UP, keyCode=KEYCODE_BACK, scanCode=0, metaState=0, flags=0x48, repeatCount=0, eventTime=249474937, downTime=249474853, deviceId=-1, source=0x101 }
12-13 14:46:01.760  1171  1171 D EmojiAltPhysicalKeyDetector: onKeyUp() : Not Mapped: 4
12-13 14:46:01.761   206   842 D audio_hw_primary: out_set_parameters: enter: usecase(1: low-latency-playback) kvpairs: routing=2
12-13 14:46:01.771   206   842 D audio_hw_primary: select_devices: out_snd_device(2: speaker) in_snd_device(0: none)
12-13 14:46:01.771   206   842 W msm8974_platform: Codec backend bitwidth 16, samplerate 48000
12-13 14:46:01.771   206   842 D msm8974_platform: platform_send_audio_calibration: sending audio calibration for snd_device(2) acdb_id(15)
12-13 14:46:01.771   206   842 D audio_hw_primary: enable_snd_device: snd_device(2: speaker)
12-13 14:46:01.779   206   842 D audio_hw_primary: enable_audio_route: apply and update mixer path: low-latency-playback
12-13 14:46:01.794 15797 16370 I chatty  : uid=10089(com.antivirus) expire 4 lines
12-13 14:46:01.889   798   808 I art     : Background partial concurrent mark sweep GC freed 150152(12MB) AllocSpace objects, 44(1284KB) LOS objects, 33% free, 30MB/45MB, paused 1.129ms total 118.185ms
12-13 14:46:02.397  1284  1545 W OpenGLRenderer: Incorrectly called buildLayer on View: ShortcutAndWidgetContainer, destroying layer...
12-13 14:46:02.397  1284  1545 W OpenGLRenderer: Incorrectly called buildLayer on View: ShortcutAndWidgetContainer, destroying layer...
12-13 14:46:02.951   798   916 D ConnectivityService: updateNetworkScore for NetworkAgentInfo [WIFI () - 414] to 56
12-13 14:46:04.998 16393 16393 D AndroidRuntime: >>>>>> START com.android.internal.os.RuntimeInit uid 2000 <<<<<<
12-13 14:46:05.002 16393 16393 D AndroidRuntime: CheckJNI is OFF
12-13 14:46:05.021   206   842 D audio_hw_primary: disable_audio_route: reset and update mixer path: low-latency-playback
12-13 14:46:05.022   206   842 D audio_hw_primary: disable_snd_device: snd_device(2: speaker)
12-13 14:46:05.042 16393 16393 D ICU     : No timezone override file found: /data/misc/zoneinfo/current/icu/icu_tzdata.dat
12-13 14:46:05.079 16393 16393 I Radio-JNI: register_android_hardware_Radio DONE
12-13 14:46:05.098 16393 16393 D AndroidRuntime: Calling main entry com.android.commands.pm.Pm
12-13 14:46:05.103 16393 16393 I art     : System.exit called, status: 0
12-13 14:46:05.103 16393 16393 I AndroidRuntime: VM exiting with result code 0.
12-13 14:46:05.571   798 15174 D NetlinkSocketObserver: NeighborEvent{elapsedMs=532528997, 10.64.44.1, [0050569A0995], RTM_NEWNEIGH, NUD_REACHABLE}
12-13 14:46:05.963 16408 16408 D AndroidRuntime: >>>>>> START com.android.internal.os.RuntimeInit uid 2000 <<<<<<
12-13 14:46:05.966   798   916 D ConnectivityService: notifyType CAP_CHANGED for NetworkAgentInfo [WIFI () - 414]
12-13 14:46:05.971 16408 16408 D AndroidRuntime: CheckJNI is OFF
12-13 14:46:06.017 16408 16408 D ICU     : No timezone override file found: /data/misc/zoneinfo/current/icu/icu_tzdata.dat
12-13 14:46:06.065 16408 16408 I Radio-JNI: register_android_hardware_Radio DONE
12-13 14:46:06.087 16408 16408 D AndroidRuntime: Calling main entry com.android.commands.pm.Pm
12-13 14:46:06.092 16408 16408 I art     : System.exit called, status: 0
12-13 14:46:06.092 16408 16408 I AndroidRuntime: VM exiting with result code 0.
12-13 14:46:15.054   798   916 D ConnectivityService: notifyType CAP_CHANGED for NetworkAgentInfo [WIFI () - 414]
12-13 14:46:16.879 15797 16432 I chatty  : uid=10089(com.antivirus) expire 25 lines
12-13 14:46:17.902   798 15174 D NetlinkSocketObserver: NeighborEvent{elapsedMs=532541328, 10.64.44.1, [0050569A0995], RTM_NEWNEIGH, NUD_STALE}
12-13 14:46:20.246  3578  8048 I PlayCommon: [1812] com.google.android.play.a.g.e(853): Preparing logs for uploading
12-13 14:46:20.246  3578  8048 I PlayCommon: [1812] com.google.android.play.a.g.e(855): No file ready to send
12-13 14:46:21.125   798   916 D ConnectivityService: notifyType CAP_CHANGED for NetworkAgentInfo [WIFI () - 414]
12-13 14:46:21.976 15797 15797 I chatty  : uid=10089(com.antivirus) expire 3 lines
12-13 14:46:22.019 15797 16457 I chatty  : uid=10089(com.antivirus) expire 28 lines
12-13 14:46:24.156   798   916 D ConnectivityService: updateNetworkScore for NetworkAgentInfo [WIFI () - 414] to 60
12-13 14:46:26.002   798 15174 D NetlinkSocketObserver: NeighborEvent{elapsedMs=532549428, 10.64.44.1, [0050569A0995], RTM_NEWNEIGH, NUD_REACHABLE}
12-13 14:46:27.189   798   916 D ConnectivityService: notifyType CAP_CHANGED for NetworkAgentInfo [WIFI () - 414]
12-13 14:46:27.207   798   916 D ConnectivityService: updateNetworkScore for NetworkAgentInfo [WIFI () - 414] to 56
12-13 14:46:31.991 15797 15797 I chatty  : uid=10089(com.antivirus) expire 3 lines
12-13 14:46:32.019 15797 16475 I chatty  : uid=10089(com.antivirus) expire 28 lines
12-13 14:46:33.246   798   916 D ConnectivityService: updateNetworkScore for NetworkAgentInfo [WIFI () - 414] to 60
12-13 14:46:36.273   798   916 D ConnectivityService: updateNetworkScore for NetworkAgentInfo [WIFI () - 414] to 56
12-13 14:46:39.173   798   812 I ActivityManager: Killing 13394:com.cyanogenmod.updater/u0a3 (adj 15): empty for 1800s
12-13 14:46:39.285 14315 16483 I EventLogChimeraService: Opted in for usage reporting
12-13 14:46:39.286 14315 16483 I EventLogChimeraService: Aggregate from 1481631387522 (log), 1481631387522 (data)
12-13 14:46:39.395 14315 16483 I ServiceDumpSys: dumping service [account]
12-13 14:46:45.291 16496 16496 D AndroidRuntime: >>>>>> START com.android.internal.os.RuntimeInit uid 2000 <<<<<<
12-13 14:46:45.295 16496 16496 D AndroidRuntime: CheckJNI is OFF
12-13 14:46:45.333 16496 16496 D ICU     : No timezone override file found: /data/misc/zoneinfo/current/icu/icu_tzdata.dat
12-13 14:46:45.366 16496 16496 I Radio-JNI: register_android_hardware_Radio DONE
12-13 14:46:45.384 16496 16496 D AndroidRuntime: Calling main entry com.android.commands.wm.Wm
12-13 14:46:45.386 16496 16496 D AndroidRuntime: Shutting down VM
12-13 14:46:45.390 16496 16512 E art     : Thread attaching while runtime is shutting down: Binder_1
12-13 14:46:45.390 16496 16512 I AndroidRuntime: NOTE: attach of thread 'Binder_1' failed
12-13 14:46:45.726 16505 16505 D AndroidRuntime: >>>>>> START com.android.internal.os.RuntimeInit uid 2000 <<<<<<
12-13 14:46:45.730 16505 16505 D AndroidRuntime: CheckJNI is OFF
12-13 14:46:45.770 16505 16505 D ICU     : No timezone override file found: /data/misc/zoneinfo/current/icu/icu_tzdata.dat
12-13 14:46:45.808 16505 16505 I Radio-JNI: register_android_hardware_Radio DONE
12-13 14:46:45.826 16505 16505 D AndroidRuntime: Calling main entry com.android.commands.am.Am
12-13 14:46:45.828   798  1016 I ActivityManager: Force stopping com.antivirus appid=10089 user=0: from pid 16505
12-13 14:46:45.828   798  1016 I ActivityManager: Killing 15797:com.antivirus/u0a89 (adj 9): stop com.antivirus
12-13 14:46:45.844   798  2368 D GraphicsStats: Buffer count: 5
12-13 14:46:45.871   798  1016 W ActivityManager: Scheduling restart of crashed service com.antivirus/.libbillingapp.BillingAppService in 1000ms
12-13 14:46:45.872   798  1016 I ActivityManager:   Force stopping service ServiceRecord{3753102 u0 com.antivirus/.libbillingapp.BillingAppService}
12-13 14:46:45.873   798  1691 W ActivityManager: Spurious death for ProcessRecord{ebe2f39 0:com.antivirus/u0a89}, curProc for 15797: null
12-13 14:46:45.876 16505 16505 D AndroidRuntime: Shutting down VM
12-13 14:46:46.603 16535 16535 D AndroidRuntime: >>>>>> START com.android.internal.os.RuntimeInit uid 2000 <<<<<<
12-13 14:46:46.607 16535 16535 D AndroidRuntime: CheckJNI is OFF
12-13 14:46:46.644 16535 16535 D ICU     : No timezone override file found: /data/misc/zoneinfo/current/icu/icu_tzdata.dat
12-13 14:46:46.680 16535 16535 I Radio-JNI: register_android_hardware_Radio DONE
12-13 14:46:46.699 16535 16535 D AndroidRuntime: Calling main entry com.android.commands.am.Am
12-13 14:46:46.701   798 23064 I ActivityManager: START u0 {act=android.intent.action.MAIN cat=[android.intent.category.LAUNCHER] flg=0x10000000 cmp=com.antivirus/.libbillingapp.main.BillingMainActivity} from uid 2000 on display 0
12-13 14:46:46.709 16535 16535 D AndroidRuntime: Shutting down VM
12-13 14:46:46.726   798   810 I ActivityManager: Start proc 16557:com.antivirus/u0a89 for activity com.antivirus/.libbillingapp.main.BillingMainActivity
12-13 14:46:46.726 16557 16557 I chatty  : uid=10089(com.antivirus) expire 90 lines
12-13 14:46:47.865 16557 16584 I chatty  : uid=10089(com.antivirus) expire 2 lines
12-13 14:46:47.875 16557 16586 I chatty  : uid=10089(com.antivirus) expire 50 lines
12-13 14:46:48.214 16557 16593 I chatty  : uid=10089(com.antivirus) expire 1 line
12-13 14:46:48.232 16557 16599 I chatty  : uid=10089(com.antivirus) expire 3 lines
12-13 14:46:48.335 16557 16606 I chatty  : uid=10089(com.antivirus) expire 49 lines
12-13 14:46:48.382   798   817 I ActivityManager: Displayed com.antivirus/.libbillingapp.main.BillingMainActivity: +1s672ms
12-13 14:46:48.584 16557 16604 I chatty  : uid=10089(com.antivirus) expire 15 lines
12-13 14:46:48.649 16557 16606 I chatty  : uid=10089(com.antivirus) expire 66 lines
12-13 14:46:48.678 16557 16586 I chatty  : uid=10089(com.antivirus) expire 116 lines
12-13 14:46:50.181   798 15174 D NetlinkSocketObserver: NeighborEvent{elapsedMs=532573607, 10.64.44.1, [0050569A0995], RTM_NEWNEIGH, NUD_STALE}
12-13 14:46:50.328 16557 16584 I chatty  : uid=10089(com.antivirus) expire 51 lines
12-13 14:46:50.386 16557 16593 I chatty  : uid=10089(com.antivirus) expire 19 lines
12-13 14:46:50.429 16557 16586 I chatty  : uid=10089(com.antivirus) expire 50 lines
12-13 14:46:50.435 16557 16584 I chatty  : uid=10089(com.antivirus) expire 70 lines
12-13 14:46:50.469 16557 16635 I chatty  : uid=10089(com.antivirus) expire 6 lines
12-13 14:46:50.505 16557 16643 I chatty  : uid=10089(com.antivirus) expire 4 lines
12-13 14:46:50.548 16557 16645 I chatty  : uid=10089(com.antivirus) expire 4 lines
12-13 14:46:50.570 16557 16639 I chatty  : uid=10089(com.antivirus) expire 4 lines
12-13 14:46:50.589 16557 16641 I chatty  : uid=10089(com.antivirus) expire 4 lines
12-13 14:46:50.609 16557 16637 I chatty  : uid=10089(com.antivirus) expire 4 lines
12-13 14:46:50.633 16557 16647 I chatty  : uid=10089(com.antivirus) expire 4 lines
12-13 14:46:50.653 16557 16651 I chatty  : uid=10089(com.antivirus) expire 4 lines
12-13 14:46:50.685 16557 16653 I chatty  : uid=10089(com.antivirus) expire 7 lines
12-13 14:46:50.707 16557 16662 I chatty  : uid=10089(com.antivirus) expire 9 lines
12-13 14:46:50.724 16557 16659 I chatty  : uid=10089(com.antivirus) expire 4 lines
12-13 14:46:50.811 16557 16655 I chatty  : uid=10089(com.antivirus) expire 4 lines
12-13 14:46:50.845 16557 16657 I chatty  : uid=10089(com.antivirus) expire 4 lines
12-13 14:46:51.258 16557 16586 I chatty  : uid=10089(com.antivirus) expire 107 lines
12-13 14:46:53.529 16557 16557 I chatty  : uid=10089(com.antivirus) expire 14 lines
12-13 14:47:01.674   798   822 I PowerManagerService: Going to sleep due to screen timeout (uid 1000)...
12-13 14:47:02.220 16557 16707 I chatty  : uid=10089(com.antivirus) expire 4 lines
12-13 14:47:02.242   798   822 W ProcessCpuTracker: Skipping unknown process pid 16685
12-13 14:47:02.242   798   822 W ProcessCpuTracker: Skipping unknown process pid 16686
12-13 14:47:02.243   798   822 W ProcessCpuTracker: Skipping unknown process pid 16696
12-13 14:47:02.244   798   822 W ProcessCpuTracker: Skipping unknown process pid 16703
12-13 14:47:02.244   798   822 W ProcessCpuTracker: Skipping unknown process pid 16704
12-13 14:47:02.262   798   822 V KeyguardServiceDelegate: onScreenTurnedOff()
12-13 14:47:02.301   798   817 I DisplayManagerService: Display device changed state: "Built-in Screen", OFF
12-13 14:47:02.301   196   196 D SurfaceFlinger: Set power mode=0, type=0 flinger=0xb6a64000
12-13 14:47:02.301   196   196 D qdhwcomposer: hwc_blank: Blanking display: 0
12-13 14:47:02.328   798   808 I art     : Background partial concurrent mark sweep GC freed 28157(2MB) AllocSpace objects, 6(120KB) LOS objects, 33% free, 29MB/44MB, paused 1.518ms total 139.966ms
12-13 14:47:02.582   196   196 D qdhwcomposer: hwc_blank: Done blanking display: 0
12-13 14:47:02.583   798   950 D SurfaceControl: Excessive delay in setPowerMode(): 282ms
12-13 14:47:02.584  1675  1686 E ANDR-PERF-LOCK: Failed to apply optimization for resource: 4 level: 0
12-13 14:47:02.584   798   822 I PowerManagerService: Sleeping (uid 1000)...
12-13 14:47:02.590   206  1212 D audio_hw_primary: adev_set_parameters: enter: screen_state=off
12-13 14:47:02.590   206  1212 E bt_a2dp_hw: adev_set_parameters: ERROR: set param called even when stream out is null
12-13 14:47:02.606   798   914 D WifiConfigStore: Retrieve network priorities after PNO.
12-13 14:47:02.607   798   914 E wifi_gbk2utf: g_pItemList is NULL
12-13 14:47:02.608   798   914 E native  : do suspend true
12-13 14:47:04.585   798   822 W PowerManagerService: Sandman unresponsive, releasing suspend blocker
12-13 14:47:06.817   798   901 I PowerManagerService: Waking up from sleep (uid 1000)...
12-13 14:47:06.818   798   822 I DisplayPowerController: Blocking screen on until initial contents have been drawn.
12-13 14:47:06.818   798   822 V KeyguardServiceDelegate: onScreenTurnedOn(showListener = com.android.server.policy.PhoneWindowManager$2@2aabb9c)
12-13 14:47:06.826  1675  1686 E ANDR-PERF-LOCK: Failed to reset optimization for resource: 4 level: 0
12-13 14:47:06.835   798   798 V KeyguardServiceDelegate: onStartedWakingUp()
12-13 14:47:06.838   798  1691 V KeyguardServiceDelegate: **** SHOWN CALLED ****
12-13 14:47:06.839   206   923 D audio_hw_primary: adev_set_parameters: enter: screen_state=on
12-13 14:47:06.839   206   923 E bt_a2dp_hw: adev_set_parameters: ERROR: set param called even when stream out is null
12-13 14:47:06.850   798   914 D WifiConfigStore: Retrieve network priorities after PNO.
12-13 14:47:06.850   798   914 E wifi_gbk2utf: g_pItemList is NULL
12-13 14:47:06.854   798   914 E native  : do suspend false
12-13 14:47:06.857   798   914 D WifiConfigStore: No blacklist allowed without epno enabled
12-13 14:47:06.866 16557 16739 I chatty  : uid=10089(com.antivirus) expire 6 lines
12-13 14:47:06.871  1255  1366 E BrcmNfcJni: nfaConnectionCallback: unknown event ????
12-13 14:47:06.871  1255  1366 D BrcmNfcJni: RoutingManager::nfaEeCallback: NFA_EE_SET_TECH_CFG_EVT; status=0x0
12-13 14:47:06.871  1255  1366 D BrcmNfcJni: RoutingManager::nfaEeCallback: NFA_EE_SET_PROTO_CFG_EVT; status=0x0
12-13 14:47:06.871  1255  3885 D BrcmNfcJni: RoutingManager::commitRouting
12-13 14:47:06.872  1255  1366 D BrcmNfcJni: RoutingManager::nfaEeCallback: NFA_EE_UPDATED_EVT
12-13 14:47:06.897   196   196 D SurfaceFlinger: Set power mode=2, type=0 flinger=0xb6a64000
12-13 14:47:06.897   196   196 D qdhwcomposer: hwc_blank: Unblanking display: 0
12-13 14:47:06.897   798   817 I DisplayManagerService: Display device changed state: "Built-in Screen", ON
12-13 14:47:06.982   798   822 I DisplayPowerController: Unblocked screen on after 164 ms
12-13 14:47:06.983   798   822 V KeyguardServiceDelegate: onScreenTurnedOn()
12-13 14:47:07.137   196   196 D qdhwcomposer: hwc_blank: Done unblanking display: 0
12-13 14:47:07.138   798   950 D SurfaceControl: Excessive delay in setPowerMode(): 240ms
12-13 14:47:12.892   798   916 D ConnectivityService: notifyType CAP_CHANGED for NetworkAgentInfo [WIFI () - 414]
12-13 14:47:15.949   798   916 D ConnectivityService: notifyType CAP_CHANGED for NetworkAgentInfo [WIFI () - 414]
12-13 14:47:22.021   798   916 D ConnectivityService: notifyType CAP_CHANGED for NetworkAgentInfo [WIFI () - 414]
12-13 14:47:48.710 16557 16606 I chatty  : uid=10089(com.antivirus) expire 1 line
12-13 14:47:49.263   798   916 D ConnectivityService: notifyType CAP_CHANGED for NetworkAgentInfo [WIFI () - 414]
12-13 14:47:50.788 16557 16750 I chatty  : uid=10089(com.antivirus) expire 65 lines
12-13 14:47:52.297   798   916 D ConnectivityService: updateNetworkScore for NetworkAgentInfo [WIFI () - 414] to 60
12-13 14:47:55.324   798   916 D ConnectivityService: notifyType CAP_CHANGED for NetworkAgentInfo [WIFI () - 414]
12-13 14:47:55.342   798   916 D ConnectivityService: updateNetworkScore for NetworkAgentInfo [WIFI () - 414] to 56
12-13 14:47:55.852   798 15174 D NetlinkSocketObserver: NeighborEvent{elapsedMs=532639278, 10.64.44.1, [0050569A0995], RTM_NEWNEIGH, NUD_REACHABLE}
12-13 14:47:58.363   798   916 D ConnectivityService: notifyType CAP_CHANGED for NetworkAgentInfo [WIFI () - 414]
12-13 14:48:06.813   798   822 I PowerManagerService: Going to sleep due to screen timeout (uid 1000)...
12-13 14:48:07.378 16557 16557 I chatty  : uid=10089(com.antivirus) expire 11 lines
12-13 14:48:07.385 16557 16811 I chatty  : uid=10089(com.antivirus) expire 4 lines
12-13 14:48:07.410   798   822 V KeyguardServiceDelegate: onScreenTurnedOff()
12-13 14:48:07.446   798   817 I DisplayManagerService: Display device changed state: "Built-in Screen", OFF
12-13 14:48:07.450   196   196 D SurfaceFlinger: Set power mode=0, type=0 flinger=0xb6a64000
12-13 14:48:07.450   196   196 D qdhwcomposer: hwc_blank: Blanking display: 0
12-13 14:48:07.463   798   808 I art     : Background partial concurrent mark sweep GC freed 39406(3MB) AllocSpace objects, 16(868KB) LOS objects, 33% free, 30MB/45MB, paused 1.942ms total 113.591ms
12-13 14:48:07.724   196   196 D qdhwcomposer: hwc_blank: Done blanking display: 0
12-13 14:48:07.724   798   950 D SurfaceControl: Excessive delay in setPowerMode(): 277ms
12-13 14:48:07.725  1675  1686 E ANDR-PERF-LOCK: Failed to apply optimization for resource: 4 level: 0
12-13 14:48:07.725   798   822 I PowerManagerService: Sleeping (uid 1000)...
12-13 14:48:07.727   206   849 D audio_hw_primary: adev_set_parameters: enter: screen_state=off
12-13 14:48:07.727   206   849 E bt_a2dp_hw: adev_set_parameters: ERROR: set param called even when stream out is null
12-13 14:48:07.737   798   914 D WifiConfigStore: Retrieve network priorities after PNO.
12-13 14:48:07.737   798   914 E wifi_gbk2utf: g_pItemList is NULL
12-13 14:48:07.738   798   914 E native  : do suspend true
12-13 14:48:08.902   798 15174 D NetlinkSocketObserver: NeighborEvent{elapsedMs=532652328, 10.64.44.1, [0050569A0995], RTM_NEWNEIGH, NUD_STALE}
12-13 14:48:09.728   798   822 W PowerManagerService: Sandman unresponsive, releasing suspend blocker
12-13 14:48:22.465 16557 16838 I chatty  : uid=10089(com.antivirus) expire 25 lines
12-13 14:48:27.375   798   914 D WifiStateMachine: L2Connected CMD_START_SCAN source -2 379, 380 -> obsolete
12-13 14:48:27.589 16557 16845 I chatty  : uid=10089(com.antivirus) expire 56 lines
12-13 14:48:32.621   798 15174 D NetlinkSocketObserver: NeighborEvent{elapsedMs=532676048, 10.64.44.1, [0050569A0995], RTM_NEWNEIGH, NUD_REACHABLE}
12-13 14:48:54.042   798 15174 D NetlinkSocketObserver: NeighborEvent{elapsedMs=532697468, 10.64.44.1, [0050569A0995], RTM_NEWNEIGH, NUD_STALE}
12-13 14:50:05.894   798 15174 D NetlinkSocketObserver: NeighborEvent{elapsedMs=532769320, 10.64.44.1, [0050569A0995], RTM_NEWNEIGH, NUD_PROBE}
12-13 14:50:22.022   798 15174 D NetlinkSocketObserver: NeighborEvent{elapsedMs=532785448, 10.64.44.1, [0050569A0995], RTM_NEWNEIGH, NUD_STALE}
12-13 14:51:05.774   798 15174 D NetlinkSocketObserver: NeighborEvent{elapsedMs=532829200, 10.64.44.1, [0050569A0995], RTM_NEWNEIGH, NUD_PROBE}
12-13 14:51:20.347  3578  8048 I PlayCommon: [1812] com.google.android.play.a.g.e(853): Preparing logs for uploading
12-13 14:51:20.348  3578  8048 I PlayCommon: [1812] com.google.android.play.a.g.e(855): No file ready to send
12-13 14:51:21.861   798 15174 D NetlinkSocketObserver: NeighborEvent{elapsedMs=532845288, 10.64.44.1, [0050569A0995], RTM_NEWNEIGH, NUD_STALE}
12-13 14:54:06.371 16925 16925 D AndroidRuntime: >>>>>> START com.android.internal.os.RuntimeInit uid 2000 <<<<<<
12-13 14:54:06.375 16925 16925 D AndroidRuntime: CheckJNI is OFF
12-13 14:54:06.415 16925 16925 D ICU     : No timezone override file found: /data/misc/zoneinfo/current/icu/icu_tzdata.dat
12-13 14:54:06.451 16925 16925 I Radio-JNI: register_android_hardware_Radio DONE
12-13 14:54:06.471 16925 16925 D AndroidRuntime: Calling main entry com.android.commands.pm.Pm
12-13 14:54:06.476 16925 16925 I art     : System.exit called, status: 0
12-13 14:54:06.476 16925 16925 I AndroidRuntime: VM exiting with result code 0.
12-13 14:54:07.350 16948 16948 D AndroidRuntime: >>>>>> START com.android.internal.os.RuntimeInit uid 2000 <<<<<<
12-13 14:54:07.354 16948 16948 D AndroidRuntime: CheckJNI is OFF
12-13 14:54:07.393 16948 16948 D ICU     : No timezone override file found: /data/misc/zoneinfo/current/icu/icu_tzdata.dat
12-13 14:54:07.429 16948 16948 I Radio-JNI: register_android_hardware_Radio DONE
12-13 14:54:07.449 16948 16948 D AndroidRuntime: Calling main entry com.android.commands.pm.Pm
12-13 14:54:07.455 16948 16948 I art     : System.exit called, status: 0
12-13 14:54:07.455 16948 16948 I AndroidRuntime: VM exiting with result code 0.
12-13 14:54:57.179   202   644 D MDnsDS  : MDnsSdListener::Monitor poll timed out
12-13 14:54:57.179   202   644 D MDnsDS  : Going to poll with pollCount 1
12-13 14:55:49.799 16992 16992 D AndroidRuntime: >>>>>> START com.android.internal.os.RuntimeInit uid 2000 <<<<<<
12-13 14:55:49.802 16992 16992 D AndroidRuntime: CheckJNI is OFF
12-13 14:55:49.840 16992 16992 D ICU     : No timezone override file found: /data/misc/zoneinfo/current/icu/icu_tzdata.dat
12-13 14:55:49.875 16992 16992 I Radio-JNI: register_android_hardware_Radio DONE
12-13 14:55:49.894 16992 16992 D AndroidRuntime: Calling main entry com.android.commands.wm.Wm
12-13 14:55:49.895 16992 16992 D AndroidRuntime: Shutting down VM
12-13 14:55:49.899 16992 17014 E art     : Thread attaching while runtime is shutting down: Binder_1
12-13 14:55:49.899 16992 17014 I AndroidRuntime: NOTE: attach of thread 'Binder_1' failed
12-13 14:55:50.669 17016 17016 D AndroidRuntime: >>>>>> START com.android.internal.os.RuntimeInit uid 2000 <<<<<<
12-13 14:55:50.673 17016 17016 D AndroidRuntime: CheckJNI is OFF
12-13 14:55:50.712 17016 17016 D ICU     : No timezone override file found: /data/misc/zoneinfo/current/icu/icu_tzdata.dat
12-13 14:55:50.749 17016 17016 I Radio-JNI: register_android_hardware_Radio DONE
12-13 14:55:50.768 17016 17016 D AndroidRuntime: Calling main entry com.android.commands.am.Am
12-13 14:55:50.769   798 23058 I ActivityManager: Force stopping com.antivirus appid=10089 user=0: from pid 17016
12-13 14:55:50.769   798 23058 I ActivityManager: Killing 16557:com.antivirus/u0a89 (adj 0): stop com.antivirus
12-13 14:55:50.796   798  2366 D GraphicsStats: Buffer count: 5
12-13 14:55:50.796   798  2366 I WindowState: WIN DEATH: Window{f48d665 u0 com.antivirus/com.antivirus.libbillingapp.main.BillingMainActivity}
12-13 14:55:50.891   798 23058 W ActivityManager: Scheduling restart of crashed service com.antivirus/.libbillingapp.BillingAppService in 1000ms
12-13 14:55:50.901 17030 17030 I chatty  : uid=10089(com.antivirus) expire 65 lines
12-13 14:55:50.902   798 23058 I ActivityManager: Start proc 17030:com.antivirus/u0a89 for activity com.antivirus/.libbillingapp.main.BillingMainActivity
12-13 14:55:50.903   798 23058 I ActivityManager:   Force finishing activity ActivityRecord{873a97e u0 com.antivirus/.libbillingapp.main.BillingMainActivity t63}
12-13 14:55:50.913   798 23058 I ActivityManager:   Force stopping service ServiceRecord{77ac430 u0 com.antivirus/.libbillingapp.BillingAppService}
12-13 14:55:50.914   798   813 W art     : Long monitor contention event with owner method=void com.android.server.am.ActivityManagerService.forceStopPackage(java.lang.String, int) from ActivityManagerService.java:5573 waiters=0 for 145ms
12-13 14:55:50.914   798 23064 W ActivityManager: Spurious death for ProcessRecord{b703543 0:com.antivirus/u0a89}, curProc for 16557: null
12-13 14:55:50.914 17016 17016 D AndroidRuntime: Shutting down VM
12-13 14:55:50.946  3629  3629 D WebViewTimersControl: onBrowserActivityResume
12-13 14:55:50.946  3629  3629 D WebViewTimersControl: Resuming webview timers, view=com.android.browser.BrowserWebView{2ec3f99 VFE...CL. .F...... 0,0-1080,1704}
12-13 14:55:50.980   798  2366 W InputMethodManagerService: Got RemoteException sending setActive(false) notification to pid 16557 uid 10089
12-13 14:55:50.981  3629  3629 D WebViewTimersControl: onBrowserActivityPause
12-13 14:55:50.981  3629  3629 D WebViewTimersControl: Pausing webview timers, view=com.android.browser.BrowserWebView{2ec3f99 VFE...CL. .F...... 0,0-1080,1704}
12-13 14:55:51.002  3629  3629 E ActivityThread: Performing stop of activity that is not resumed: {org.cyanogenmod.gello.browser/com.android.browser.BrowserActivity}
12-13 14:55:51.002  3629  3629 E ActivityThread: java.lang.RuntimeException: Performing stop of activity that is not resumed: {org.cyanogenmod.gello.browser/com.android.browser.BrowserActivity}
12-13 14:55:51.002  3629  3629 E ActivityThread: 	at android.app.ActivityThread.performStopActivityInner(ActivityThread.java:3499)
12-13 14:55:51.002  3629  3629 E ActivityThread: 	at android.app.ActivityThread.handleStopActivity(ActivityThread.java:3584)
12-13 14:55:51.002  3629  3629 E ActivityThread: 	at android.app.ActivityThread.-wrap20(ActivityThread.java)
12-13 14:55:51.002  3629  3629 E ActivityThread: 	at android.app.ActivityThread$H.handleMessage(ActivityThread.java:1392)
12-13 14:55:51.002  3629  3629 E ActivityThread: 	at android.os.Handler.dispatchMessage(Handler.java:102)
12-13 14:55:51.002  3629  3629 E ActivityThread: 	at android.os.Looper.loop(Looper.java:148)
12-13 14:55:51.002  3629  3629 E ActivityThread: 	at android.app.ActivityThread.main(ActivityThread.java:5461)
12-13 14:55:51.002  3629  3629 E ActivityThread: 	at java.lang.reflect.Method.invoke(Native Method)
12-13 14:55:51.002  3629  3629 E ActivityThread: 	at com.android.internal.os.ZygoteInit$MethodAndArgsCaller.run(ZygoteInit.java:726)
12-13 14:55:51.002  3629  3629 E ActivityThread: 	at com.android.internal.os.ZygoteInit.main(ZygoteInit.java:616)
12-13 14:55:51.005   798  1017 I ActivityManager: Activity reported stop, but no longer stopping: ActivityRecord{851f9d0 u0 org.cyanogenmod.gello.browser/com.android.browser.BrowserActivity t30}
12-13 14:55:51.078 17062 17062 I chatty  : uid=10089(com.antivirus) /system/bin/dex2oat expire 3 lines
12-13 14:55:51.409 17062 17067 I chatty  : uid=10089(com.antivirus) /system/bin/dex2oat expire 2 lines
12-13 14:55:51.433 17062 17066 I chatty  : uid=10089(com.antivirus) /system/bin/dex2oat expire 3 lines
12-13 14:55:51.631 17061 17061 D AndroidRuntime: >>>>>> START com.android.internal.os.RuntimeInit uid 2000 <<<<<<
12-13 14:55:51.635 17061 17061 D AndroidRuntime: CheckJNI is OFF
12-13 14:55:51.676 17061 17061 D ICU     : No timezone override file found: /data/misc/zoneinfo/current/icu/icu_tzdata.dat
12-13 14:55:51.723 17061 17061 I Radio-JNI: register_android_hardware_Radio DONE
12-13 14:55:51.743 17061 17061 D AndroidRuntime: Calling main entry com.android.commands.am.Am
12-13 14:55:51.746   798  1691 I ActivityManager: START u0 {act=android.intent.action.MAIN cat=[android.intent.category.LAUNCHER] flg=0x10000000 cmp=com.antivirus/.libbillingapp.main.BillingMainActivity} from uid 2000 on display 0
12-13 14:55:51.754 17062 17068 I chatty  : uid=10089(com.antivirus) /system/bin/dex2oat expire 2 lines
12-13 14:55:51.758 17061 17061 D AndroidRuntime: Shutting down VM
12-13 14:55:51.771  1284  1545 W OpenGLRenderer: Incorrectly called buildLayer on View: ShortcutAndWidgetContainer, destroying layer...
12-13 14:55:51.774  1284  1545 W OpenGLRenderer: Incorrectly called buildLayer on View: ShortcutAndWidgetContainer, destroying layer...
12-13 14:55:52.045 17077 17077 I chatty  : uid=10089(com.antivirus) /system/bin/dex2oat expire 2 lines
12-13 14:55:52.256   798   812 W ActivityManager: Activity pause timeout for ActivityRecord{79a4ed8 u0 com.antivirus/.libbillingapp.main.BillingMainActivity t64}
12-13 14:55:52.436 17091 17091 I chatty  : uid=10089(com.antivirus) /system/bin/dex2oat expire 2 lines
12-13 14:55:52.645 17097 17097 I chatty  : uid=10089(com.antivirus) /system/bin/dex2oat expire 2 lines
12-13 14:55:53.121 17097 17101 I chatty  : uid=10089(com.antivirus) /system/bin/dex2oat expire 1 line
12-13 14:55:53.293 17102 17102 I chatty  : uid=10089(com.antivirus) /system/bin/dex2oat expire 2 lines
12-13 14:55:53.749 17126 17126 I chatty  : uid=10089(com.antivirus) /system/bin/dex2oat expire 3 lines
12-13 14:55:54.122 17126 17130 I chatty  : uid=10089(com.antivirus) /system/bin/dex2oat expire 2 lines
12-13 14:55:54.139 17126 17131 I chatty  : uid=10089(com.antivirus) /system/bin/dex2oat expire 2 lines
12-13 14:55:54.172 17126 17129 I chatty  : uid=10089(com.antivirus) /system/bin/dex2oat expire 1 line
12-13 14:55:54.458 17133 17133 I chatty  : uid=10089(com.antivirus) /system/bin/dex2oat expire 3 lines
12-13 14:55:54.976 17133 17136 I chatty  : uid=10089(com.antivirus) /system/bin/dex2oat expire 1 line
12-13 14:55:56.011   798 15174 D NetlinkSocketObserver: NeighborEvent{elapsedMs=533119437, 10.64.44.1, [0050569A0995], RTM_NEWNEIGH, NUD_REACHABLE}
12-13 14:55:56.141 17030 17152 I chatty  : uid=10089(com.antivirus) expire 2 lines
12-13 14:55:56.158 17030 17154 I chatty  : uid=10089(com.antivirus) expire 24 lines
12-13 14:55:56.451 17030 17030 E AndroidRuntime: FATAL EXCEPTION: main
12-13 14:55:56.451 17030 17030 E AndroidRuntime: Process: com.antivirus, PID: 17030
12-13 14:55:56.451 17030 17030 E AndroidRuntime: Theme: themes:{}
12-13 14:55:56.451 17030 17030 E AndroidRuntime: java.lang.RuntimeException: Unable to start activity ComponentInfo{com.antivirus/com.antivirus.libbillingapp.main.BillingMainActivity}: android.view.InflateException: Binary XML file line #6: Binary XML file line #6: Class is not a View com.antivirus.libbillingapp.main.BillingMainFragment
12-13 14:55:56.451 17030 17030 E AndroidRuntime: 	at android.app.ActivityThread.performLaunchActivity(ActivityThread.java:2450)
12-13 14:55:56.451 17030 17030 E AndroidRuntime: 	at android.app.ActivityThread.handleLaunchActivity(ActivityThread.java:2510)
12-13 14:55:56.451 17030 17030 E AndroidRuntime: 	at android.app.ActivityThread.-wrap11(ActivityThread.java)
12-13 14:55:56.451 17030 17030 E AndroidRuntime: 	at android.app.ActivityThread$H.handleMessage(ActivityThread.java:1363)
12-13 14:55:56.451 17030 17030 E AndroidRuntime: 	at android.os.Handler.dispatchMessage(Handler.java:102)
12-13 14:55:56.451 17030 17030 E AndroidRuntime: 	at android.os.Looper.loop(Looper.java:148)
12-13 14:55:56.451 17030 17030 E AndroidRuntime: 	at android.app.ActivityThread.main(ActivityThread.java:5461)
12-13 14:55:56.451 17030 17030 E AndroidRuntime: 	at java.lang.reflect.Method.invoke(Native Method)
12-13 14:55:56.451 17030 17030 E AndroidRuntime: 	at com.android.internal.os.ZygoteInit$MethodAndArgsCaller.run(ZygoteInit.java:726)
12-13 14:55:56.451 17030 17030 E AndroidRuntime: 	at com.android.internal.os.ZygoteInit.main(ZygoteInit.java:616)
12-13 14:55:56.451 17030 17030 E AndroidRuntime: Caused by: android.view.InflateException: Binary XML file line #6: Binary XML file line #6: Class is not a View com.antivirus.libbillingapp.main.BillingMainFragment
12-13 14:55:56.451 17030 17030 E AndroidRuntime: 	at android.view.LayoutInflater.inflate(LayoutInflater.java:539)
12-13 14:55:56.451 17030 17030 E AndroidRuntime: 	at android.view.LayoutInflater.inflate(LayoutInflater.java:423)
12-13 14:55:56.451 17030 17030 E AndroidRuntime: 	at android.view.LayoutInflater.inflate(LayoutInflater.java:374)
12-13 14:55:56.451 17030 17030 E AndroidRuntime: 	at android.support.v7.app.AppCompatDelegateImplV9.setContentView(AppCompatDelegateImplV9.java:284)
12-13 14:55:56.451 17030 17030 E AndroidRuntime: 	at android.support.v7.app.AppCompatActivity.setContentView(AppCompatActivity.java:140)
12-13 14:55:56.451 17030 17030 E AndroidRuntime: 	at com.antivirus.libbillingapp.main.BillingMainActivity.onCreate(BillingMainActivity.java:34)
12-13 14:55:56.451 17030 17030 E AndroidRuntime: 	at android.app.Activity.performCreate(Activity.java:6251)
12-13 14:55:56.451 17030 17030 E AndroidRuntime: 	at android.app.Instrumentation.callActivityOnCreate(Instrumentation.java:1108)
12-13 14:55:56.451 17030 17030 E AndroidRuntime: 	at android.app.ActivityThread.performLaunchActivity(ActivityThread.java:2403)
12-13 14:55:56.451 17030 17030 E AndroidRuntime: 	... 9 more
12-13 14:55:56.451 17030 17030 E AndroidRuntime: Caused by: android.view.InflateException: Binary XML file line #6: Class is not a View com.antivirus.libbillingapp.main.BillingMainFragment
12-13 14:55:56.451 17030 17030 E AndroidRuntime: 	at android.view.LayoutInflater.createView(LayoutInflater.java:636)
12-13 14:55:56.451 17030 17030 E AndroidRuntime: 	at android.view.LayoutInflater.createViewFromTag(LayoutInflater.java:764)
12-13 14:55:56.451 17030 17030 E AndroidRuntime: 	at android.view.LayoutInflater.createViewFromTag(LayoutInflater.java:704)
12-13 14:55:56.451 17030 17030 E AndroidRuntime: 	at android.view.LayoutInflater.rInflate(LayoutInflater.java:835)
12-13 14:55:56.451 17030 17030 E AndroidRuntime: 	at android.view.LayoutInflater.rInflateChildren(LayoutInflater.java:798)
12-13 14:55:56.451 17030 17030 E AndroidRuntime: 	at android.view.LayoutInflater.inflate(LayoutInflater.java:515)
12-13 14:55:56.451 17030 17030 E AndroidRuntime: 	... 17 more
12-13 14:55:56.451 17030 17030 E AndroidRuntime: Caused by: java.lang.ClassCastException: com.antivirus.libbillingapp.main.BillingMainFragment cannot be cast to android.view.View
12-13 14:55:56.451 17030 17030 E AndroidRuntime: 	at java.lang.Class.asSubclass(Class.java:1486)
12-13 14:55:56.451 17030 17030 E AndroidRuntime: 	at android.view.LayoutInflater.createView(LayoutInflater.java:583)
12-13 14:55:56.451 17030 17030 E AndroidRuntime: 	... 22 more
12-13 14:55:56.458   798  2366 W ActivityManager:   Force finishing activity com.antivirus/.libbillingapp.main.BillingMainActivity
12-13 14:55:56.521   798 23060 I ActivityManager: Process com.antivirus (pid 17030) has died
12-13 14:55:56.521   798 23060 W ActivityManager: Scheduling restart of crashed service com.antivirus/.libbillingapp.BillingAppService in 1112ms
12-13 14:55:56.574   798 23065 W InputMethodManagerService: Window already focused, ignoring focus gain of: com.android.internal.view.IInputMethodClient$Stub$Proxy@d98b5fa attribute=null, token = android.os.BinderProxy@5d2bcfe
12-13 14:55:57.678   798   812 I ActivityManager: Start proc 17175:com.antivirus/u0a89 for service com.antivirus/.libbillingapp.BillingAppService
12-13 14:55:57.682 17175 17175 I chatty  : uid=10089(com.antivirus) expire 71 lines
12-13 14:55:57.707 17175 17181 I chatty  : uid=10089(com.antivirus) expire 2 lines
12-13 14:55:58.662 17175 17202 I chatty  : uid=10089(com.antivirus) expire 2 lines
12-13 14:55:58.682 17175 17204 I chatty  : uid=10089(com.antivirus) expire 84 lines
12-13 14:55:58.762 17175 17175 I chatty  : uid=10089(com.antivirus) expire 13 lines
12-13 14:55:58.826 17175 17213 I chatty  : uid=10089(com.antivirus) expire 153 lines
12-13 14:55:59.047 17175 17211 I chatty  : uid=10089(com.antivirus) expire 15 lines
12-13 14:55:59.641   798 15174 D NetlinkSocketObserver: NeighborEvent{elapsedMs=533123068, 10.64.44.1, [0050569A0995], RTM_NEWNEIGH, NUD_STALE}
12-13 14:55:59.876 17175 17204 I chatty  : uid=10089(com.antivirus) expire 100 lines
12-13 14:56:01.162 17175 17202 I chatty  : uid=10089(com.antivirus) expire 83 lines
12-13 14:56:01.281 17175 17256 I chatty  : uid=10089(com.antivirus) expire 4 lines
12-13 14:56:01.340 17175 17258 I chatty  : uid=10089(com.antivirus) expire 4 lines
12-13 14:56:01.355 17175 17256 I chatty  : uid=10089(com.antivirus) expire 2 lines
12-13 14:56:01.370 17175 17204 I chatty  : uid=10089(com.antivirus) expire 139 lines
12-13 14:56:01.370 17175 17202 I chatty  : uid=10089(com.antivirus) expire 38 lines
12-13 14:56:01.375 17175 17262 I chatty  : uid=10089(com.antivirus) expire 4 lines
12-13 14:56:01.411 17175 17264 I chatty  : uid=10089(com.antivirus) expire 4 lines
12-13 14:56:01.434 17175 17266 I chatty  : uid=10089(com.antivirus) expire 4 lines
12-13 14:56:01.462 17175 17268 I chatty  : uid=10089(com.antivirus) expire 4 lines
12-13 14:56:01.484 17175 17270 I chatty  : uid=10089(com.antivirus) expire 4 lines
12-13 14:56:01.529 17175 17274 I chatty  : uid=10089(com.antivirus) expire 4 lines
12-13 14:56:01.568 17175 17272 I chatty  : uid=10089(com.antivirus) expire 4 lines
12-13 14:56:01.590 17175 17276 I chatty  : uid=10089(com.antivirus) expire 4 lines
12-13 14:56:01.609 17175 17278 I chatty  : uid=10089(com.antivirus) expire 4 lines
12-13 14:56:01.644 17175 17280 I chatty  : uid=10089(com.antivirus) expire 7 lines
12-13 14:56:01.663 17175 17283 I chatty  : uid=10089(com.antivirus) expire 9 lines
12-13 14:56:04.026 17175 17175 I chatty  : uid=10089(com.antivirus) expire 8 lines
12-13 14:56:20.387  3578  8048 I PlayCommon: [1812] com.google.android.play.a.g.e(853): Preparing logs for uploading
12-13 14:56:20.387  3578  8048 I PlayCommon: [1812] com.google.android.play.a.g.e(855): No file ready to send
12-13 14:56:21.099  3578  3651 I PlayCommon: [1794] com.google.android.play.a.g.e(853): Preparing logs for uploading
12-13 14:56:21.099  3578  3651 I PlayCommon: [1794] com.google.android.play.a.g.e(855): No file ready to send
12-13 14:56:35.802   798   901 I PowerManagerService: Waking up from sleep (uid 1000)...
12-13 14:56:35.802   798   798 V KeyguardServiceDelegate: onStartedWakingUp()
12-13 14:56:35.804   798   822 I DisplayPowerController: Blocking screen on until initial contents have been drawn.
12-13 14:56:35.812  1675  1686 E ANDR-PERF-LOCK: Failed to reset optimization for resource: 4 level: 0
12-13 14:56:35.814   798   822 V KeyguardServiceDelegate: onScreenTurnedOn(showListener = com.android.server.policy.PhoneWindowManager$2@2aabb9c)
12-13 14:56:35.818   206   206 D audio_hw_primary: adev_set_parameters: enter: screen_state=on
12-13 14:56:35.818   206   206 E bt_a2dp_hw: adev_set_parameters: ERROR: set param called even when stream out is null
12-13 14:56:35.822   798  2368 V KeyguardServiceDelegate: **** SHOWN CALLED ****
12-13 14:56:35.837   798   914 D WifiConfigStore: Retrieve network priorities after PNO.
12-13 14:56:35.837   798   914 E wifi_gbk2utf: g_pItemList is NULL
12-13 14:56:35.841   798   916 D ConnectivityService: notifyType CAP_CHANGED for NetworkAgentInfo [WIFI () - 414]
12-13 14:56:35.842   798   914 E native  : do suspend false
12-13 14:56:35.849   798   914 D WifiConfigStore: No blacklist allowed without epno enabled
12-13 14:56:35.862  1284  1545 W OpenGLRenderer: Incorrectly called buildLayer on View: ShortcutAndWidgetContainer, destroying layer...
12-13 14:56:35.862  1284  1545 W OpenGLRenderer: Incorrectly called buildLayer on View: ShortcutAndWidgetContainer, destroying layer...
12-13 14:56:35.894   798   817 I DisplayManagerService: Display device changed state: "Built-in Screen", ON
12-13 14:56:35.894   196   196 D SurfaceFlinger: Set power mode=2, type=0 flinger=0xb6a64000
12-13 14:56:35.894   196   196 D qdhwcomposer: hwc_blank: Unblanking display: 0
12-13 14:56:35.961   798   822 I DisplayPowerController: Unblocked screen on after 156 ms
12-13 14:56:35.961   798   822 V KeyguardServiceDelegate: onScreenTurnedOn()
12-13 14:56:36.135   196   196 D qdhwcomposer: hwc_blank: Done unblanking display: 0
12-13 14:56:36.135   798   950 D SurfaceControl: Excessive delay in setPowerMode(): 241ms
12-13 14:56:36.762  1255  1366 E BrcmNfcJni: nfaConnectionCallback: unknown event ????
12-13 14:56:36.762  1255  1366 D BrcmNfcJni: RoutingManager::nfaEeCallback: NFA_EE_SET_TECH_CFG_EVT; status=0x0
12-13 14:56:36.762  1255  1366 D BrcmNfcJni: RoutingManager::nfaEeCallback: NFA_EE_SET_PROTO_CFG_EVT; status=0x0
12-13 14:56:36.763  1255  3500 D BrcmNfcJni: RoutingManager::commitRouting
12-13 14:56:36.763  1255  1366 D BrcmNfcJni: RoutingManager::nfaEeCallback: NFA_EE_UPDATED_EVT
12-13 14:56:41.761   798 15174 D NetlinkSocketObserver: NeighborEvent{elapsedMs=533165188, 10.64.44.1, [0050569A0995], RTM_NEWNEIGH, NUD_REACHABLE}
12-13 14:56:45.171   798 15174 D NetlinkSocketObserver: NeighborEvent{elapsedMs=533168598, 10.64.44.1, [0050569A0995], RTM_NEWNEIGH, NUD_STALE}
12-13 14:56:55.864 17334 17334 D AndroidRuntime: >>>>>> START com.android.internal.os.RuntimeInit uid 2000 <<<<<<
12-13 14:56:55.868 17334 17334 D AndroidRuntime: CheckJNI is OFF
12-13 14:56:55.909 17334 17334 D ICU     : No timezone override file found: /data/misc/zoneinfo/current/icu/icu_tzdata.dat
12-13 14:56:55.963 17334 17334 I Radio-JNI: register_android_hardware_Radio DONE
12-13 14:56:55.985 17334 17334 D AndroidRuntime: Calling main entry com.android.commands.pm.Pm
12-13 14:56:55.990 17334 17334 I art     : System.exit called, status: 0
12-13 14:56:55.990 17334 17334 I AndroidRuntime: VM exiting with result code 0.
12-13 14:56:56.841 17356 17356 D AndroidRuntime: >>>>>> START com.android.internal.os.RuntimeInit uid 2000 <<<<<<
12-13 14:56:56.845 17356 17356 D AndroidRuntime: CheckJNI is OFF
12-13 14:56:56.885 17356 17356 D ICU     : No timezone override file found: /data/misc/zoneinfo/current/icu/icu_tzdata.dat
12-13 14:56:56.945 17356 17356 I Radio-JNI: register_android_hardware_Radio DONE
12-13 14:56:56.977 17356 17356 D AndroidRuntime: Calling main entry com.android.commands.pm.Pm
12-13 14:56:56.982 17356 17356 I art     : System.exit called, status: 0
12-13 14:56:56.982 17356 17356 I AndroidRuntime: VM exiting with result code 0.
12-13 14:56:59.211 17175 17213 I chatty  : uid=10089(com.antivirus) expire 1 line
