12-13 08:21:57.360   798   916 D ConnectivityService: NetworkAgentInfo [WIFI () - 400] got DISCONNECTED, was satisfying 4
12-13 08:21:57.370   798   916 D ConnectivityService: notifyType LOST for NetworkAgentInfo [WIFI () - 400]
12-13 08:21:57.407   798   916 D CSLegacyTypeTracker: Sending DISCONNECTED broadcast for type 1 NetworkAgentInfo [WIFI () - 400] isDefaultNetwork=true
12-13 08:21:57.407   798   916 D ConnectivityService: sendStickyBroadcast: action=android.net.conn.CONNECTIVITY_CHANGE
12-13 08:21:57.459   798   916 D ConnectivityService: setProvNotificationVisibleIntent null visible=false networkType=MOBILE extraInfo=null highPriority=false
12-13 08:21:58.925   798   914 D ConnectivityService: registerNetworkAgent NetworkAgentInfo{ ni{[type: WIFI[], state: CONNECTING/CONNECTING, reason: (unspecified), extra: "AVG-QA-RND", roaming: false, failover: false, isAvailable: true]}  network{401}  lp{{InterfaceName: wlan0 LinkAddresses: []  Routes: [] DnsAddresses: [] Domains: null MTU: 0 TcpBufferSizes: 524288,1048576,2097152,262144,524288,1048576}}  nc{[ Transports: WIFI Capabilities: INTERNET&NOT_RESTRICTED&TRUSTED&NOT_VPN LinkUpBandwidth>=1048576Kbps LinkDnBandwidth>=1048576Kbps]}  Score{20}  everValidated{false}  lastValidated{false}  created{false} lingering{false} explicitlySelected{false} acceptUnvalidated{false} everCaptivePortalDetected{false} lastCaptivePortalDetected{false} }
12-13 08:21:58.925   798   916 D ConnectivityService: NetworkAgentInfo [WIFI () - 401] EVENT_NETWORK_INFO_CHANGED, going from null to CONNECTING
12-13 08:21:59.105   798   916 D ConnectivityService: NetworkAgentInfo [WIFI () - 401] EVENT_NETWORK_INFO_CHANGED, going from CONNECTING to CONNECTED
12-13 08:21:59.106   798   916 D ConnectivityService: Adding iface wlan0 to network 401
12-13 08:21:59.191   798   916 E ConnectivityService: Unexpected mtu value: 0, wlan0
12-13 08:21:59.191   798   916 D ConnectivityService: Adding Route [fe80::/64 -> :: wlan0] to network 401
12-13 08:21:59.192   798   916 D ConnectivityService: Adding Route [10.64.44.0/23 -> 0.0.0.0 wlan0] to network 401
12-13 08:21:59.198   798   916 D ConnectivityService: Adding Route [0.0.0.0/0 -> 10.64.44.1 wlan0] to network 401
12-13 08:21:59.202   798   916 D ConnectivityService: Setting Dns servers for network 401 to [/10.64.36.20, /10.64.36.21]
12-13 08:21:59.210   798   916 D ConnectivityService: notifyType IP_CHANGED for NetworkAgentInfo [WIFI () - 401]
12-13 08:21:59.216   798   916 D ConnectivityService: scheduleUnvalidatedPrompt 401
12-13 08:21:59.216   798   916 D ConnectivityService: updateSignalStrengthThresholds: CONNECT, sending [] to NetworkAgentInfo [WIFI () - 401]
12-13 08:21:59.216   798   916 D ConnectivityService: rematch for NetworkAgentInfo [WIFI () - 401]
12-13 08:21:59.216   798   916 D ConnectivityService:    accepting network in place of null
12-13 08:21:59.217   798   916 D ConnectivityService: Switching to new default network: NetworkAgentInfo{ ni{[type: WIFI[], state: CONNECTED/CONNECTED, reason: (unspecified), extra: "AVG-QA-RND", roaming: false, failover: false, isAvailable: true]}  network{401}  lp{{InterfaceName: wlan0 LinkAddresses: [fe80::364d:f7ff:fe3d:e452/64,10.64.44.19/8,]  Routes: [fe80::/64 -> :: wlan0,10.64.44.0/23 -> 0.0.0.0 wlan0,0.0.0.0/0 -> 10.64.44.1 wlan0,] DnsAddresses: [10.64.36.20,10.64.36.21,] Domains: il.avg.com MTU: 0 TcpBufferSizes: 524288,1048576,2097152,262144,524288,1048576}}  nc{[ Transports: WIFI Capabilities: INTERNET&NOT_RESTRICTED&TRUSTED&NOT_VPN LinkUpBandwidth>=1048576Kbps LinkDnBandwidth>=1048576Kbps]}  Score{20}  everValidated{false}  lastValidated{false}  created{true} lingering{false} explicitlySelected{false} acceptUnvalidated{false} everCaptivePortalDetected{false} lastCaptivePortalDetected{false} }
12-13 08:21:59.325   798   916 D CSLegacyTypeTracker: Sending CONNECTED broadcast for type 1 NetworkAgentInfo [WIFI () - 401] isDefaultNetwork=true
12-13 08:21:59.325   798   916 D ConnectivityService: sendStickyBroadcast: action=android.net.conn.CONNECTIVITY_CHANGE
12-13 08:21:59.331   798   916 D ConnectivityService: notifyType PRECHECK for NetworkAgentInfo [WIFI () - 401]
12-13 08:21:59.332   798   916 D ConnectivityService: notifyType CAP_CHANGED for NetworkAgentInfo [WIFI () - 401]
12-13 08:21:59.338   798   916 D ConnectivityService: Setting Dns servers for network 401 to []
12-13 08:21:59.341   798   916 I Nat464Xlat: Starting clatd on wlan0
12-13 08:21:59.361   798   916 D ConnectivityService: notifyType IP_CHANGED for NetworkAgentInfo [WIFI () - 401]
12-13 08:21:59.362   798   916 D ConnectivityService: notifyType CAP_CHANGED for NetworkAgentInfo [WIFI () - 401]
12-13 08:21:59.363   798   916 D ConnectivityService: NetworkAgentInfo [WIFI () - 401] EVENT_NETWORK_INFO_CHANGED, going from CONNECTED to DISCONNECTED
12-13 08:21:59.363   798   916 D ConnectivityService: NetworkAgentInfo [WIFI () - 401] got DISCONNECTED, was satisfying 4
12-13 08:21:59.372   798   916 D ConnectivityService: notifyType LOST for NetworkAgentInfo [WIFI () - 401]
12-13 08:21:59.373   798   916 I Nat464Xlat: Stopping clatd
12-13 08:21:59.808   798   916 D CSLegacyTypeTracker: Sending DISCONNECTED broadcast for type 1 NetworkAgentInfo [WIFI () - 401] isDefaultNetwork=true
12-13 08:21:59.808   798   916 D ConnectivityService: sendStickyBroadcast: action=android.net.conn.CONNECTIVITY_CHANGE
12-13 08:22:00.325   798   916 D ConnectivityService: NetTransition Wakelock (NetworkAgentInfo [WIFI () - 400] cleared because we found a replacement network
12-13 08:22:00.924   798   914 D ConnectivityService: registerNetworkAgent NetworkAgentInfo{ ni{[type: WIFI[], state: CONNECTING/CONNECTING, reason: (unspecified), extra: "AVG-QA-RND", roaming: false, failover: false, isAvailable: true]}  network{402}  lp{{InterfaceName: wlan0 LinkAddresses: []  Routes: [] DnsAddresses: [] Domains: null MTU: 0 TcpBufferSizes: 524288,1048576,2097152,262144,524288,1048576}}  nc{[ Transports: WIFI Capabilities: INTERNET&NOT_RESTRICTED&TRUSTED&NOT_VPN LinkUpBandwidth>=1048576Kbps LinkDnBandwidth>=1048576Kbps]}  Score{20}  everValidated{false}  lastValidated{false}  created{false} lingering{false} explicitlySelected{false} acceptUnvalidated{false} everCaptivePortalDetected{false} lastCaptivePortalDetected{false} }
12-13 08:22:00.924   798   916 D ConnectivityService: NetworkAgentInfo [WIFI () - 402] EVENT_NETWORK_INFO_CHANGED, going from null to CONNECTING
12-13 08:22:01.077   798   916 D ConnectivityService: NetworkAgentInfo [WIFI () - 402] EVENT_NETWORK_INFO_CHANGED, going from CONNECTING to CONNECTED
12-13 08:22:01.078   798   916 D ConnectivityService: Adding iface wlan0 to network 402
12-13 08:22:01.179   798   916 E ConnectivityService: Unexpected mtu value: 0, wlan0
12-13 08:22:01.179   798   916 D ConnectivityService: Adding Route [fe80::/64 -> :: wlan0] to network 402
12-13 08:22:01.180   798   916 D ConnectivityService: Adding Route [10.64.44.0/23 -> 0.0.0.0 wlan0] to network 402
12-13 08:22:01.181   798   916 D ConnectivityService: Adding Route [0.0.0.0/0 -> 10.64.44.1 wlan0] to network 402
12-13 08:22:01.181   798   916 D ConnectivityService: Setting Dns servers for network 402 to [/10.64.36.20, /10.64.36.21]
12-13 08:22:01.189   798   916 D ConnectivityService: notifyType IP_CHANGED for NetworkAgentInfo [WIFI () - 402]
12-13 08:22:01.195   798   916 D ConnectivityService: scheduleUnvalidatedPrompt 402
12-13 08:22:01.195   798   916 D ConnectivityService: updateSignalStrengthThresholds: CONNECT, sending [] to NetworkAgentInfo [WIFI () - 402]
12-13 08:22:01.196   798   916 D ConnectivityService: rematch for NetworkAgentInfo [WIFI () - 402]
12-13 08:22:01.196   798   916 D ConnectivityService:    accepting network in place of null
12-13 08:22:01.197   798   916 D ConnectivityService: Switching to new default network: NetworkAgentInfo{ ni{[type: WIFI[], state: CONNECTED/CONNECTED, reason: (unspecified), extra: "AVG-QA-RND", roaming: false, failover: false, isAvailable: true]}  network{402}  lp{{InterfaceName: wlan0 LinkAddresses: [fe80::364d:f7ff:fe3d:e452/64,10.64.44.19/8,]  Routes: [fe80::/64 -> :: wlan0,10.64.44.0/23 -> 0.0.0.0 wlan0,0.0.0.0/0 -> 10.64.44.1 wlan0,] DnsAddresses: [10.64.36.20,10.64.36.21,] Domains: il.avg.com MTU: 0 TcpBufferSizes: 524288,1048576,2097152,262144,524288,1048576}}  nc{[ Transports: WIFI Capabilities: INTERNET&NOT_RESTRICTED&TRUSTED&NOT_VPN LinkUpBandwidth>=1048576Kbps LinkDnBandwidth>=1048576Kbps]}  Score{20}  everValidated{false}  lastValidated{false}  created{true} lingering{false} explicitlySelected{false} acceptUnvalidated{false} everCaptivePortalDetected{false} lastCaptivePortalDetected{false} }
12-13 08:22:01.270   798   916 D CSLegacyTypeTracker: Sending CONNECTED broadcast for type 1 NetworkAgentInfo [WIFI () - 402] isDefaultNetwork=true
12-13 08:22:01.271   798   916 D ConnectivityService: sendStickyBroadcast: action=android.net.conn.CONNECTIVITY_CHANGE
12-13 08:22:01.271   798   916 D ConnectivityService: notifyType PRECHECK for NetworkAgentInfo [WIFI () - 402]
12-13 08:22:01.272   798   916 D ConnectivityService: notifyType CAP_CHANGED for NetworkAgentInfo [WIFI () - 402]
12-13 08:22:01.276   798   916 D ConnectivityService: setProvNotificationVisibleIntent null visible=false networkType=MOBILE extraInfo=null highPriority=false
12-13 08:22:01.276   798   916 D ConnectivityService: NetworkAgentInfo [WIFI () - 402] validation  passed
12-13 08:22:01.276   798   916 D ConnectivityService: notifyType CAP_CHANGED for NetworkAgentInfo [WIFI () - 402]
12-13 08:22:01.278   798   916 D ConnectivityService: sendStickyBroadcast: action=android.net.conn.INET_CONDITION_ACTION
12-13 08:22:04.233   798   916 D ConnectivityService: setProvNotificationVisibleIntent null visible=false networkType=MOBILE extraInfo=null highPriority=false
12-13 08:22:07.221   798   916 D ConnectivityService: handlePromptUnvalidated 401
12-13 08:22:08.283   798   916 D ConnectivityService: notifyType CAP_CHANGED for NetworkAgentInfo [WIFI () - 402]
12-13 08:22:09.197   798   916 D ConnectivityService: handlePromptUnvalidated 402
12-13 08:22:31.408   798  1192 D WifiService: acquireWifiLockLocked: WifiLock{NlpWifiLock type=2 binder=android.os.BinderProxy@d8e5ef}
12-13 08:22:31.958   798   810 D WifiService: releaseWifiLockLocked: WifiLock{NlpWifiLock type=2 binder=android.os.BinderProxy@d8e5ef}
12-13 08:30:59.387   798   811 I UsageStatsService: User[0] Flushing usage stats to disk
12-13 08:51:00.463   798   798 I ActivityManager: Killing 3510:org.cyanogenmod.providers.datausage/1000 (adj 15): empty for 2401s
12-13 08:51:00.487   798   798 I ActivityManager: Killing 3495:org.cyanogenmod.bugreport/2000 (adj 15): empty for 2401s
12-13 08:51:00.499   798   798 I ActivityManager: Killing 3378:com.google.android.gms.unstable/u0a14 (adj 15): empty for 2407s
12-13 08:51:00.519   798   812 I ProcessStatsService: Prepared write state in 2ms
12-13 08:51:00.790   798   810 I ActivityManager: Start proc 4596:com.google.android.gms:snet/u0a14 for service com.google.android.gms/.chimera.SnetIntentOperationService
12-13 08:51:15.798   798 23065 D WifiService: acquireWifiLockLocked: WifiLock{NlpWifiLock type=2 binder=android.os.BinderProxy@b07f1bc}
12-13 08:51:16.415   798  1017 D WifiService: releaseWifiLockLocked: WifiLock{NlpWifiLock type=2 binder=android.os.BinderProxy@b07f1bc}
12-13 08:51:31.447   798  1192 I ActivityManager: Killing 3561:com.android.gallery3d/u0a54 (adj 15): empty for 2431s
12-13 08:52:18.592   798  1017 D ConnectivityService: reportNetworkConnectivity(402, false) by 10014
12-13 08:52:18.599   798   916 D ConnectivityService: NetworkAgentInfo [WIFI () - 402] validation failed
12-13 08:52:18.599   798   916 D ConnectivityService: notifyType CAP_CHANGED for NetworkAgentInfo [WIFI () - 402]
12-13 08:52:18.600   798   916 D ConnectivityService: sendStickyBroadcast: action=android.net.conn.INET_CONDITION_ACTION
12-13 08:52:18.619   798   916 D ConnectivityService: notifyType CAP_CHANGED for NetworkAgentInfo [WIFI () - 402]
12-13 08:52:18.634   798   916 D ConnectivityService: NetworkAgentInfo [WIFI () - 402] EVENT_NETWORK_INFO_CHANGED, going from CONNECTED to DISCONNECTED
12-13 08:52:18.634   798   916 D ConnectivityService: NetworkAgentInfo [WIFI () - 402] got DISCONNECTED, was satisfying 4
12-13 08:52:18.652   798   916 D ConnectivityService: notifyType LOST for NetworkAgentInfo [WIFI () - 402]
12-13 08:52:18.705   798   916 D CSLegacyTypeTracker: Sending DISCONNECTED broadcast for type 1 NetworkAgentInfo [WIFI () - 402] isDefaultNetwork=true
12-13 08:52:18.705   798   916 D ConnectivityService: sendStickyBroadcast: action=android.net.conn.CONNECTIVITY_CHANGE
12-13 08:52:18.768   798   916 D ConnectivityService: setProvNotificationVisibleIntent null visible=false networkType=MOBILE extraInfo=null highPriority=false
12-13 08:52:20.214   798   914 D ConnectivityService: registerNetworkAgent NetworkAgentInfo{ ni{[type: WIFI[], state: CONNECTING/CONNECTING, reason: (unspecified), extra: "AVG-QA-RND", roaming: false, failover: false, isAvailable: true]}  network{403}  lp{{InterfaceName: wlan0 LinkAddresses: []  Routes: [] DnsAddresses: [] Domains: null MTU: 0 TcpBufferSizes: 524288,1048576,2097152,262144,524288,1048576}}  nc{[ Transports: WIFI Capabilities: INTERNET&NOT_RESTRICTED&TRUSTED&NOT_VPN LinkUpBandwidth>=1048576Kbps LinkDnBandwidth>=1048576Kbps]}  Score{20}  everValidated{false}  lastValidated{false}  created{false} lingering{false} explicitlySelected{false} acceptUnvalidated{false} everCaptivePortalDetected{false} lastCaptivePortalDetected{false} }
12-13 08:52:20.214   798   916 D ConnectivityService: NetworkAgentInfo [WIFI () - 403] EVENT_NETWORK_INFO_CHANGED, going from null to CONNECTING
12-13 08:52:20.431   798   916 D ConnectivityService: NetworkAgentInfo [WIFI () - 403] EVENT_NETWORK_INFO_CHANGED, going from CONNECTING to CONNECTED
12-13 08:52:20.431   798   916 D ConnectivityService: Adding iface wlan0 to network 403
12-13 08:52:20.461   798   916 E ConnectivityService: Unexpected mtu value: 0, wlan0
12-13 08:52:20.461   798   916 D ConnectivityService: Adding Route [fe80::/64 -> :: wlan0] to network 403
12-13 08:52:20.462   798   916 D ConnectivityService: Adding Route [10.64.44.0/23 -> 0.0.0.0 wlan0] to network 403
12-13 08:52:20.463   798   916 D ConnectivityService: Adding Route [0.0.0.0/0 -> 10.64.44.1 wlan0] to network 403
12-13 08:52:20.463   798   916 D ConnectivityService: Setting Dns servers for network 403 to [/10.64.36.20, /10.64.36.21]
12-13 08:52:20.471   798   916 D ConnectivityService: notifyType IP_CHANGED for NetworkAgentInfo [WIFI () - 403]
12-13 08:52:20.478   798   916 D ConnectivityService: scheduleUnvalidatedPrompt 403
12-13 08:52:20.478   798   916 D ConnectivityService: updateSignalStrengthThresholds: CONNECT, sending [] to NetworkAgentInfo [WIFI () - 403]
12-13 08:52:20.478   798   916 D ConnectivityService: rematch for NetworkAgentInfo [WIFI () - 403]
12-13 08:52:20.478   798   916 D ConnectivityService:    accepting network in place of null
12-13 08:52:20.478   798   916 D ConnectivityService: Switching to new default network: NetworkAgentInfo{ ni{[type: WIFI[], state: CONNECTED/CONNECTED, reason: (unspecified), extra: "AVG-QA-RND", roaming: false, failover: false, isAvailable: true]}  network{403}  lp{{InterfaceName: wlan0 LinkAddresses: [fe80::364d:f7ff:fe3d:e452/64,10.64.44.19/23,]  Routes: [fe80::/64 -> :: wlan0,10.64.44.0/23 -> 0.0.0.0 wlan0,0.0.0.0/0 -> 10.64.44.1 wlan0,] DnsAddresses: [10.64.36.20,10.64.36.21,] Domains: il.avg.com MTU: 0 TcpBufferSizes: 524288,1048576,2097152,262144,524288,1048576}}  nc{[ Transports: WIFI Capabilities: INTERNET&NOT_RESTRICTED&TRUSTED&NOT_VPN LinkUpBandwidth>=1048576Kbps LinkDnBandwidth>=1048576Kbps]}  Score{20}  everValidated{false}  lastValidated{false}  created{true} lingering{false} explicitlySelected{false} acceptUnvalidated{false} everCaptivePortalDetected{false} lastCaptivePortalDetected{false} }
12-13 08:52:20.540   798   916 D CSLegacyTypeTracker: Sending CONNECTED broadcast for type 1 NetworkAgentInfo [WIFI () - 403] isDefaultNetwork=true
12-13 08:52:20.540   798   916 D ConnectivityService: sendStickyBroadcast: action=android.net.conn.CONNECTIVITY_CHANGE
12-13 08:52:20.541   798   916 D ConnectivityService: notifyType PRECHECK for NetworkAgentInfo [WIFI () - 403]
12-13 08:52:20.542   798   916 D ConnectivityService: notifyType CAP_CHANGED for NetworkAgentInfo [WIFI () - 403]
12-13 08:52:20.630   798   916 D ConnectivityService: setProvNotificationVisibleIntent null visible=false networkType=MOBILE extraInfo=null highPriority=false
12-13 08:52:20.630   798   916 D ConnectivityService: NetworkAgentInfo [WIFI () - 403] validation  passed
12-13 08:52:20.630   798   916 D ConnectivityService: notifyType CAP_CHANGED for NetworkAgentInfo [WIFI () - 403]
12-13 08:52:20.631   798   916 D ConnectivityService: sendStickyBroadcast: action=android.net.conn.INET_CONDITION_ACTION
12-13 08:52:21.543   798   916 D ConnectivityService: NetTransition Wakelock (NetworkAgentInfo [WIFI () - 402] cleared because we found a replacement network
12-13 08:52:28.485   798   916 D ConnectivityService: handlePromptUnvalidated 403
12-13 09:21:00.766   798   812 I ProcessStatsService: Prepared write state in 2ms
12-13 09:21:00.768   798   812 I ProcessStatsService: Prepared write state in 1ms
12-13 09:22:30.555   798  1016 D ConnectivityService: reportNetworkConnectivity(403, false) by 10014
12-13 09:22:30.565   798   916 D ConnectivityService: notifyType CAP_CHANGED for NetworkAgentInfo [WIFI () - 403]
12-13 09:22:30.566   798   916 D ConnectivityService: NetworkAgentInfo [WIFI () - 403] EVENT_NETWORK_INFO_CHANGED, going from CONNECTED to DISCONNECTED
12-13 09:22:30.566   798   916 D ConnectivityService: NetworkAgentInfo [WIFI () - 403] got DISCONNECTED, was satisfying 4
12-13 09:22:30.593   798   916 D ConnectivityService: notifyType LOST for NetworkAgentInfo [WIFI () - 403]
12-13 09:22:30.660   798   916 D CSLegacyTypeTracker: Sending DISCONNECTED broadcast for type 1 NetworkAgentInfo [WIFI () - 403] isDefaultNetwork=true
12-13 09:22:30.660   798   916 D ConnectivityService: sendStickyBroadcast: action=android.net.conn.CONNECTIVITY_CHANGE
12-13 09:22:30.738   798   916 D ConnectivityService: setProvNotificationVisibleIntent null visible=false networkType=MOBILE extraInfo=null highPriority=false
12-13 09:22:33.178   798   914 D ConnectivityService: registerNetworkAgent NetworkAgentInfo{ ni{[type: WIFI[], state: CONNECTING/CONNECTING, reason: (unspecified), extra: "AVG-QA-RND", roaming: false, failover: false, isAvailable: true]}  network{404}  lp{{InterfaceName: wlan0 LinkAddresses: []  Routes: [] DnsAddresses: [] Domains: null MTU: 0 TcpBufferSizes: 524288,1048576,2097152,262144,524288,1048576}}  nc{[ Transports: WIFI Capabilities: INTERNET&NOT_RESTRICTED&TRUSTED&NOT_VPN LinkUpBandwidth>=1048576Kbps LinkDnBandwidth>=1048576Kbps]}  Score{20}  everValidated{false}  lastValidated{false}  created{false} lingering{false} explicitlySelected{false} acceptUnvalidated{false} everCaptivePortalDetected{false} lastCaptivePortalDetected{false} }
12-13 09:22:33.178   798   916 D ConnectivityService: NetworkAgentInfo [WIFI () - 404] EVENT_NETWORK_INFO_CHANGED, going from null to CONNECTING
12-13 09:22:33.322   798   916 D ConnectivityService: NetworkAgentInfo [WIFI () - 404] EVENT_NETWORK_INFO_CHANGED, going from CONNECTING to CONNECTED
12-13 09:22:33.323   798   916 D ConnectivityService: Adding iface wlan0 to network 404
12-13 09:22:33.401   798   916 E ConnectivityService: Unexpected mtu value: 0, wlan0
12-13 09:22:33.401   798   916 D ConnectivityService: Adding Route [fe80::/64 -> :: wlan0] to network 404
12-13 09:22:33.410   798   916 D ConnectivityService: Adding Route [10.64.44.0/23 -> 0.0.0.0 wlan0] to network 404
12-13 09:22:33.414   798   916 D ConnectivityService: Adding Route [0.0.0.0/0 -> 10.64.44.1 wlan0] to network 404
12-13 09:22:33.416   798   916 D ConnectivityService: Setting Dns servers for network 404 to [/10.64.36.20, /10.64.36.21]
12-13 09:22:33.427   798   916 D ConnectivityService: notifyType IP_CHANGED for NetworkAgentInfo [WIFI () - 404]
12-13 09:22:33.436   798   916 D ConnectivityService: scheduleUnvalidatedPrompt 404
12-13 09:22:33.436   798   916 D ConnectivityService: updateSignalStrengthThresholds: CONNECT, sending [] to NetworkAgentInfo [WIFI () - 404]
12-13 09:22:33.437   798   916 D ConnectivityService: rematch for NetworkAgentInfo [WIFI () - 404]
12-13 09:22:33.437   798   916 D ConnectivityService:    accepting network in place of null
12-13 09:22:33.438   798   916 D ConnectivityService: Switching to new default network: NetworkAgentInfo{ ni{[type: WIFI[], state: CONNECTED/CONNECTED, reason: (unspecified), extra: "AVG-QA-RND", roaming: false, failover: false, isAvailable: true]}  network{404}  lp{{InterfaceName: wlan0 LinkAddresses: [fe80::364d:f7ff:fe3d:e452/64,10.64.44.19/8,]  Routes: [fe80::/64 -> :: wlan0,10.64.44.0/23 -> 0.0.0.0 wlan0,0.0.0.0/0 -> 10.64.44.1 wlan0,] DnsAddresses: [10.64.36.20,10.64.36.21,] Domains: il.avg.com MTU: 0 TcpBufferSizes: 524288,1048576,2097152,262144,524288,1048576}}  nc{[ Transports: WIFI Capabilities: INTERNET&NOT_RESTRICTED&TRUSTED&NOT_VPN LinkUpBandwidth>=1048576Kbps LinkDnBandwidth>=1048576Kbps]}  Score{20}  everValidated{false}  lastValidated{false}  created{true} lingering{false} explicitlySelected{false} acceptUnvalidated{false} everCaptivePortalDetected{false} lastCaptivePortalDetected{false} }
12-13 09:22:33.530   798   916 D CSLegacyTypeTracker: Sending CONNECTED broadcast for type 1 NetworkAgentInfo [WIFI () - 404] isDefaultNetwork=true
12-13 09:22:33.531   798   916 D ConnectivityService: sendStickyBroadcast: action=android.net.conn.CONNECTIVITY_CHANGE
12-13 09:22:33.538   798   916 D ConnectivityService: notifyType PRECHECK for NetworkAgentInfo [WIFI () - 404]
12-13 09:22:33.540   798   916 D ConnectivityService: notifyType CAP_CHANGED for NetworkAgentInfo [WIFI () - 404]
12-13 09:22:33.550   798   916 D ConnectivityService: Setting Dns servers for network 404 to []
12-13 09:22:33.554   798   916 I Nat464Xlat: Starting clatd on wlan0
12-13 09:22:33.576   798   916 D ConnectivityService: notifyType IP_CHANGED for NetworkAgentInfo [WIFI () - 404]
12-13 09:22:33.578   798   916 D ConnectivityService: notifyType CAP_CHANGED for NetworkAgentInfo [WIFI () - 404]
12-13 09:22:33.579   798   916 D ConnectivityService: NetworkAgentInfo [WIFI () - 404] EVENT_NETWORK_INFO_CHANGED, going from CONNECTED to DISCONNECTED
12-13 09:22:33.579   798   916 D ConnectivityService: NetworkAgentInfo [WIFI () - 404] got DISCONNECTED, was satisfying 4
12-13 09:22:33.591   798   916 D ConnectivityService: notifyType LOST for NetworkAgentInfo [WIFI () - 404]
12-13 09:22:33.593   798   916 I Nat464Xlat: Stopping clatd
12-13 09:22:34.018   798   916 D CSLegacyTypeTracker: Sending DISCONNECTED broadcast for type 1 NetworkAgentInfo [WIFI () - 404] isDefaultNetwork=true
12-13 09:22:34.018   798   916 D ConnectivityService: sendStickyBroadcast: action=android.net.conn.CONNECTIVITY_CHANGE
12-13 09:22:34.532   798   916 D ConnectivityService: NetTransition Wakelock (NetworkAgentInfo [WIFI () - 403] cleared because we found a replacement network
12-13 09:22:35.153   798   914 D ConnectivityService: registerNetworkAgent NetworkAgentInfo{ ni{[type: WIFI[], state: CONNECTING/CONNECTING, reason: (unspecified), extra: "AVG-QA-RND", roaming: false, failover: false, isAvailable: true]}  network{405}  lp{{InterfaceName: wlan0 LinkAddresses: []  Routes: [] DnsAddresses: [] Domains: null MTU: 0 TcpBufferSizes: 524288,1048576,2097152,262144,524288,1048576}}  nc{[ Transports: WIFI Capabilities: INTERNET&NOT_RESTRICTED&TRUSTED&NOT_VPN LinkUpBandwidth>=1048576Kbps LinkDnBandwidth>=1048576Kbps]}  Score{20}  everValidated{false}  lastValidated{false}  created{false} lingering{false} explicitlySelected{false} acceptUnvalidated{false} everCaptivePortalDetected{false} lastCaptivePortalDetected{false} }
12-13 09:22:35.154   798   916 D ConnectivityService: NetworkAgentInfo [WIFI () - 405] EVENT_NETWORK_INFO_CHANGED, going from null to CONNECTING
12-13 09:22:35.394   798   916 D ConnectivityService: NetworkAgentInfo [WIFI () - 405] EVENT_NETWORK_INFO_CHANGED, going from CONNECTING to CONNECTED
12-13 09:22:35.395   798   916 D ConnectivityService: Adding iface wlan0 to network 405
12-13 09:22:35.450   798   916 E ConnectivityService: Unexpected mtu value: 0, wlan0
12-13 09:22:35.450   798   916 D ConnectivityService: Adding Route [fe80::/64 -> :: wlan0] to network 405
12-13 09:22:35.450   798   916 D ConnectivityService: Adding Route [10.64.44.0/23 -> 0.0.0.0 wlan0] to network 405
12-13 09:22:35.451   798   916 D ConnectivityService: Adding Route [0.0.0.0/0 -> 10.64.44.1 wlan0] to network 405
12-13 09:22:35.451   798   916 D ConnectivityService: Setting Dns servers for network 405 to [/10.64.36.20, /10.64.36.21]
12-13 09:22:35.462   798   916 D ConnectivityService: notifyType IP_CHANGED for NetworkAgentInfo [WIFI () - 405]
12-13 09:22:35.471   798   916 D ConnectivityService: scheduleUnvalidatedPrompt 405
12-13 09:22:35.471   798   916 D ConnectivityService: updateSignalStrengthThresholds: CONNECT, sending [] to NetworkAgentInfo [WIFI () - 405]
12-13 09:22:35.471   798   916 D ConnectivityService: rematch for NetworkAgentInfo [WIFI () - 405]
12-13 09:22:35.471   798   916 D ConnectivityService:    accepting network in place of null
12-13 09:22:35.472   798   916 D ConnectivityService: Switching to new default network: NetworkAgentInfo{ ni{[type: WIFI[], state: CONNECTED/CONNECTED, reason: (unspecified), extra: "AVG-QA-RND", roaming: false, failover: false, isAvailable: true]}  network{405}  lp{{InterfaceName: wlan0 LinkAddresses: [fe80::364d:f7ff:fe3d:e452/64,10.64.44.19/23,]  Routes: [fe80::/64 -> :: wlan0,10.64.44.0/23 -> 0.0.0.0 wlan0,0.0.0.0/0 -> 10.64.44.1 wlan0,] DnsAddresses: [10.64.36.20,10.64.36.21,] Domains: il.avg.com MTU: 0 TcpBufferSizes: 524288,1048576,2097152,262144,524288,1048576}}  nc{[ Transports: WIFI Capabilities: INTERNET&NOT_RESTRICTED&TRUSTED&NOT_VPN LinkUpBandwidth>=1048576Kbps LinkDnBandwidth>=1048576Kbps]}  Score{20}  everValidated{false}  lastValidated{false}  created{true} lingering{false} explicitlySelected{false} acceptUnvalidated{false} everCaptivePortalDetected{false} lastCaptivePortalDetected{false} }
12-13 09:22:35.529   798   916 D CSLegacyTypeTracker: Sending CONNECTED broadcast for type 1 NetworkAgentInfo [WIFI () - 405] isDefaultNetwork=true
12-13 09:22:35.530   798   916 D ConnectivityService: sendStickyBroadcast: action=android.net.conn.CONNECTIVITY_CHANGE
12-13 09:22:35.530   798   916 D ConnectivityService: notifyType PRECHECK for NetworkAgentInfo [WIFI () - 405]
12-13 09:22:35.532   798   916 D ConnectivityService: notifyType CAP_CHANGED for NetworkAgentInfo [WIFI () - 405]
12-13 09:22:35.679   798   916 D ConnectivityService: setProvNotificationVisibleIntent null visible=false networkType=MOBILE extraInfo=null highPriority=false
12-13 09:22:35.679   798   916 D ConnectivityService: NetworkAgentInfo [WIFI () - 405] validation  passed
12-13 09:22:35.679   798   916 D ConnectivityService: notifyType CAP_CHANGED for NetworkAgentInfo [WIFI () - 405]
12-13 09:22:35.681   798   916 D ConnectivityService: sendStickyBroadcast: action=android.net.conn.INET_CONDITION_ACTION
12-13 09:22:38.456   798   916 D ConnectivityService: setProvNotificationVisibleIntent null visible=false networkType=MOBILE extraInfo=null highPriority=false
12-13 09:22:41.441   798   916 D ConnectivityService: handlePromptUnvalidated 404
12-13 09:22:43.474   798   916 D ConnectivityService: handlePromptUnvalidated 405
12-13 09:43:11.762   798  1691 D ConnectivityService: listenForNetwork for Listen from uid/pid:10086/4741 for NetworkRequest [ id=33, legacyType=-1, [ Capabilities: INTERNET&NOT_RESTRICTED&TRUSTED&NOT_VPN] ]
12-13 09:43:12.042   798   916 D ConnectivityService: releasing NetworkRequest NetworkRequest [ id=33, legacyType=-1, [ Capabilities: INTERNET&NOT_RESTRICTED&TRUSTED&NOT_VPN] ]
12-13 09:51:32.116   798   812 I ProcessStatsService: Prepared write state in 13ms
12-13 09:51:32.117   798   812 I ProcessStatsService: Prepared write state in 0ms
12-13 09:51:32.408   798   811 I ProcessStatsService: Pruning old procstats: /data/system/procstats/state-2016-12-12-03-43-57.bin
12-13 09:52:45.628   798  1016 D ConnectivityService: reportNetworkConnectivity(405, false) by 10014
12-13 09:52:45.631   798   916 D ConnectivityService: NetworkAgentInfo [WIFI () - 405] validation failed
12-13 09:52:45.631   798   916 D ConnectivityService: notifyType CAP_CHANGED for NetworkAgentInfo [WIFI () - 405]
12-13 09:52:45.632   798   916 D ConnectivityService: sendStickyBroadcast: action=android.net.conn.INET_CONDITION_ACTION
12-13 09:52:45.635   798   916 D ConnectivityService: notifyType CAP_CHANGED for NetworkAgentInfo [WIFI () - 405]
12-13 09:52:45.638   798   916 D ConnectivityService: NetworkAgentInfo [WIFI () - 405] EVENT_NETWORK_INFO_CHANGED, going from CONNECTED to DISCONNECTED
12-13 09:52:45.638   798   916 D ConnectivityService: NetworkAgentInfo [WIFI () - 405] got DISCONNECTED, was satisfying 4
12-13 09:52:45.659   798   916 D ConnectivityService: notifyType LOST for NetworkAgentInfo [WIFI () - 405]
12-13 09:52:45.695   798   916 D CSLegacyTypeTracker: Sending DISCONNECTED broadcast for type 1 NetworkAgentInfo [WIFI () - 405] isDefaultNetwork=true
12-13 09:52:45.695   798   916 D ConnectivityService: sendStickyBroadcast: action=android.net.conn.CONNECTIVITY_CHANGE
12-13 09:52:45.743   798   916 D ConnectivityService: setProvNotificationVisibleIntent null visible=false networkType=MOBILE extraInfo=null highPriority=false
12-13 09:52:47.254   798   914 D ConnectivityService: registerNetworkAgent NetworkAgentInfo{ ni{[type: WIFI[], state: CONNECTING/CONNECTING, reason: (unspecified), extra: "AVG-QA-RND", roaming: false, failover: false, isAvailable: true]}  network{406}  lp{{InterfaceName: wlan0 LinkAddresses: []  Routes: [] DnsAddresses: [] Domains: null MTU: 0 TcpBufferSizes: 524288,1048576,2097152,262144,524288,1048576}}  nc{[ Transports: WIFI Capabilities: INTERNET&NOT_RESTRICTED&TRUSTED&NOT_VPN LinkUpBandwidth>=1048576Kbps LinkDnBandwidth>=1048576Kbps]}  Score{20}  everValidated{false}  lastValidated{false}  created{false} lingering{false} explicitlySelected{false} acceptUnvalidated{false} everCaptivePortalDetected{false} lastCaptivePortalDetected{false} }
12-13 09:52:47.254   798   916 D ConnectivityService: NetworkAgentInfo [WIFI () - 406] EVENT_NETWORK_INFO_CHANGED, going from null to CONNECTING
12-13 09:52:47.461   798   916 D ConnectivityService: NetworkAgentInfo [WIFI () - 406] EVENT_NETWORK_INFO_CHANGED, going from CONNECTING to CONNECTED
12-13 09:52:47.462   798   916 D ConnectivityService: Adding iface wlan0 to network 406
12-13 09:52:47.510   798   916 E ConnectivityService: Unexpected mtu value: 0, wlan0
12-13 09:52:47.510   798   916 D ConnectivityService: Adding Route [fe80::/64 -> :: wlan0] to network 406
12-13 09:52:47.511   798   916 D ConnectivityService: Adding Route [10.64.44.0/23 -> 0.0.0.0 wlan0] to network 406
12-13 09:52:47.512   798   916 D ConnectivityService: Adding Route [0.0.0.0/0 -> 10.64.44.1 wlan0] to network 406
12-13 09:52:47.512   798   916 D ConnectivityService: Setting Dns servers for network 406 to [/10.64.36.20, /10.64.36.21]
12-13 09:52:47.521   798   916 D ConnectivityService: notifyType IP_CHANGED for NetworkAgentInfo [WIFI () - 406]
12-13 09:52:47.527   798   916 D ConnectivityService: scheduleUnvalidatedPrompt 406
12-13 09:52:47.527   798   916 D ConnectivityService: updateSignalStrengthThresholds: CONNECT, sending [] to NetworkAgentInfo [WIFI () - 406]
12-13 09:52:47.527   798   916 D ConnectivityService: rematch for NetworkAgentInfo [WIFI () - 406]
12-13 09:52:47.527   798   916 D ConnectivityService:    accepting network in place of null
12-13 09:52:47.528   798   916 D ConnectivityService: Switching to new default network: NetworkAgentInfo{ ni{[type: WIFI[], state: CONNECTED/CONNECTED, reason: (unspecified), extra: "AVG-QA-RND", roaming: false, failover: false, isAvailable: true]}  network{406}  lp{{InterfaceName: wlan0 LinkAddresses: [fe80::364d:f7ff:fe3d:e452/64,10.64.44.19/23,]  Routes: [fe80::/64 -> :: wlan0,10.64.44.0/23 -> 0.0.0.0 wlan0,0.0.0.0/0 -> 10.64.44.1 wlan0,] DnsAddresses: [10.64.36.20,10.64.36.21,] Domains: il.avg.com MTU: 0 TcpBufferSizes: 524288,1048576,2097152,262144,524288,1048576}}  nc{[ Transports: WIFI Capabilities: INTERNET&NOT_RESTRICTED&TRUSTED&NOT_VPN LinkUpBandwidth>=1048576Kbps LinkDnBandwidth>=1048576Kbps]}  Score{20}  everValidated{false}  lastValidated{false}  created{true} lingering{false} explicitlySelected{false} acceptUnvalidated{false} everCaptivePortalDetected{false} lastCaptivePortalDetected{false} }
12-13 09:52:47.585   798   916 D CSLegacyTypeTracker: Sending CONNECTED broadcast for type 1 NetworkAgentInfo [WIFI () - 406] isDefaultNetwork=true
12-13 09:52:47.585   798   916 D ConnectivityService: sendStickyBroadcast: action=android.net.conn.CONNECTIVITY_CHANGE
12-13 09:52:47.587   798   916 D ConnectivityService: notifyType PRECHECK for NetworkAgentInfo [WIFI () - 406]
12-13 09:52:47.589   798   916 D ConnectivityService: notifyType CAP_CHANGED for NetworkAgentInfo [WIFI () - 406]
12-13 09:52:47.721   798   916 D ConnectivityService: setProvNotificationVisibleIntent null visible=false networkType=MOBILE extraInfo=null highPriority=false
12-13 09:52:47.721   798   916 D ConnectivityService: NetworkAgentInfo [WIFI () - 406] validation  passed
12-13 09:52:47.721   798   916 D ConnectivityService: notifyType CAP_CHANGED for NetworkAgentInfo [WIFI () - 406]
12-13 09:52:47.723   798   916 D ConnectivityService: sendStickyBroadcast: action=android.net.conn.INET_CONDITION_ACTION
12-13 09:52:48.590   798   916 D ConnectivityService: NetTransition Wakelock (NetworkAgentInfo [WIFI () - 405] cleared because we found a replacement network
12-13 09:52:55.535   798   916 D ConnectivityService: handlePromptUnvalidated 406
12-13 10:21:48.095   798   812 I ProcessStatsService: Prepared write state in 2ms
12-13 10:22:57.472   798  1016 D ConnectivityService: reportNetworkConnectivity(406, false) by 10014
12-13 10:22:57.475   798   916 D ConnectivityService: NetworkAgentInfo [WIFI () - 406] validation failed
12-13 10:22:57.475   798   916 D ConnectivityService: notifyType CAP_CHANGED for NetworkAgentInfo [WIFI () - 406]
12-13 10:22:57.476   798   916 D ConnectivityService: sendStickyBroadcast: action=android.net.conn.INET_CONDITION_ACTION
12-13 10:22:57.487   798   916 D ConnectivityService: notifyType CAP_CHANGED for NetworkAgentInfo [WIFI () - 406]
12-13 10:22:57.488   798   916 D ConnectivityService: NetworkAgentInfo [WIFI () - 406] EVENT_NETWORK_INFO_CHANGED, going from CONNECTED to DISCONNECTED
12-13 10:22:57.488   798   916 D ConnectivityService: NetworkAgentInfo [WIFI () - 406] got DISCONNECTED, was satisfying 4
12-13 10:22:57.500   798   916 D ConnectivityService: notifyType LOST for NetworkAgentInfo [WIFI () - 406]
12-13 10:22:57.546   798   916 D CSLegacyTypeTracker: Sending DISCONNECTED broadcast for type 1 NetworkAgentInfo [WIFI () - 406] isDefaultNetwork=true
12-13 10:22:57.546   798   916 D ConnectivityService: sendStickyBroadcast: action=android.net.conn.CONNECTIVITY_CHANGE
12-13 10:22:57.598   798   916 E ConnectivityService: EVENT_NETWORK_INFO_CHANGED from unknown NetworkAgent
12-13 10:22:57.598   798   916 D ConnectivityService: setProvNotificationVisibleIntent null visible=false networkType=MOBILE extraInfo=null highPriority=false
12-13 10:22:59.034   798   914 D ConnectivityService: registerNetworkAgent NetworkAgentInfo{ ni{[type: WIFI[], state: CONNECTING/CONNECTING, reason: (unspecified), extra: "AVG-QA-RND", roaming: false, failover: false, isAvailable: true]}  network{407}  lp{{InterfaceName: wlan0 LinkAddresses: []  Routes: [] DnsAddresses: [] Domains: null MTU: 0 TcpBufferSizes: 524288,1048576,2097152,262144,524288,1048576}}  nc{[ Transports: WIFI Capabilities: INTERNET&NOT_RESTRICTED&TRUSTED&NOT_VPN LinkUpBandwidth>=1048576Kbps LinkDnBandwidth>=1048576Kbps]}  Score{20}  everValidated{false}  lastValidated{false}  created{false} lingering{false} explicitlySelected{false} acceptUnvalidated{false} everCaptivePortalDetected{false} lastCaptivePortalDetected{false} }
12-13 10:22:59.034   798   916 D ConnectivityService: NetworkAgentInfo [WIFI () - 407] EVENT_NETWORK_INFO_CHANGED, going from null to CONNECTING
12-13 10:22:59.218   798   916 D ConnectivityService: NetworkAgentInfo [WIFI () - 407] EVENT_NETWORK_INFO_CHANGED, going from CONNECTING to CONNECTED
12-13 10:22:59.219   798   916 D ConnectivityService: Adding iface wlan0 to network 407
12-13 10:22:59.244   798   916 E ConnectivityService: Unexpected mtu value: 0, wlan0
12-13 10:22:59.244   798   916 D ConnectivityService: Adding Route [fe80::/64 -> :: wlan0] to network 407
12-13 10:22:59.245   798   916 D ConnectivityService: Adding Route [10.64.44.0/23 -> 0.0.0.0 wlan0] to network 407
12-13 10:22:59.245   798   916 D ConnectivityService: Adding Route [0.0.0.0/0 -> 10.64.44.1 wlan0] to network 407
12-13 10:22:59.246   798   916 D ConnectivityService: Setting Dns servers for network 407 to [/10.64.36.20, /10.64.36.21]
12-13 10:22:59.261   798   916 D ConnectivityService: notifyType IP_CHANGED for NetworkAgentInfo [WIFI () - 407]
12-13 10:22:59.274   798   916 D ConnectivityService: scheduleUnvalidatedPrompt 407
12-13 10:22:59.274   798   916 D ConnectivityService: updateSignalStrengthThresholds: CONNECT, sending [] to NetworkAgentInfo [WIFI () - 407]
12-13 10:22:59.274   798   916 D ConnectivityService: rematch for NetworkAgentInfo [WIFI () - 407]
12-13 10:22:59.274   798   916 D ConnectivityService:    accepting network in place of null
12-13 10:22:59.276   798   916 D ConnectivityService: Switching to new default network: NetworkAgentInfo{ ni{[type: WIFI[], state: CONNECTED/CONNECTED, reason: (unspecified), extra: "AVG-QA-RND", roaming: false, failover: false, isAvailable: true]}  network{407}  lp{{InterfaceName: wlan0 LinkAddresses: [fe80::364d:f7ff:fe3d:e452/64,10.64.44.19/23,]  Routes: [fe80::/64 -> :: wlan0,10.64.44.0/23 -> 0.0.0.0 wlan0,0.0.0.0/0 -> 10.64.44.1 wlan0,] DnsAddresses: [10.64.36.20,10.64.36.21,] Domains: il.avg.com MTU: 0 TcpBufferSizes: 524288,1048576,2097152,262144,524288,1048576}}  nc{[ Transports: WIFI Capabilities: INTERNET&NOT_RESTRICTED&TRUSTED&NOT_VPN LinkUpBandwidth>=1048576Kbps LinkDnBandwidth>=1048576Kbps]}  Score{20}  everValidated{false}  lastValidated{false}  created{true} lingering{false} explicitlySelected{false} acceptUnvalidated{false} everCaptivePortalDetected{false} lastCaptivePortalDetected{false} }
12-13 10:22:59.353   798   916 D CSLegacyTypeTracker: Sending CONNECTED broadcast for type 1 NetworkAgentInfo [WIFI () - 407] isDefaultNetwork=true
12-13 10:22:59.353   798   916 D ConnectivityService: sendStickyBroadcast: action=android.net.conn.CONNECTIVITY_CHANGE
12-13 10:22:59.354   798   916 D ConnectivityService: notifyType PRECHECK for NetworkAgentInfo [WIFI () - 407]
12-13 10:22:59.360   798   916 D ConnectivityService: notifyType CAP_CHANGED for NetworkAgentInfo [WIFI () - 407]
12-13 10:22:59.392   798   916 D ConnectivityService: setProvNotificationVisibleIntent null visible=false networkType=MOBILE extraInfo=null highPriority=false
12-13 10:22:59.392   798   916 D ConnectivityService: NetworkAgentInfo [WIFI () - 407] validation  passed
12-13 10:22:59.392   798   916 D ConnectivityService: notifyType CAP_CHANGED for NetworkAgentInfo [WIFI () - 407]
12-13 10:22:59.394   798   916 D ConnectivityService: sendStickyBroadcast: action=android.net.conn.INET_CONDITION_ACTION
12-13 10:23:00.355   798   916 D ConnectivityService: NetTransition Wakelock (NetworkAgentInfo [WIFI () - 406] cleared because we found a replacement network
12-13 10:23:07.282   798   916 D ConnectivityService: handlePromptUnvalidated 407
12-13 10:39:39.738   798   901 I PowerManagerService: Waking up from sleep (uid 1000)...
12-13 10:39:39.742   798   822 I DisplayPowerController: Blocking screen on until initial contents have been drawn.
12-13 10:39:39.792   798   916 D ConnectivityService: notifyType CAP_CHANGED for NetworkAgentInfo [WIFI () - 407]
12-13 10:39:39.846   798   817 I DisplayManagerService: Display device changed state: "Built-in Screen", ON
12-13 10:39:39.923   798   822 I DisplayPowerController: Unblocked screen on after 181 ms
12-13 10:39:42.284   798   901 I PowerManagerService: Going to sleep due to power button (uid 1000)...
12-13 10:39:42.807   798   916 D ConnectivityService: updateNetworkScore for NetworkAgentInfo [WIFI () - 407] to 60
12-13 10:39:42.815   798   817 I DisplayManagerService: Display device changed state: "Built-in Screen", OFF
12-13 10:39:43.078   798   822 I PowerManagerService: Sleeping (uid 1000)...
12-13 10:39:44.399   798   901 I PowerManagerService: Waking up from sleep (uid 1000)...
12-13 10:39:44.402   798   822 I DisplayPowerController: Blocking screen on until initial contents have been drawn.
12-13 10:39:44.504   798   817 I DisplayManagerService: Display device changed state: "Built-in Screen", ON
12-13 10:39:44.583   798   822 I DisplayPowerController: Unblocked screen on after 181 ms
12-13 10:39:44.675   798   901 I GestureLauncherService: Power button double tap gesture detected, launching camera. Interval=281ms
12-13 10:39:44.687   798  1650 I ActivityManager: START u0 {act=android.media.action.STILL_IMAGE_CAMERA flg=0x14000000 cmp=org.cyanogenmod.snap/com.android.camera.CameraActivity} from uid 10029 on display 0
12-13 10:39:44.732   798  2366 I ActivityManager: Start proc 7193:org.cyanogenmod.snap/u0a75 for activity org.cyanogenmod.snap/com.android.camera.CameraActivity
12-13 10:39:44.898   798   809 W BackupManagerService: dataChanged but no participant pkg='org.cyanogenmod.snap' uid=10075
12-13 10:39:44.899   798 23058 W BackupManagerService: dataChanged but no participant pkg='org.cyanogenmod.snap' uid=10075
12-13 10:39:44.900   798 23061 W BackupManagerService: dataChanged but no participant pkg='org.cyanogenmod.snap' uid=10075
12-13 10:39:44.911   798  2368 W BackupManagerService: dataChanged but no participant pkg='org.cyanogenmod.snap' uid=10075
12-13 10:39:45.078   798   822 W PowerManagerService: Sandman unresponsive, releasing suspend blocker
12-13 10:39:45.379   798   810 W BackupManagerService: dataChanged but no participant pkg='org.cyanogenmod.snap' uid=10075
12-13 10:39:45.379   798 23064 W BackupManagerService: dataChanged but no participant pkg='org.cyanogenmod.snap' uid=10075
12-13 10:39:45.536   798 23058 W BackupManagerService: dataChanged but no participant pkg='org.cyanogenmod.snap' uid=10075
12-13 10:39:45.537   798   809 W BackupManagerService: dataChanged but no participant pkg='org.cyanogenmod.snap' uid=10075
12-13 10:39:45.690   798  1691 W BackupManagerService: dataChanged but no participant pkg='org.cyanogenmod.snap' uid=10075
12-13 10:39:45.690   798  1017 W BackupManagerService: dataChanged but no participant pkg='org.cyanogenmod.snap' uid=10075
12-13 10:39:47.452   798   916 D ConnectivityService: updateNetworkScore for NetworkAgentInfo [WIFI () - 407] to 55
12-13 10:39:50.473   798   916 D ConnectivityService: updateNetworkScore for NetworkAgentInfo [WIFI () - 407] to 56
12-13 10:39:53.138   798 23064 W BackupManagerService: dataChanged but no participant pkg='org.cyanogenmod.snap' uid=10075
12-13 10:39:53.139   798  1016 W BackupManagerService: dataChanged but no participant pkg='org.cyanogenmod.snap' uid=10075
12-13 10:39:53.152   798  2368 W InputMethodManagerService: Window already focused, ignoring focus gain of: com.android.internal.view.IInputMethodClient$Stub$Proxy@87f2c2a attribute=null, token = android.os.BinderProxy@931e31f
12-13 10:39:54.307   798   900 I WindowManager: Not starting activity because user setup is in progress: Intent { act=android.intent.action.MAIN cat=[android.intent.category.HOME] flg=0x10200000 (has extras) }
12-13 10:39:55.057   798   900 I WindowManager: Not starting activity because user setup is in progress: Intent { act=android.intent.action.MAIN cat=[android.intent.category.HOME] flg=0x10200000 (has extras) }
12-13 10:39:55.574   798  1017 I ActivityManager: START u0 {act=com.android.systemui.recents.SHOW_RECENTS flg=0x10804000 cmp=com.android.systemui/.recents.RecentsActivity} from uid 10029 on display 0
12-13 10:39:56.900   798  1192 I ActivityManager: Killing 7193:org.cyanogenmod.snap/u0a75 (adj 9): remove task
12-13 10:39:56.938   798 23061 I WindowState: WIN DEATH: Window{8e82efc u0 SurfaceView}
12-13 10:39:56.945   798  1691 I WindowState: WIN DEATH: Window{66b566c u0 org.cyanogenmod.snap/com.android.camera.CameraActivity}
12-13 10:39:57.995   798 23066 I ActivityManager: START u0 {act=android.intent.action.MAIN cat=[android.intent.category.HOME] flg=0x10200000 cmp=com.cyanogenmod.trebuchet/com.android.launcher3.Launcher} from uid 10029 on display 0
12-13 10:39:59.524   798   916 D ConnectivityService: updateNetworkScore for NetworkAgentInfo [WIFI () - 407] to 55
12-13 10:39:59.597   798   901 I PowerManagerService: Going to sleep due to power button (uid 1000)...
12-13 10:40:00.157   798   817 I DisplayManagerService: Display device changed state: "Built-in Screen", OFF
12-13 10:40:00.430   798   822 I PowerManagerService: Sleeping (uid 1000)...
12-13 10:40:02.432   798   822 W PowerManagerService: Sandman unresponsive, releasing suspend blocker
12-13 10:43:29.145   798   810 D WifiService: acquireWifiLockLocked: WifiLock{NlpWifiLock type=2 binder=android.os.BinderProxy@c8e57c4}
12-13 10:43:59.175   798  1192 D WifiService: releaseWifiLockLocked: WifiLock{NlpWifiLock type=2 binder=android.os.BinderProxy@c8e57c4}
12-13 10:51:59.904   798   812 I ProcessStatsService: Prepared write state in 2ms
12-13 10:59:39.902   798   811 I UsageStatsService: User[0] Flushing usage stats to disk
12-13 11:09:18.769   798  2366 D ConnectivityService: reportNetworkConnectivity(407, false) by 10014
12-13 11:09:18.777   798   916 D ConnectivityService: NetworkAgentInfo [WIFI () - 407] validation failed
12-13 11:09:18.778   798   916 D ConnectivityService: notifyType CAP_CHANGED for NetworkAgentInfo [WIFI () - 407]
12-13 11:09:18.779   798   916 D ConnectivityService: sendStickyBroadcast: action=android.net.conn.INET_CONDITION_ACTION
12-13 11:09:18.844   798   916 D ConnectivityService: notifyType CAP_CHANGED for NetworkAgentInfo [WIFI () - 407]
12-13 11:09:18.845   798   916 D ConnectivityService: NetworkAgentInfo [WIFI () - 407] EVENT_NETWORK_INFO_CHANGED, going from CONNECTED to DISCONNECTED
12-13 11:09:18.845   798   916 D ConnectivityService: NetworkAgentInfo [WIFI () - 407] got DISCONNECTED, was satisfying 4
12-13 11:09:18.863   798   916 D ConnectivityService: notifyType LOST for NetworkAgentInfo [WIFI () - 407]
12-13 11:09:18.906   798   916 D CSLegacyTypeTracker: Sending DISCONNECTED broadcast for type 1 NetworkAgentInfo [WIFI () - 407] isDefaultNetwork=true
12-13 11:09:18.906   798   916 D ConnectivityService: sendStickyBroadcast: action=android.net.conn.CONNECTIVITY_CHANGE
12-13 11:09:18.960   798   916 D ConnectivityService: setProvNotificationVisibleIntent null visible=false networkType=MOBILE extraInfo=null highPriority=false
12-13 11:09:20.466   798   914 D ConnectivityService: registerNetworkAgent NetworkAgentInfo{ ni{[type: WIFI[], state: CONNECTING/CONNECTING, reason: (unspecified), extra: "AVG-QA-RND", roaming: false, failover: false, isAvailable: true]}  network{408}  lp{{InterfaceName: wlan0 LinkAddresses: []  Routes: [] DnsAddresses: [] Domains: null MTU: 0 TcpBufferSizes: 524288,1048576,2097152,262144,524288,1048576}}  nc{[ Transports: WIFI Capabilities: INTERNET&NOT_RESTRICTED&TRUSTED&NOT_VPN LinkUpBandwidth>=1048576Kbps LinkDnBandwidth>=1048576Kbps]}  Score{20}  everValidated{false}  lastValidated{false}  created{false} lingering{false} explicitlySelected{false} acceptUnvalidated{false} everCaptivePortalDetected{false} lastCaptivePortalDetected{false} }
12-13 11:09:20.466   798   916 D ConnectivityService: NetworkAgentInfo [WIFI () - 408] EVENT_NETWORK_INFO_CHANGED, going from null to CONNECTING
12-13 11:09:20.665   798   916 D ConnectivityService: NetworkAgentInfo [WIFI () - 408] EVENT_NETWORK_INFO_CHANGED, going from CONNECTING to CONNECTED
12-13 11:09:20.665   798   916 D ConnectivityService: Adding iface wlan0 to network 408
12-13 11:09:20.702   798   916 E ConnectivityService: Unexpected mtu value: 0, wlan0
12-13 11:09:20.702   798   916 D ConnectivityService: Adding Route [fe80::/64 -> :: wlan0] to network 408
12-13 11:09:20.703   798   916 D ConnectivityService: Adding Route [10.64.44.0/23 -> 0.0.0.0 wlan0] to network 408
12-13 11:09:20.703   798   916 D ConnectivityService: Adding Route [0.0.0.0/0 -> 10.64.44.1 wlan0] to network 408
12-13 11:09:20.704   798   916 D ConnectivityService: Setting Dns servers for network 408 to [/10.64.36.20, /10.64.36.21]
12-13 11:09:20.711   798   916 D ConnectivityService: notifyType IP_CHANGED for NetworkAgentInfo [WIFI () - 408]
12-13 11:09:20.717   798   916 D ConnectivityService: scheduleUnvalidatedPrompt 408
12-13 11:09:20.717   798   916 D ConnectivityService: updateSignalStrengthThresholds: CONNECT, sending [] to NetworkAgentInfo [WIFI () - 408]
12-13 11:09:20.718   798   916 D ConnectivityService: rematch for NetworkAgentInfo [WIFI () - 408]
12-13 11:09:20.718   798   916 D ConnectivityService:    accepting network in place of null
