12-13 11:09:20.719   798   916 D ConnectivityService: Switching to new default network: NetworkAgentInfo{ ni{[type: WIFI[], state: CONNECTED/CONNECTED, reason: (unspecified), extra: "AVG-QA-RND", roaming: false, failover: false, isAvailable: true]}  network{408}  lp{{InterfaceName: wlan0 LinkAddresses: [fe80::364d:f7ff:fe3d:e452/64,10.64.44.19/23,]  Routes: [fe80::/64 -> :: wlan0,10.64.44.0/23 -> 0.0.0.0 wlan0,0.0.0.0/0 -> 10.64.44.1 wlan0,] DnsAddresses: [10.64.36.20,10.64.36.21,] Domains: il.avg.com MTU: 0 TcpBufferSizes: 524288,1048576,2097152,262144,524288,1048576}}  nc{[ Transports: WIFI Capabilities: INTERNET&NOT_RESTRICTED&TRUSTED&NOT_VPN LinkUpBandwidth>=1048576Kbps LinkDnBandwidth>=1048576Kbps]}  Score{20}  everValidated{false}  lastValidated{false}  created{true} lingering{false} explicitlySelected{false} acceptUnvalidated{false} everCaptivePortalDetected{false} lastCaptivePortalDetected{false} }
12-13 11:09:20.788   798   916 D CSLegacyTypeTracker: Sending CONNECTED broadcast for type 1 NetworkAgentInfo [WIFI () - 408] isDefaultNetwork=true
12-13 11:09:20.788   798   916 D ConnectivityService: sendStickyBroadcast: action=android.net.conn.CONNECTIVITY_CHANGE
12-13 11:09:20.790   798   916 D ConnectivityService: notifyType PRECHECK for NetworkAgentInfo [WIFI () - 408]
12-13 11:09:20.794   798   916 D ConnectivityService: notifyType CAP_CHANGED for NetworkAgentInfo [WIFI () - 408]
12-13 11:09:20.796   798   916 D ConnectivityService: setProvNotificationVisibleIntent null visible=false networkType=MOBILE extraInfo=null highPriority=false
12-13 11:09:20.796   798   916 D ConnectivityService: NetworkAgentInfo [WIFI () - 408] validation  passed
12-13 11:09:20.796   798   916 D ConnectivityService: notifyType CAP_CHANGED for NetworkAgentInfo [WIFI () - 408]
12-13 11:09:20.798   798   916 D ConnectivityService: sendStickyBroadcast: action=android.net.conn.INET_CONDITION_ACTION
12-13 11:09:21.791   798   916 D ConnectivityService: NetTransition Wakelock (NetworkAgentInfo [WIFI () - 407] cleared because we found a replacement network
12-13 11:09:28.726   798   916 D ConnectivityService: handlePromptUnvalidated 408
12-13 11:18:11.487   798   798 I EntropyMixer: Added HW RNG output to entropy pool
12-13 11:18:11.487   798   798 I EntropyMixer: Writing entropy...
12-13 11:21:00.620   798   809 D WifiService: acquireWifiLockLocked: WifiLock{NlpWifiLock type=2 binder=android.os.BinderProxy@4f72e4e}
12-13 11:21:01.132   798  2366 D WifiService: releaseWifiLockLocked: WifiLock{NlpWifiLock type=2 binder=android.os.BinderProxy@4f72e4e}
12-13 11:21:01.235   798   809 I ActivityManager: Start proc 7971:com.google.android.gms:car/u0a14 for service com.google.android.gms/.car.CarService
12-13 11:21:01.565   798   810 W ActivityManager: Unable to start service Intent { act=local_action cmp=com.google.android.gms/.car.InCallService2 } U=0: not found
12-13 11:21:02.204   798   826 I ActivityManager: Start proc 8021:com.android.defcontainer/u0a8 for service com.android.defcontainer/.DefaultContainerService
12-13 11:21:06.831   798 23064 W ActivityManager: Unbind failed: could not find connection for android.os.BinderProxy@b713f2b
12-13 11:21:12.342   798  1016 I ActivityManager: Killing 3593:com.android.exchange/u0a43 (adj 15): empty for 11412s
12-13 11:21:29.448   798 23058 I ActivityManager: Killing 3606:com.google.process.gapps/u0a72 (adj 15): empty for 11429s
12-13 11:22:06.554   798   812 I ProcessStatsService: Prepared write state in 12ms
12-13 11:22:06.576   798   812 I ProcessStatsService: Prepared write state in 21ms
12-13 11:39:30.669   798 23066 D ConnectivityService: reportNetworkConnectivity(408, false) by 10014
12-13 11:39:30.688   798   916 D ConnectivityService: NetworkAgentInfo [WIFI () - 408] validation failed
12-13 11:39:30.688   798   916 D ConnectivityService: notifyType CAP_CHANGED for NetworkAgentInfo [WIFI () - 408]
12-13 11:39:30.689   798   916 D ConnectivityService: sendStickyBroadcast: action=android.net.conn.INET_CONDITION_ACTION
12-13 11:39:30.718   798   916 D ConnectivityService: notifyType CAP_CHANGED for NetworkAgentInfo [WIFI () - 408]
12-13 11:39:30.719   798   916 D ConnectivityService: NetworkAgentInfo [WIFI () - 408] EVENT_NETWORK_INFO_CHANGED, going from CONNECTED to DISCONNECTED
12-13 11:39:30.719   798   916 D ConnectivityService: NetworkAgentInfo [WIFI () - 408] got DISCONNECTED, was satisfying 4
12-13 11:39:30.733   798   916 D ConnectivityService: notifyType LOST for NetworkAgentInfo [WIFI () - 408]
12-13 11:39:30.769   798   916 D CSLegacyTypeTracker: Sending DISCONNECTED broadcast for type 1 NetworkAgentInfo [WIFI () - 408] isDefaultNetwork=true
12-13 11:39:30.769   798   916 D ConnectivityService: sendStickyBroadcast: action=android.net.conn.CONNECTIVITY_CHANGE
12-13 11:39:30.818   798   916 D ConnectivityService: setProvNotificationVisibleIntent null visible=false networkType=MOBILE extraInfo=null highPriority=false
12-13 11:39:32.274   798   914 D ConnectivityService: registerNetworkAgent NetworkAgentInfo{ ni{[type: WIFI[], state: CONNECTING/CONNECTING, reason: (unspecified), extra: "AVG-QA-RND", roaming: false, failover: false, isAvailable: true]}  network{409}  lp{{InterfaceName: wlan0 LinkAddresses: []  Routes: [] DnsAddresses: [] Domains: null MTU: 0 TcpBufferSizes: 524288,1048576,2097152,262144,524288,1048576}}  nc{[ Transports: WIFI Capabilities: INTERNET&NOT_RESTRICTED&TRUSTED&NOT_VPN LinkUpBandwidth>=1048576Kbps LinkDnBandwidth>=1048576Kbps]}  Score{20}  everValidated{false}  lastValidated{false}  created{false} lingering{false} explicitlySelected{false} acceptUnvalidated{false} everCaptivePortalDetected{false} lastCaptivePortalDetected{false} }
12-13 11:39:32.274   798   916 D ConnectivityService: NetworkAgentInfo [WIFI () - 409] EVENT_NETWORK_INFO_CHANGED, going from null to CONNECTING
12-13 11:39:32.417   798   916 D ConnectivityService: NetworkAgentInfo [WIFI () - 409] EVENT_NETWORK_INFO_CHANGED, going from CONNECTING to CONNECTED
12-13 11:39:32.418   798   916 D ConnectivityService: Adding iface wlan0 to network 409
12-13 11:39:32.508   798   916 E ConnectivityService: Unexpected mtu value: 0, wlan0
12-13 11:39:32.509   798   916 D ConnectivityService: Adding Route [fe80::/64 -> :: wlan0] to network 409
12-13 11:39:32.510   798   916 D ConnectivityService: Adding Route [10.64.44.0/23 -> 0.0.0.0 wlan0] to network 409
12-13 11:39:32.511   798   916 D ConnectivityService: Adding Route [0.0.0.0/0 -> 10.64.44.1 wlan0] to network 409
12-13 11:39:32.512   798   916 D ConnectivityService: Setting Dns servers for network 409 to [/10.64.36.20, /10.64.36.21]
12-13 11:39:32.525   798   916 D ConnectivityService: notifyType IP_CHANGED for NetworkAgentInfo [WIFI () - 409]
12-13 11:39:32.536   798   916 D ConnectivityService: scheduleUnvalidatedPrompt 409
12-13 11:39:32.536   798   916 D ConnectivityService: updateSignalStrengthThresholds: CONNECT, sending [] to NetworkAgentInfo [WIFI () - 409]
12-13 11:39:32.536   798   916 D ConnectivityService: rematch for NetworkAgentInfo [WIFI () - 409]
12-13 11:39:32.536   798   916 D ConnectivityService:    accepting network in place of null
12-13 11:39:32.537   798   916 D ConnectivityService: Switching to new default network: NetworkAgentInfo{ ni{[type: WIFI[], state: CONNECTED/CONNECTED, reason: (unspecified), extra: "AVG-QA-RND", roaming: false, failover: false, isAvailable: true]}  network{409}  lp{{InterfaceName: wlan0 LinkAddresses: [fe80::364d:f7ff:fe3d:e452/64,10.64.44.19/8,]  Routes: [fe80::/64 -> :: wlan0,10.64.44.0/23 -> 0.0.0.0 wlan0,0.0.0.0/0 -> 10.64.44.1 wlan0,] DnsAddresses: [10.64.36.20,10.64.36.21,] Domains: il.avg.com MTU: 0 TcpBufferSizes: 524288,1048576,2097152,262144,524288,1048576}}  nc{[ Transports: WIFI Capabilities: INTERNET&NOT_RESTRICTED&TRUSTED&NOT_VPN LinkUpBandwidth>=1048576Kbps LinkDnBandwidth>=1048576Kbps]}  Score{20}  everValidated{false}  lastValidated{false}  created{true} lingering{false} explicitlySelected{false} acceptUnvalidated{false} everCaptivePortalDetected{false} lastCaptivePortalDetected{false} }
12-13 11:39:32.587   798   916 D CSLegacyTypeTracker: Sending CONNECTED broadcast for type 1 NetworkAgentInfo [WIFI () - 409] isDefaultNetwork=true
12-13 11:39:32.587   798   916 D ConnectivityService: sendStickyBroadcast: action=android.net.conn.CONNECTIVITY_CHANGE
12-13 11:39:32.588   798   916 D ConnectivityService: notifyType PRECHECK for NetworkAgentInfo [WIFI () - 409]
12-13 11:39:32.589   798   916 D ConnectivityService: notifyType CAP_CHANGED for NetworkAgentInfo [WIFI () - 409]
12-13 11:39:32.593   798   916 D ConnectivityService: setProvNotificationVisibleIntent null visible=false networkType=MOBILE extraInfo=null highPriority=false
12-13 11:39:32.593   798   916 D ConnectivityService: NetworkAgentInfo [WIFI () - 409] validation  passed
12-13 11:39:32.593   798   916 D ConnectivityService: notifyType CAP_CHANGED for NetworkAgentInfo [WIFI () - 409]
12-13 11:39:32.598   798   916 D ConnectivityService: sendStickyBroadcast: action=android.net.conn.INET_CONDITION_ACTION
12-13 11:39:33.589   798   916 D ConnectivityService: NetTransition Wakelock (NetworkAgentInfo [WIFI () - 408] cleared because we found a replacement network
12-13 11:39:40.544   798   916 D ConnectivityService: handlePromptUnvalidated 409
12-13 11:41:02.326   798   811 I UsageStatsService: User[0] Flushing usage stats to disk
12-13 11:53:16.264   798   812 I ProcessStatsService: Prepared write state in 13ms
12-13 12:09:14.596   798   809 D ConnectivityService: listenForNetwork for Listen from uid/pid:10086/4741 for NetworkRequest [ id=34, legacyType=-1, [ Capabilities: INTERNET&NOT_RESTRICTED&TRUSTED&NOT_VPN] ]
12-13 12:09:33.286   798   798 I ActivityManager: Start proc 9290:com.android.dialer/u0a31 for service com.android.dialer/.incall.InCallMetricsJob
12-13 12:09:33.286   798   798 I BackupManagerService: Beginning scheduled full backup operation
12-13 12:09:33.316   798  9296 I PFTBT   : Initiating full-data transport backup of com.s.antivirus
12-13 12:09:33.326   798  9296 I PFTBT   : Transport rejected backup of com.s.antivirus, skipping
12-13 12:09:33.326   798  9296 I PFTBT   : Full backup completed.
12-13 12:09:42.616   798 23061 D ConnectivityService: reportNetworkConnectivity(409, false) by 10014
12-13 12:09:42.639   798   916 D ConnectivityService: NetworkAgentInfo [WIFI () - 409] validation failed
12-13 12:09:42.639   798   916 D ConnectivityService: notifyType CAP_CHANGED for NetworkAgentInfo [WIFI () - 409]
12-13 12:09:42.643   798   916 D ConnectivityService: sendStickyBroadcast: action=android.net.conn.INET_CONDITION_ACTION
12-13 12:09:42.658   798   916 D ConnectivityService: notifyType CAP_CHANGED for NetworkAgentInfo [WIFI () - 409]
12-13 12:09:42.660   798   916 D ConnectivityService: NetworkAgentInfo [WIFI () - 409] EVENT_NETWORK_INFO_CHANGED, going from CONNECTED to DISCONNECTED
12-13 12:09:42.660   798   916 D ConnectivityService: NetworkAgentInfo [WIFI () - 409] got DISCONNECTED, was satisfying 5
12-13 12:09:42.679   798   916 D ConnectivityService: notifyType LOST for NetworkAgentInfo [WIFI () - 409]
12-13 12:09:42.743   798   916 D CSLegacyTypeTracker: Sending DISCONNECTED broadcast for type 1 NetworkAgentInfo [WIFI () - 409] isDefaultNetwork=true
12-13 12:09:42.743   798   916 D ConnectivityService: sendStickyBroadcast: action=android.net.conn.CONNECTIVITY_CHANGE
12-13 12:09:42.808   798   916 D ConnectivityService: setProvNotificationVisibleIntent null visible=false networkType=MOBILE extraInfo=null highPriority=false
12-13 12:09:44.293   798   914 D ConnectivityService: registerNetworkAgent NetworkAgentInfo{ ni{[type: WIFI[], state: CONNECTING/CONNECTING, reason: (unspecified), extra: "AVG-QA-RND", roaming: false, failover: false, isAvailable: true]}  network{410}  lp{{InterfaceName: wlan0 LinkAddresses: []  Routes: [] DnsAddresses: [] Domains: null MTU: 0 TcpBufferSizes: 524288,1048576,2097152,262144,524288,1048576}}  nc{[ Transports: WIFI Capabilities: INTERNET&NOT_RESTRICTED&TRUSTED&NOT_VPN LinkUpBandwidth>=1048576Kbps LinkDnBandwidth>=1048576Kbps]}  Score{20}  everValidated{false}  lastValidated{false}  created{false} lingering{false} explicitlySelected{false} acceptUnvalidated{false} everCaptivePortalDetected{false} lastCaptivePortalDetected{false} }
12-13 12:09:44.294   798   916 D ConnectivityService: NetworkAgentInfo [WIFI () - 410] EVENT_NETWORK_INFO_CHANGED, going from null to CONNECTING
12-13 12:09:44.555   798   916 D ConnectivityService: NetworkAgentInfo [WIFI () - 410] EVENT_NETWORK_INFO_CHANGED, going from CONNECTING to CONNECTED
12-13 12:09:44.555   798   916 D ConnectivityService: Adding iface wlan0 to network 410
12-13 12:09:44.576   798   916 E ConnectivityService: Unexpected mtu value: 0, wlan0
12-13 12:09:44.577   798   916 D ConnectivityService: Adding Route [fe80::/64 -> :: wlan0] to network 410
12-13 12:09:44.577   798   916 D ConnectivityService: Adding Route [10.64.44.0/23 -> 0.0.0.0 wlan0] to network 410
12-13 12:09:44.578   798   916 D ConnectivityService: Adding Route [0.0.0.0/0 -> 10.64.44.1 wlan0] to network 410
12-13 12:09:44.578   798   916 D ConnectivityService: Setting Dns servers for network 410 to [/10.64.36.20, /10.64.36.21]
12-13 12:09:44.586   798   916 D ConnectivityService: notifyType IP_CHANGED for NetworkAgentInfo [WIFI () - 410]
12-13 12:09:44.592   798   916 D ConnectivityService: scheduleUnvalidatedPrompt 410
12-13 12:09:44.592   798   916 D ConnectivityService: updateSignalStrengthThresholds: CONNECT, sending [] to NetworkAgentInfo [WIFI () - 410]
12-13 12:09:44.592   798   916 D ConnectivityService: rematch for NetworkAgentInfo [WIFI () - 410]
12-13 12:09:44.592   798   916 D ConnectivityService:    accepting network in place of null
12-13 12:09:44.593   798   916 D ConnectivityService: Switching to new default network: NetworkAgentInfo{ ni{[type: WIFI[], state: CONNECTED/CONNECTED, reason: (unspecified), extra: "AVG-QA-RND", roaming: false, failover: false, isAvailable: true]}  network{410}  lp{{InterfaceName: wlan0 LinkAddresses: [fe80::364d:f7ff:fe3d:e452/64,10.64.44.19/23,]  Routes: [fe80::/64 -> :: wlan0,10.64.44.0/23 -> 0.0.0.0 wlan0,0.0.0.0/0 -> 10.64.44.1 wlan0,] DnsAddresses: [10.64.36.20,10.64.36.21,] Domains: il.avg.com MTU: 0 TcpBufferSizes: 524288,1048576,2097152,262144,524288,1048576}}  nc{[ Transports: WIFI Capabilities: INTERNET&NOT_RESTRICTED&TRUSTED&NOT_VPN LinkUpBandwidth>=1048576Kbps LinkDnBandwidth>=1048576Kbps]}  Score{20}  everValidated{false}  lastValidated{false}  created{true} lingering{false} explicitlySelected{false} acceptUnvalidated{false} everCaptivePortalDetected{false} lastCaptivePortalDetected{false} }
12-13 12:09:44.640   798   916 D CSLegacyTypeTracker: Sending CONNECTED broadcast for type 1 NetworkAgentInfo [WIFI () - 410] isDefaultNetwork=true
12-13 12:09:44.640   798   916 D ConnectivityService: sendStickyBroadcast: action=android.net.conn.CONNECTIVITY_CHANGE
12-13 12:09:44.641   798   916 D ConnectivityService: notifyType PRECHECK for NetworkAgentInfo [WIFI () - 410]
12-13 12:09:44.644   798   916 D ConnectivityService: notifyType CAP_CHANGED for NetworkAgentInfo [WIFI () - 410]
12-13 12:09:44.749   798   916 D ConnectivityService: setProvNotificationVisibleIntent null visible=false networkType=MOBILE extraInfo=null highPriority=false
12-13 12:09:44.749   798   916 D ConnectivityService: NetworkAgentInfo [WIFI () - 410] validation  passed
12-13 12:09:44.749   798   916 D ConnectivityService: notifyType CAP_CHANGED for NetworkAgentInfo [WIFI () - 410]
12-13 12:09:44.751   798   916 D ConnectivityService: sendStickyBroadcast: action=android.net.conn.INET_CONDITION_ACTION
12-13 12:09:45.642   798   916 D ConnectivityService: NetTransition Wakelock (NetworkAgentInfo [WIFI () - 409] cleared because we found a replacement network
12-13 12:09:52.599   798   916 D ConnectivityService: handlePromptUnvalidated 410
12-13 12:10:08.396   798  1192 I ActivityManager: Killing 7971:com.google.android.gms:car/u0a14 (adj 15): empty for 2946s
12-13 12:20:00.216   798   818 W ProcessCpuTracker: Skipping unknown process pid 9625
12-13 12:20:00.284   798   818 W ProcessCpuTracker: Skipping unknown process pid 9628
12-13 12:22:39.431   798  2368 I ActivityManager: START u0 {act=android.intent.action.MAIN cat=[android.intent.category.LAUNCHER] flg=0x10000000 cmp=com.avg.toolkitlib.example.lib/.UI.Activation} from uid 2000 on display 0
12-13 12:22:39.444   798  2368 I ActivityManager: Start proc 9764:com.avg.toolkitlib.example.lib/u0a88 for activity com.avg.toolkitlib.example.lib/.UI.Activation
12-13 12:22:39.993   798   812 W ActivityManager: Activity pause timeout for ActivityRecord{36812a5 u0 com.avg.toolkitlib.example.lib/.UI.Activation t57}
12-13 12:22:40.865   798  1016 W ActivityManager: Unable to start service Intent { cmp=com.avg.toolkitlib.example.lib/com.avg.toolkit.TKService } U=0: not found
12-13 12:22:41.396   798  1691 D ConnectivityService: listenForNetwork for Listen from uid/pid:10088/9764 for NetworkRequest [ id=35, legacyType=-1, [ Capabilities: INTERNET&NOT_RESTRICTED&TRUSTED&NOT_VPN] ]
12-13 12:23:41.969   798   812 I ProcessStatsService: Prepared write state in 12ms
12-13 12:23:41.992   798   812 I ProcessStatsService: Prepared write state in 23ms
12-13 12:34:49.414  8021  8033 D DefContainer: Copying /data/local/tmp/com.antivirus to base.apk
12-13 12:34:50.316   798   812 I ActivityManager: Force stopping com.antivirus appid=10087 user=-1: uninstall pkg
12-13 12:34:50.317   798   812 I ActivityManager: Killing 11835:com.antivirus/u0a87 (adj 15): stop com.antivirus
12-13 12:34:50.367   798   812 W ActivityManager: Scheduling restart of crashed service com.antivirus/.libbillingapp.BillingAppService in 1000ms
12-13 12:34:50.368   798   812 I ActivityManager:   Force stopping service ServiceRecord{20eb3e7 u0 com.antivirus/.libbillingapp.BillingAppService}
12-13 12:34:50.369   798  1016 W ActivityManager: Spurious death for ProcessRecord{72438df 0:com.antivirus/u0a87}, curProc for 11835: null
12-13 12:34:50.417   798   826 I PackageManager: Package com.antivirus codePath changed from /data/app/com.antivirus-1 to /data/app/com.antivirus-2; Retaining data and using new
12-13 12:34:50.417   798   826 W PackageManager: Code path for com.antivirus changing from /data/app/com.antivirus-1 to /data/app/com.antivirus-2
12-13 12:34:50.417   798   812 I ActivityManager: Force stopping com.antivirus appid=10087 user=-1: replace pkg
12-13 12:34:50.417   798   826 W PackageManager: Resource path for com.antivirus changing from /data/app/com.antivirus-1 to /data/app/com.antivirus-2
12-13 12:34:50.499   798   826 W PackageManager: Unknown permission android.permisssion.ACCESS_COARSE_LOCATION in package com.antivirus
12-13 12:34:50.653   798   826 W PackageManager: Couldn't remove dex file for package:  at location /data/app/com.antivirus-1/base.apk, retcode=-1
12-13 12:34:50.655   798   826 I ActivityManager: Force stopping com.antivirus appid=10087 user=0: pkg removed
12-13 12:34:50.730   798   798 D JobSchedulerService: Receieved: android.intent.action.PACKAGE_REMOVED
12-13 12:34:50.786   798 23064 I ActivityManager: Start proc 10298:org.cyanogenmod.providers.datausage/1000 for broadcast org.cyanogenmod.providers.datausage/.DataUsageAppInstallReceiver
12-13 12:34:50.827   798   798 V KeyValueBackupJob: Scheduling k/v pass in 247 minutes
12-13 12:34:50.852 10298 10298 W ContextImpl: Calling a method in the system process without a qualified user: android.app.ContextImpl.startService:1231 android.content.ContextWrapper.startService:587 android.content.ContextWrapper.startService:587 org.cyanogenmod.providers.datausage.DataUsageAppInstallReceiver.onReceive:47 android.app.ActivityThread.handleReceiver:2759 
12-13 12:34:50.867   798  1192 I ActivityManager: Start proc 10315:com.android.keychain/1000 for broadcast com.android.keychain/.KeyChainBroadcastReceiver
12-13 12:34:50.902 10315 10315 W ContextImpl: Calling a method in the system process without a qualified user: android.app.ContextImpl.startService:1231 android.content.ContextWrapper.startService:587 android.content.ContextWrapper.startService:587 com.android.keychain.KeyChainBroadcastReceiver.onReceive:12 android.app.ActivityThread.handleReceiver:2759 
12-13 12:34:50.904   798  2366 I ActivityManager: Killing 4596:com.google.android.gms:snet/u0a14 (adj 15): empty for 3388s
12-13 12:34:50.979   798   811 W VoiceInteractionManagerService: no available voice recognition services found for user 0
12-13 12:34:50.990   798  2366 I ActivityManager: Start proc 10331:com.android.gallery3d/u0a54 for broadcast com.android.gallery3d/.app.PackagesMonitor
12-13 12:34:51.320   798 23065 I ActivityManager: Start proc 10355:org.cyanogenmod.bugreport/2000 for broadcast org.cyanogenmod.bugreport/.PackageChangeReceiver
12-13 12:34:51.391 10298 10298 W ContextImpl: Calling a method in the system process without a qualified user: android.app.ContextImpl.startService:1231 android.content.ContextWrapper.startService:587 android.content.ContextWrapper.startService:587 org.cyanogenmod.providers.datausage.DataUsageAppInstallReceiver.onReceive:47 android.app.ActivityThread.handleReceiver:2759 
12-13 12:34:51.413   798 23066 I ActivityManager: Start proc 10371:org.cyanogenmod.themes.provider/u0a21 for broadcast org.cyanogenmod.themes.provider/.AppReceiver
12-13 12:34:51.467   798  2366 I ActivityManager: Start proc 10392:com.google.android.partnersetup/u0a30 for broadcast com.google.android.partnersetup/.RlzPingBroadcastReceiver
12-13 12:34:51.469   798  1192 I ActivityManager: START u0 {act=android.intent.action.MAIN cat=[android.intent.category.LAUNCHER] flg=0x10000000 cmp=com.antivirus/.libbillingapp.main.BillingMainActivity} from uid 2000 on display 0
12-13 12:34:51.504   798  1192 I ActivityManager: Start proc 10406:com.antivirus/u0a87 for activity com.antivirus/.libbillingapp.main.BillingMainActivity
12-13 12:34:51.574   798   810 I ActivityManager: Start proc 10423:com.svox.pico/u0a58 for broadcast com.svox.pico/.VoiceDataInstallerReceiver
12-13 12:34:51.667 10298 10298 W ContextImpl: Calling a method in the system process without a qualified user: android.app.ContextImpl.startService:1231 android.content.ContextWrapper.startService:587 android.content.ContextWrapper.startService:587 org.cyanogenmod.providers.datausage.DataUsageAppInstallReceiver.onReceive:47 android.app.ActivityThread.handleReceiver:2759 
12-13 12:34:52.027   798   812 W ActivityManager: Activity pause timeout for ActivityRecord{2d9c0b9 u0 com.antivirus/.libbillingapp.main.BillingMainActivity t58}
12-13 12:35:03.138   798   901 I PowerManagerService: Waking up from sleep (uid 1000)...
12-13 12:35:03.140   798   822 I DisplayPowerController: Blocking screen on until initial contents have been drawn.
12-13 12:35:03.174   798   916 D ConnectivityService: notifyType CAP_CHANGED for NetworkAgentInfo [WIFI () - 410]
12-13 12:35:03.228   798   817 I DisplayManagerService: Display device changed state: "Built-in Screen", ON
12-13 12:35:03.305   798   822 I DisplayPowerController: Unblocked screen on after 165 ms
12-13 12:35:06.190   798   916 D ConnectivityService: notifyType CAP_CHANGED for NetworkAgentInfo [WIFI () - 410]
12-13 12:35:06.194   798   916 D ConnectivityService: updateNetworkScore for NetworkAgentInfo [WIFI () - 410] to 60
12-13 12:35:09.234   798   916 D ConnectivityService: notifyType CAP_CHANGED for NetworkAgentInfo [WIFI () - 410]
12-13 12:35:15.311   798   916 D ConnectivityService: notifyType CAP_CHANGED for NetworkAgentInfo [WIFI () - 410]
12-13 12:35:18.367   798   916 D ConnectivityService: updateNetworkScore for NetworkAgentInfo [WIFI () - 410] to 56
12-13 12:35:21.397   798   916 D ConnectivityService: notifyType CAP_CHANGED for NetworkAgentInfo [WIFI () - 410]
12-13 12:35:48.672   798   901 I PowerManagerService: Going to sleep due to power button (uid 1000)...
12-13 12:35:49.274   798   817 I DisplayManagerService: Display device changed state: "Built-in Screen", OFF
12-13 12:35:49.295   798   901 I PowerManagerService: Waking up from dozing (uid 1000)...
12-13 12:35:49.296   798   822 I DisplayPowerController: Blocking screen on until initial contents have been drawn.
12-13 12:35:49.456   798   822 I DisplayPowerController: Unblocked screen on after 160 ms
12-13 12:35:49.541   798   817 I DisplayManagerService: Display device changed state: "Built-in Screen", ON
12-13 12:35:50.081   798   901 I PowerManagerService: Going to sleep due to power button (uid 1000)...
12-13 12:35:50.614   798   817 I DisplayManagerService: Display device changed state: "Built-in Screen", OFF
12-13 12:35:50.665   798   901 I PowerManagerService: Waking up from dozing (uid 1000)...
12-13 12:35:50.666   798   822 I DisplayPowerController: Blocking screen on until initial contents have been drawn.
12-13 12:35:50.843   798   822 I DisplayPowerController: Unblocked screen on after 177 ms
12-13 12:35:50.889   798   817 I DisplayManagerService: Display device changed state: "Built-in Screen", ON
12-13 12:35:53.898   798   916 D ConnectivityService: notifyType CAP_CHANGED for NetworkAgentInfo [WIFI () - 410]
12-13 12:35:53.902   798   916 D ConnectivityService: updateNetworkScore for NetworkAgentInfo [WIFI () - 410] to 60
12-13 12:35:59.953   798   916 D ConnectivityService: notifyType CAP_CHANGED for NetworkAgentInfo [WIFI () - 410]
12-13 12:35:59.957   798   916 D ConnectivityService: updateNetworkScore for NetworkAgentInfo [WIFI () - 410] to 56
12-13 12:36:02.972   798   916 D ConnectivityService: notifyType CAP_CHANGED for NetworkAgentInfo [WIFI () - 410]
12-13 12:36:02.976   798   916 D ConnectivityService: updateNetworkScore for NetworkAgentInfo [WIFI () - 410] to 60
12-13 12:36:06.010   798   916 D ConnectivityService: notifyType CAP_CHANGED for NetworkAgentInfo [WIFI () - 410]
12-13 12:36:09.062   798   916 D ConnectivityService: notifyType CAP_CHANGED for NetworkAgentInfo [WIFI () - 410]
12-13 12:36:12.099   798   916 D ConnectivityService: notifyType CAP_CHANGED for NetworkAgentInfo [WIFI () - 410]
12-13 12:36:12.127   798   916 D ConnectivityService: updateNetworkScore for NetworkAgentInfo [WIFI () - 410] to 56
12-13 12:36:15.131   798   916 D ConnectivityService: notifyType CAP_CHANGED for NetworkAgentInfo [WIFI () - 410]
12-13 12:36:18.184   798   916 D ConnectivityService: notifyType CAP_CHANGED for NetworkAgentInfo [WIFI () - 410]
12-13 12:36:36.381   798   916 D ConnectivityService: notifyType CAP_CHANGED for NetworkAgentInfo [WIFI () - 410]
12-13 12:36:39.425   798   916 D ConnectivityService: notifyType CAP_CHANGED for NetworkAgentInfo [WIFI () - 410]
12-13 12:36:45.508   798   916 D ConnectivityService: notifyType CAP_CHANGED for NetworkAgentInfo [WIFI () - 410]
12-13 12:36:48.561   798   916 D ConnectivityService: notifyType CAP_CHANGED for NetworkAgentInfo [WIFI () - 410]
12-13 12:36:50.669   798   822 I PowerManagerService: Going to sleep due to screen timeout (uid 1000)...
12-13 12:36:51.308   798   817 I DisplayManagerService: Display device changed state: "Built-in Screen", OFF
12-13 12:36:51.579   798   822 I PowerManagerService: Sleeping (uid 1000)...
12-13 12:36:53.582   798   822 W PowerManagerService: Sandman unresponsive, releasing suspend blocker
12-13 12:39:54.489   798  2366 D ConnectivityService: reportNetworkConnectivity(410, false) by 10014
12-13 12:39:54.508   798   916 D ConnectivityService: NetworkAgentInfo [WIFI () - 410] validation failed
12-13 12:39:54.508   798   916 D ConnectivityService: notifyType CAP_CHANGED for NetworkAgentInfo [WIFI () - 410]
12-13 12:39:54.509   798   916 D ConnectivityService: sendStickyBroadcast: action=android.net.conn.INET_CONDITION_ACTION
12-13 12:39:54.546   798   916 D ConnectivityService: notifyType CAP_CHANGED for NetworkAgentInfo [WIFI () - 410]
12-13 12:39:54.547   798   916 D ConnectivityService: NetworkAgentInfo [WIFI () - 410] EVENT_NETWORK_INFO_CHANGED, going from CONNECTED to DISCONNECTED
12-13 12:39:54.547   798   916 D ConnectivityService: NetworkAgentInfo [WIFI () - 410] got DISCONNECTED, was satisfying 6
12-13 12:39:54.548   798   812 I ActivityManager: Killing 20096:com.cyanogenmod.updater/u0a3 (adj 15): empty for 1809s
12-13 12:39:54.587   798   812 I ActivityManager: Killing 9290:com.android.dialer/u0a31 (adj 15): empty for 1821s
12-13 12:39:54.751   798   916 D ConnectivityService: notifyType LOST for NetworkAgentInfo [WIFI () - 410]
12-13 12:39:54.828   798   916 D CSLegacyTypeTracker: Sending DISCONNECTED broadcast for type 1 NetworkAgentInfo [WIFI () - 410] isDefaultNetwork=true
12-13 12:39:54.828   798   916 D ConnectivityService: sendStickyBroadcast: action=android.net.conn.CONNECTIVITY_CHANGE
12-13 12:39:54.872   798  1016 I ActivityManager: Start proc 11048:com.cyanogenmod.updater/u0a3 for broadcast com.cyanogenmod.updater/.receiver.UpdateCheckReceiver
12-13 12:39:54.883   798   916 D ConnectivityService: setProvNotificationVisibleIntent null visible=false networkType=MOBILE extraInfo=null highPriority=false
12-13 12:39:56.128   798   914 D ConnectivityService: registerNetworkAgent NetworkAgentInfo{ ni{[type: WIFI[], state: CONNECTING/CONNECTING, reason: (unspecified), extra: "AVG-QA-RND", roaming: false, failover: false, isAvailable: true]}  network{411}  lp{{InterfaceName: wlan0 LinkAddresses: []  Routes: [] DnsAddresses: [] Domains: null MTU: 0 TcpBufferSizes: 524288,1048576,2097152,262144,524288,1048576}}  nc{[ Transports: WIFI Capabilities: INTERNET&NOT_RESTRICTED&TRUSTED&NOT_VPN LinkUpBandwidth>=1048576Kbps LinkDnBandwidth>=1048576Kbps]}  Score{20}  everValidated{false}  lastValidated{false}  created{false} lingering{false} explicitlySelected{false} acceptUnvalidated{false} everCaptivePortalDetected{false} lastCaptivePortalDetected{false} }
12-13 12:39:56.128   798   916 D ConnectivityService: NetworkAgentInfo [WIFI () - 411] EVENT_NETWORK_INFO_CHANGED, going from null to CONNECTING
12-13 12:39:56.375   798   916 D ConnectivityService: NetworkAgentInfo [WIFI () - 411] EVENT_NETWORK_INFO_CHANGED, going from CONNECTING to CONNECTED
12-13 12:39:56.376   798   916 D ConnectivityService: Adding iface wlan0 to network 411
12-13 12:39:56.408   798   916 E ConnectivityService: Unexpected mtu value: 0, wlan0
12-13 12:39:56.408   798   916 D ConnectivityService: Adding Route [fe80::/64 -> :: wlan0] to network 411
12-13 12:39:56.409   798   916 D ConnectivityService: Adding Route [10.64.44.0/23 -> 0.0.0.0 wlan0] to network 411
12-13 12:39:56.409   798   916 D ConnectivityService: Adding Route [0.0.0.0/0 -> 10.64.44.1 wlan0] to network 411
12-13 12:39:56.410   798   916 D ConnectivityService: Setting Dns servers for network 411 to [/10.64.36.20, /10.64.36.21]
12-13 12:39:56.424   798   916 D ConnectivityService: notifyType IP_CHANGED for NetworkAgentInfo [WIFI () - 411]
12-13 12:39:56.435   798   916 D ConnectivityService: scheduleUnvalidatedPrompt 411
12-13 12:39:56.435   798   916 D ConnectivityService: updateSignalStrengthThresholds: CONNECT, sending [] to NetworkAgentInfo [WIFI () - 411]
12-13 12:39:56.435   798   916 D ConnectivityService: rematch for NetworkAgentInfo [WIFI () - 411]
12-13 12:39:56.435   798   916 D ConnectivityService:    accepting network in place of null
12-13 12:39:56.437   798   916 D ConnectivityService: Switching to new default network: NetworkAgentInfo{ ni{[type: WIFI[], state: CONNECTED/CONNECTED, reason: (unspecified), extra: "AVG-QA-RND", roaming: false, failover: false, isAvailable: true]}  network{411}  lp{{InterfaceName: wlan0 LinkAddresses: [fe80::364d:f7ff:fe3d:e452/64,10.64.44.19/23,]  Routes: [fe80::/64 -> :: wlan0,10.64.44.0/23 -> 0.0.0.0 wlan0,0.0.0.0/0 -> 10.64.44.1 wlan0,] DnsAddresses: [10.64.36.20,10.64.36.21,] Domains: il.avg.com MTU: 0 TcpBufferSizes: 524288,1048576,2097152,262144,524288,1048576}}  nc{[ Transports: WIFI Capabilities: INTERNET&NOT_RESTRICTED&TRUSTED&NOT_VPN LinkUpBandwidth>=1048576Kbps LinkDnBandwidth>=1048576Kbps]}  Score{20}  everValidated{false}  lastValidated{false}  created{true} lingering{false} explicitlySelected{false} acceptUnvalidated{false} everCaptivePortalDetected{false} lastCaptivePortalDetected{false} }
12-13 12:39:56.514   798   916 D CSLegacyTypeTracker: Sending CONNECTED broadcast for type 1 NetworkAgentInfo [WIFI () - 411] isDefaultNetwork=true
12-13 12:39:56.515   798   916 D ConnectivityService: sendStickyBroadcast: action=android.net.conn.CONNECTIVITY_CHANGE
12-13 12:39:56.515   798   916 D ConnectivityService: notifyType PRECHECK for NetworkAgentInfo [WIFI () - 411]
12-13 12:39:56.523   798   916 D ConnectivityService: notifyType CAP_CHANGED for NetworkAgentInfo [WIFI () - 411]
12-13 12:39:56.525   798   916 D ConnectivityService: setProvNotificationVisibleIntent null visible=false networkType=MOBILE extraInfo=null highPriority=false
12-13 12:39:56.525   798   916 D ConnectivityService: NetworkAgentInfo [WIFI () - 411] validation  passed
12-13 12:39:56.525   798   916 D ConnectivityService: notifyType CAP_CHANGED for NetworkAgentInfo [WIFI () - 411]
12-13 12:39:56.531   798   916 D ConnectivityService: sendStickyBroadcast: action=android.net.conn.INET_CONDITION_ACTION
12-13 12:39:57.516   798   916 D ConnectivityService: NetTransition Wakelock (NetworkAgentInfo [WIFI () - 410] cleared because we found a replacement network
12-13 12:40:04.437   798   916 D ConnectivityService: handlePromptUnvalidated 411
12-13 12:42:39.592   798   811 I UsageStatsService: User[0] Flushing usage stats to disk
12-13 12:44:45.393   798   901 I PowerManagerService: Waking up from sleep (uid 1000)...
12-13 12:44:45.395   798   822 I DisplayPowerController: Blocking screen on until initial contents have been drawn.
12-13 12:44:45.496   798   817 I DisplayManagerService: Display device changed state: "Built-in Screen", ON
12-13 12:44:45.628   798   822 I DisplayPowerController: Unblocked screen on after 233 ms
12-13 12:44:48.452   798   916 D ConnectivityService: notifyType CAP_CHANGED for NetworkAgentInfo [WIFI () - 411]
12-13 12:44:48.455   798   916 D ConnectivityService: updateNetworkScore for NetworkAgentInfo [WIFI () - 411] to 60
12-13 12:44:51.470   798   916 D ConnectivityService: updateNetworkScore for NetworkAgentInfo [WIFI () - 411] to 56
12-13 12:44:54.485   798   916 D ConnectivityService: notifyType CAP_CHANGED for NetworkAgentInfo [WIFI () - 411]
12-13 12:44:55.385   798 23065 I ActivityManager: START u0 {act=android.intent.action.DELETE dat=package:com.antivirus flg=0x10800000 cmp=com.google.android.packageinstaller/com.android.packageinstaller.UninstallerActivity (has extras)} from uid 10027 on display 0
12-13 12:44:55.418   798 23061 I ActivityManager: Start proc 11320:com.google.android.packageinstaller/u0a32 for activity com.google.android.packageinstaller/com.android.packageinstaller.UninstallerActivity
12-13 12:44:56.224   798  1192 I ActivityManager: START u0 {act=android.intent.action.VIEW cmp=com.google.android.packageinstaller/com.android.packageinstaller.UninstallAppProgress (has extras)} from uid 10032 on display 0
12-13 12:44:56.271   798   812 I ActivityManager: Force stopping com.antivirus appid=10087 user=-1: uninstall pkg
12-13 12:44:56.271   798   812 I ActivityManager: Killing 10406:com.antivirus/u0a87 (adj 9): stop com.antivirus
12-13 12:44:56.315   798   826 I PackageManager: Removing old permission: com.antivirus.permission.C2D_MESSAGE from package com.antivirus
12-13 12:44:56.397   798   812 W ActivityManager: Scheduling restart of crashed service com.antivirus/.libbillingapp.BillingAppService in 1000ms
12-13 12:44:56.398   798   812 I ActivityManager:   Force stopping service ServiceRecord{3fc8174 u0 com.antivirus/.libbillingapp.BillingAppService}
12-13 12:44:56.400   798   810 W ActivityManager: Spurious death for ProcessRecord{7466fd8 0:com.antivirus/u0a87}, curProc for 10406: null
12-13 12:44:56.525   798   826 W PackageManager: Couldn't remove dex file for package:  at location /data/app/com.antivirus-2/base.apk, retcode=-1
12-13 12:44:56.530   798   826 I ActivityManager: Force stopping com.antivirus appid=10087 user=0: pkg removed
12-13 12:44:56.621 10298 10298 W ContextImpl: Calling a method in the system process without a qualified user: android.app.ContextImpl.startService:1231 android.content.ContextWrapper.startService:587 android.content.ContextWrapper.startService:587 org.cyanogenmod.providers.datausage.DataUsageAppInstallReceiver.onReceive:47 android.app.ActivityThread.handleReceiver:2759 
12-13 12:44:56.693 10315 10315 W ContextImpl: Calling a method in the system process without a qualified user: android.app.ContextImpl.startService:1231 android.content.ContextWrapper.startService:587 android.content.ContextWrapper.startService:587 com.android.keychain.KeyChainBroadcastReceiver.onReceive:12 android.app.ActivityThread.handleReceiver:2759 
12-13 12:44:56.704   798   798 D JobSchedulerService: Receieved: android.intent.action.PACKAGE_REMOVED
12-13 12:44:56.939 10298 10298 W ContextImpl: Calling a method in the system process without a qualified user: android.app.ContextImpl.startService:1231 android.content.ContextWrapper.startService:587 android.content.ContextWrapper.startService:587 org.cyanogenmod.providers.datausage.DataUsageAppInstallReceiver.onReceive:47 android.app.ActivityThread.handleReceiver:2759 
12-13 12:44:57.012   798   810 I ActivityManager: Start proc 11391:com.android.documentsui/u0a41 for broadcast com.android.documentsui/.PackageReceiver
12-13 12:44:57.099   798  1017 I ActivityManager: Start proc 11405:com.android.externalstorage/u0a10 for content provider com.android.externalstorage/.ExternalStorageProvider
12-13 12:44:57.184   798   810 I ActivityManager: Start proc 11420:com.android.shell/2000 for content provider com.android.shell/.BugreportStorageProvider
12-13 12:44:57.501   798   916 D ConnectivityService: notifyType CAP_CHANGED for NetworkAgentInfo [WIFI () - 411]
12-13 12:44:57.502   798   916 D ConnectivityService: updateNetworkScore for NetworkAgentInfo [WIFI () - 411] to 60
12-13 12:45:00.519   798   916 D ConnectivityService: updateNetworkScore for NetworkAgentInfo [WIFI () - 411] to 56
12-13 12:45:01.110   798 23060 I ActivityManager: START u0 {act=android.intent.action.DELETE dat=package:com.s.antivirus flg=0x10800000 cmp=com.google.android.packageinstaller/com.android.packageinstaller.UninstallerActivity (has extras)} from uid 10027 on display 0
12-13 12:45:01.948   798  1016 I ActivityManager: START u0 {act=android.intent.action.VIEW cmp=com.google.android.packageinstaller/com.android.packageinstaller.UninstallAppProgress (has extras)} from uid 10032 on display 0
12-13 12:45:02.000   798   812 I ActivityManager: Force stopping com.s.antivirus appid=10086 user=-1: uninstall pkg
12-13 12:45:02.002   798   812 I ActivityManager: Killing 4741:com.s.antivirus/u0a86 (adj 9): stop com.s.antivirus
12-13 12:45:02.011   798   826 I PackageManager: Removing old permission: com.s.antivirus.permission.C2D_MESSAGE from package com.s.antivirus
12-13 12:45:02.050   798  1018 I WindowState: WIN DEATH: Window{3d0711d u0 com.s.antivirus/com.antivirus.libbillingapp.main.BillingMainActivity}
12-13 12:45:02.050   798  1691 D ConnectivityService: ConnectivityService NetworkRequestInfo binderDied(NetworkRequest [ id=34, legacyType=-1, [ Capabilities: INTERNET&NOT_RESTRICTED&TRUSTED&NOT_VPN] ], android.os.BinderProxy@a8caf41)
12-13 12:45:02.050   798   916 D ConnectivityService: releasing NetworkRequest NetworkRequest [ id=34, legacyType=-1, [ Capabilities: INTERNET&NOT_RESTRICTED&TRUSTED&NOT_VPN] ]
12-13 12:45:02.050   798  1691 D ConnectivityService: ConnectivityService NetworkRequestInfo binderDied(NetworkRequest [ id=29, legacyType=-1, [ Capabilities: INTERNET&NOT_RESTRICTED&TRUSTED&NOT_VPN] ], android.os.BinderProxy@8929ce6)
12-13 12:45:02.052   798   916 E ConnectivityService: RemoteException caught trying to send a callback msg for NetworkRequest [ id=34, legacyType=-1, [ Capabilities: INTERNET&NOT_RESTRICTED&TRUSTED&NOT_VPN] ]
12-13 12:45:02.052   798   916 D ConnectivityService: releasing NetworkRequest NetworkRequest [ id=29, legacyType=-1, [ Capabilities: INTERNET&NOT_RESTRICTED&TRUSTED&NOT_VPN] ]
12-13 12:45:02.052   798   916 E ConnectivityService: RemoteException caught trying to send a callback msg for NetworkRequest [ id=29, legacyType=-1, [ Capabilities: INTERNET&NOT_RESTRICTED&TRUSTED&NOT_VPN] ]
12-13 12:45:02.087   798   812 W ActivityManager: Scheduling restart of crashed service com.s.antivirus/com.antivirus.libbillingapp.BillingAppService in 1000ms
12-13 12:45:02.089   798   812 I ActivityManager:   Force finishing activity ActivityRecord{8cc1e18 u0 com.s.antivirus/com.antivirus.libbillingapp.main.BillingMainActivity t51}
12-13 12:45:02.091   798   812 I ActivityManager:   Force stopping service ServiceRecord{bc3622e u0 com.s.antivirus/com.antivirus.libbillingapp.BillingAppService}
12-13 12:45:02.094   798  1691 W ActivityManager: Spurious death for ProcessRecord{862b2de 0:com.s.antivirus/u0a86}, curProc for 4741: null
12-13 12:45:02.233   798   826 W PackageManager: Couldn't remove dex file for package:  at location /data/app/com.s.antivirus-1/base.apk, retcode=-1
12-13 12:45:02.268   798   826 I ActivityManager: Force stopping com.s.antivirus appid=10086 user=0: pkg removed
12-13 12:45:02.318 10298 10298 W ContextImpl: Calling a method in the system process without a qualified user: android.app.ContextImpl.startService:1231 android.content.ContextWrapper.startService:587 android.content.ContextWrapper.startService:587 org.cyanogenmod.providers.datausage.DataUsageAppInstallReceiver.onReceive:47 android.app.ActivityThread.handleReceiver:2759 
12-13 12:45:02.406 10315 10315 W ContextImpl: Calling a method in the system process without a qualified user: android.app.ContextImpl.startService:1231 android.content.ContextWrapper.startService:587 android.content.ContextWrapper.startService:587 com.android.keychain.KeyChainBroadcastReceiver.onReceive:12 android.app.ActivityThread.handleReceiver:2759 
12-13 12:45:02.419   798   798 D JobSchedulerService: Receieved: android.intent.action.PACKAGE_REMOVED
12-13 12:45:02.589 10298 10298 W ContextImpl: Calling a method in the system process without a qualified user: android.app.ContextImpl.startService:1231 android.content.ContextWrapper.startService:587 android.content.ContextWrapper.startService:587 org.cyanogenmod.providers.datausage.DataUsageAppInstallReceiver.onReceive:47 android.app.ActivityThread.handleReceiver:2759 
12-13 12:45:03.536   798   916 D ConnectivityService: updateNetworkScore for NetworkAgentInfo [WIFI () - 411] to 60
12-13 12:45:06.552   798   916 D ConnectivityService: updateNetworkScore for NetworkAgentInfo [WIFI () - 411] to 56
12-13 12:45:12.613   798   916 D ConnectivityService: notifyType CAP_CHANGED for NetworkAgentInfo [WIFI () - 411]
12-13 12:45:17.517   798   810 I ActivityManager: Killing 10392:com.google.android.partnersetup/u0a30 (adj 15): empty #17
12-13 12:45:27.184   798 23060 I ActivityManager: Killing 10423:com.svox.pico/u0a58 (adj 15): empty #17
12-13 12:45:58.600   798   916 D ConnectivityService: notifyType CAP_CHANGED for NetworkAgentInfo [WIFI () - 411]
12-13 12:46:04.075   798   916 D ConnectivityService: notifyType CAP_CHANGED for NetworkAgentInfo [WIFI () - 411]
12-13 12:46:07.133   798   916 D ConnectivityService: notifyType CAP_CHANGED for NetworkAgentInfo [WIFI () - 411]
12-13 12:46:14.457   798   822 I PowerManagerService: Going to sleep due to screen timeout (uid 1000)...
12-13 12:46:15.067   798   817 I DisplayManagerService: Display device changed state: "Built-in Screen", OFF
12-13 12:46:15.349   798   822 I PowerManagerService: Sleeping (uid 1000)...
12-13 12:46:17.351   798   822 W PowerManagerService: Sandman unresponsive, releasing suspend blocker
12-13 12:48:22.662  8021  8032 D DefContainer: Copying /data/local/tmp/com.antivirus to base.apk
12-13 12:48:23.667   798   826 W PackageManager: Unknown permission android.permisssion.ACCESS_COARSE_LOCATION in package com.antivirus
12-13 12:48:23.739   798   826 V BackupManagerService: restoreAtInstall pkg=com.antivirus token=13 restoreSet=0
12-13 12:48:23.739   798   826 V BackupManagerService: Finishing install immediately
12-13 12:48:23.906 10298 10298 W ContextImpl: Calling a method in the system process without a qualified user: android.app.ContextImpl.startService:1231 android.content.ContextWrapper.startService:587 android.content.ContextWrapper.startService:587 org.cyanogenmod.providers.datausage.DataUsageAppInstallReceiver.onReceive:47 android.app.ActivityThread.handleReceiver:2759 
12-13 12:48:23.957   798   811 W VoiceInteractionManagerService: no available voice recognition services found for user 0
12-13 12:48:24.332   798  1016 I ActivityManager: Start proc 11749:com.google.android.partnersetup/u0a30 for broadcast com.google.android.partnersetup/.RlzPingBroadcastReceiver
12-13 12:48:24.396   798  1691 I ActivityManager: Start proc 11770:com.svox.pico/u0a58 for broadcast com.svox.pico/.VoiceDataInstallerReceiver
12-13 12:48:24.407   798 23060 I ActivityManager: Killing 11048:com.cyanogenmod.updater/u0a3 (adj 15): empty #17
12-13 12:48:24.687   798  1016 I ActivityManager: START u0 {act=android.intent.action.MAIN cat=[android.intent.category.LAUNCHER] flg=0x10000000 cmp=com.antivirus/.libbillingapp.main.BillingMainActivity} from uid 2000 on display 0
12-13 12:48:24.706   798  1016 I ActivityManager: Start proc 11813:com.antivirus/u0a89 for activity com.antivirus/.libbillingapp.main.BillingMainActivity
12-13 12:48:25.231   798   812 W ActivityManager: Activity pause timeout for ActivityRecord{fe6349d u0 com.antivirus/.libbillingapp.main.BillingMainActivity t61}
12-13 12:48:35.233   798   812 W ActivityManager: Activity stop timeout for ActivityRecord{fe6349d u0 com.antivirus/.libbillingapp.main.BillingMainActivity t61}
12-13 12:48:50.497   798 23066 I ActivityManager: Killing 11405:com.android.externalstorage/u0a10 (adj 15): empty #17
12-13 12:48:51.209   798 23065 I ActivityManager: Activity reported stop, but no longer stopping: ActivityRecord{fe6349d u0 com.antivirus/.libbillingapp.main.BillingMainActivity t61}
12-13 12:48:51.754   798 23065 W SettingsProvider: You shouldn't keep your settings in the secure settings. This will soon become an error.
12-13 12:49:00.850 10298 10298 W ContextImpl: Calling a method in the system process without a qualified user: android.app.ContextImpl.startService:1231 android.content.ContextWrapper.startService:587 android.content.ContextWrapper.startService:587 org.cyanogenmod.providers.datausage.DataUsageAppInstallReceiver.onReceive:47 android.app.ActivityThread.handleReceiver:2759 
12-13 12:49:30.371   798 23060 D ConnectivityService: listenForNetwork for Listen from uid/pid:10089/11813 for NetworkRequest [ id=36, legacyType=-1, [ Capabilities: INTERNET&NOT_RESTRICTED&TRUSTED&NOT_VPN] ]
12-13 12:49:30.420   798 23065 D ConnectivityService: listenForNetwork for Listen from uid/pid:10089/11813 for NetworkRequest [ id=37, legacyType=-1, [ Capabilities: INTERNET&NOT_RESTRICTED&TRUSTED&NOT_VPN] ]
12-13 12:54:07.114   798   812 I ProcessStatsService: Prepared write state in 30ms
12-13 12:54:07.114   798   812 I ProcessStatsService: Prepared write state in 0ms
12-13 12:54:07.213   798   811 I ProcessStatsService: Pruning old procstats: /data/system/procstats/state-2016-12-12-06-46-16.bin
12-13 13:04:45.503   798   811 I UsageStatsService: User[0] Flushing usage stats to disk
12-13 13:16:08.917   798   810 D ConnectivityService: reportNetworkConnectivity(411, false) by 10014
12-13 13:16:08.928   798   916 D ConnectivityService: NetworkAgentInfo [WIFI () - 411] validation failed
12-13 13:16:08.928   798   916 D ConnectivityService: notifyType CAP_CHANGED for NetworkAgentInfo [WIFI () - 411]
12-13 13:16:08.929   798   916 D ConnectivityService: sendStickyBroadcast: action=android.net.conn.INET_CONDITION_ACTION
12-13 13:16:08.940   798   916 D ConnectivityService: notifyType CAP_CHANGED for NetworkAgentInfo [WIFI () - 411]
12-13 13:16:08.963   798   812 I ActivityManager: Killing 11391:com.android.documentsui/u0a41 (adj 13): empty for 1866s
12-13 13:16:08.967   798   916 D ConnectivityService: NetworkAgentInfo [WIFI () - 411] EVENT_NETWORK_INFO_CHANGED, going from CONNECTED to DISCONNECTED
12-13 13:16:08.967   798   916 D ConnectivityService: NetworkAgentInfo [WIFI () - 411] got DISCONNECTED, was satisfying 6
12-13 13:16:09.007   798   812 I ActivityManager: Killing 11320:com.google.android.packageinstaller/u0a32 (adj 15): empty for 1866s
12-13 13:16:09.028   798   812 I ActivityManager: Killing 10315:com.android.keychain/1000 (adj 15): empty for 1866s
12-13 13:16:09.742   798   812 I ActivityManager: Killing 11420:com.android.shell/2000 (adj 15): empty for 1871s
12-13 13:16:09.779   798   916 D ConnectivityService: notifyType LOST for NetworkAgentInfo [WIFI () - 411]
12-13 13:16:09.899   798   916 D CSLegacyTypeTracker: Sending DISCONNECTED broadcast for type 1 NetworkAgentInfo [WIFI () - 411] isDefaultNetwork=true
12-13 13:16:09.899   798   916 D ConnectivityService: sendStickyBroadcast: action=android.net.conn.CONNECTIVITY_CHANGE
12-13 13:16:09.938   798  2368 I ActivityManager: Start proc 13394:com.cyanogenmod.updater/u0a3 for broadcast com.cyanogenmod.updater/.receiver.UpdateCheckReceiver
12-13 13:16:09.954   798   916 D ConnectivityService: setProvNotificationVisibleIntent null visible=false networkType=MOBILE extraInfo=null highPriority=false
